| 494573 |    9 | 9141032398@qq.com | tom250715 |
| 494574 |    9 | 9141143895@qq.com | tom226870 |
| 494575 |    9 | 9141175758@qq.com | tom453319 |
| 494576 |    9 | 9141180124@qq.com | tom246374 |
| 494577 |    9 | 9141195013@qq.com | tom150414 |
| 494578 |    9 | 9141489291@qq.com | tom304735 |
| 494579 |    9 | 9141547497@qq.com | tom30537  |
| 494580 |    9 | 9141584839@qq.com | tom27185  |
| 494581 |    9 | 9141606903@qq.com | tom249408 |
| 494582 |    9 | 9141771351@qq.com | tom381938 |
| 494583 |    9 | 9141972619@qq.com | tom1480   |
| 494584 |    9 | 9142705964@qq.com | tom19113  |
| 494585 |    9 | 9143017999@qq.com | tom302338 |
| 494586 |    9 | 9143081077@qq.com | tom72046  |
| 494587 |    9 | 9143192275@qq.com | tom10824  |
| 494588 |    9 | 9143452242@qq.com | tom275710 |
| 494589 |    9 | 9143471470@qq.com | tom359794 |
| 494590 |    9 | 9143487237@qq.com | tom213248 |
| 494591 |    9 | 9143503476@qq.com | tom171673 |
| 494592 |    9 | 9143529523@qq.com | tom269463 |
| 494593 |    9 | 9143659149@qq.com | tom339610 |
| 494594 |    9 | 9143685553@qq.com | tom112465 |
| 494595 |    9 | 9143692949@qq.com | tom295528 |
| 494596 |    9 | 9143734242@qq.com | tom105613 |
| 494597 |    9 | 9143766327@qq.com | tom55592  |
| 494598 |    9 | 9144350527@qq.com | tom134508 |
| 494599 |    9 | 9144379527@qq.com | tom381733 |
| 494600 |    9 | 9144390539@qq.com | tom285677 |
| 494601 |    9 | 9144888310@qq.com | tom45603  |
| 494602 |    9 | 9144945047@qq.com | tom187608 |
| 494603 |    9 | 9145224334@qq.com | tom261449 |
| 494604 |    9 | 9145573708@qq.com | tom229721 |
| 494605 |    9 | 9145641067@qq.com | tom222145 |
| 494606 |    9 | 9146002025@qq.com | tom491109 |
| 494607 |    9 | 9146085613@qq.com | tom167057 |
| 494608 |    9 | 9146227296@qq.com | tom148514 |
| 494609 |    9 | 9146244031@qq.com | tom283700 |
| 494610 |    9 | 9146435507@qq.com | tom427772 |
| 494611 |    9 | 9146502851@qq.com | tom457193 |
| 494612 |    9 | 9146533318@qq.com | tom301519 |
| 494613 |    9 | 9146561384@qq.com | tom97772  |
| 494614 |    9 | 9146563319@qq.com | tom157712 |
| 494615 |    9 | 9146740009@qq.com | tom24452  |
| 494616 |    9 | 9147227937@qq.com | tom43303  |
| 494617 |    9 | 9147588979@qq.com | tom122067 |
| 494618 |    9 | 9147599598@qq.com | tom358820 |
| 494619 |    9 | 9147709231@qq.com | tom355011 |
| 494620 |    9 | 9147907644@qq.com | tom465302 |
| 494621 |    9 | 9147936977@qq.com | tom238715 |
| 494622 |    9 | 9148105259@qq.com | tom441534 |
| 494623 |    9 | 9148135578@qq.com | tom258889 |
| 494624 |    9 | 9148897698@qq.com | tom479801 |
| 494625 |    9 | 9149093105@qq.com | tom155980 |
| 494626 |    9 | 9149165118@qq.com | tom224525 |
| 494627 |    9 | 9149217293@qq.com | tom96290  |
| 494628 |    9 | 9149252651@qq.com | tom456990 |
| 494629 |    9 | 9149268524@qq.com | tom152759 |
| 494630 |    9 | 9149394979@qq.com | tom87737  |
| 494631 |    9 | 9149588484@qq.com | tom24363  |
| 494632 |    9 | 9149638234@qq.com | tom420731 |
| 494633 |    9 | 9150163636@qq.com | tom314059 |
| 494634 |    9 | 9150178887@qq.com | tom337101 |
| 494635 |    9 | 9150202211@qq.com | tom167843 |
| 494636 |    9 | 9150204706@qq.com | tom238599 |
| 494637 |    9 | 9150308840@qq.com | tom90110  |
| 494638 |    9 | 9150341894@qq.com | tom73909  |
| 494639 |    9 | 9150393918@qq.com | tom327204 |
| 494640 |    9 | 9150400600@qq.com | tom403647 |
| 494641 |    9 | 9150402604@qq.com | tom466858 |
| 494642 |    9 | 9150989334@qq.com | tom431763 |
| 494643 |    9 | 9151292743@qq.com | tom448620 |
| 494644 |    9 | 9151492652@qq.com | tom260233 |
| 494645 |    9 | 9151555375@qq.com | tom14103  |
| 494646 |    9 | 9151697443@qq.com | tom299988 |
| 494647 |    9 | 9151766693@qq.com | tom163434 |
| 494648 |    9 | 9151954137@qq.com | tom466191 |
| 494649 |    9 | 9152195171@qq.com | tom399865 |
| 494650 |    9 | 9152456794@qq.com | tom446021 |
| 494651 |    9 | 9152542490@qq.com | tom250563 |
| 494652 |    9 | 9152788230@qq.com | tom43887  |
| 494653 |    9 | 9152925248@qq.com | tom466190 |
| 494654 |    9 | 9153227294@qq.com | tom328290 |
| 494655 |    9 | 9153322668@qq.com | tom160680 |
| 494656 |    9 | 9153440380@qq.com | tom177632 |
| 494657 |    9 | 9153451016@qq.com | tom67086  |
| 494658 |    9 | 9153452476@qq.com | tom237843 |
| 494659 |    9 | 9153546122@qq.com | tom316356 |
| 494660 |    9 | 9153725301@qq.com | tom489588 |
| 494661 |    9 | 9153950948@qq.com | tom116498 |
| 494662 |    9 | 9154370490@qq.com | tom481942 |
| 494663 |    9 | 9154501832@qq.com | tom71440  |
| 494664 |    9 | 9154507430@qq.com | tom98524  |
| 494665 |    9 | 9154865581@qq.com | tom411067 |
| 494666 |    9 | 9154977903@qq.com | tom34877  |
| 494667 |    9 | 9155047248@qq.com | tom114262 |
| 494668 |    9 | 9155609722@qq.com | tom26688  |
| 494669 |    9 | 9155862318@qq.com | tom121598 |
| 494670 |    9 | 9155974599@qq.com | tom215641 |
| 494671 |    9 | 9155988883@qq.com | tom192280 |
| 494672 |    9 | 9156128750@qq.com | tom146566 |
| 494673 |    9 | 9156251530@qq.com | tom352626 |
| 494674 |    9 | 9156344270@qq.com | tom267185 |
| 494675 |    9 | 9156426131@qq.com | tom406268 |
| 494676 |    9 | 9156505829@qq.com | tom268048 |
| 494677 |    9 | 9156527405@qq.com | tom152159 |
| 494678 |    9 | 9156559685@qq.com | tom233426 |
| 494679 |    9 | 9156772843@qq.com | tom161669 |
| 494680 |    9 | 9157153376@qq.com | tom193522 |
| 494681 |    9 | 9157167088@qq.com | tom79876  |
| 494682 |    9 | 9157174610@qq.com | tom434840 |
| 494683 |    9 | 9157262332@qq.com | tom378048 |
| 494684 |    9 | 9157296160@qq.com | tom387809 |
| 494685 |    9 | 9157504315@qq.com | tom359585 |
| 494686 |    9 | 9157552088@qq.com | tom456064 |
| 494687 |    9 | 9157735028@qq.com | tom324189 |
| 494688 |    9 | 9158174633@qq.com | tom309415 |
| 494689 |    9 | 9158202121@qq.com | tom150224 |
| 494690 |    9 | 9158283633@qq.com | tom466842 |
| 494691 |    9 | 9158431826@qq.com | tom30168  |
| 494692 |    9 | 9158473990@qq.com | tom216013 |
| 494693 |    9 | 9158518876@qq.com | tom36508  |
| 494694 |    9 | 9158564918@qq.com | tom200897 |
| 494695 |    9 | 9158858535@qq.com | tom95331  |
| 494696 |    9 | 9158945920@qq.com | tom226822 |
| 494697 |    9 | 9159078992@qq.com | tom294270 |
| 494698 |    9 | 9159279029@qq.com | tom321206 |
| 494699 |    9 | 9159394310@qq.com | tom284207 |
| 494700 |    9 | 9159482532@qq.com | tom422083 |
| 494701 |    9 | 9159738901@qq.com | tom95612  |
| 494702 |    9 | 9159989019@qq.com | tom438224 |
| 494703 |    9 | 9160197397@qq.com | tom362888 |
| 494704 |    9 | 9160329165@qq.com | tom387132 |
| 494705 |    9 | 9160788716@qq.com | tom309450 |
| 494706 |    9 | 9160945696@qq.com | tom104538 |
| 494707 |    9 | 9161131725@qq.com | tom499374 |
| 494708 |    9 | 9161185469@qq.com | tom403772 |
| 494709 |    9 | 9161259676@qq.com | tom390853 |
| 494710 |    9 | 9161284571@qq.com | tom133392 |
| 494711 |    9 | 9161354054@qq.com | tom208538 |
| 494712 |    9 | 9161439368@qq.com | tom177560 |
| 494713 |    9 | 9161875247@qq.com | tom432405 |
| 494714 |    9 | 9161901603@qq.com | tom99850  |
| 494715 |    9 | 9162482682@qq.com | tom39767  |
| 494716 |    9 | 9162653999@qq.com | tom109739 |
| 494717 |    9 | 9162729182@qq.com | tom166853 |
| 494718 |    9 | 9162806200@qq.com | tom462815 |
| 494719 |    9 | 9162849975@qq.com | tom56869  |
| 494720 |    9 | 9162865554@qq.com | tom367213 |
| 494721 |    9 | 9163000281@qq.com | tom266838 |
| 494722 |    9 | 9163165391@qq.com | tom35631  |
| 494723 |    9 | 9163287502@qq.com | tom107769 |
| 494724 |    9 | 9163585138@qq.com | tom196141 |
| 494725 |    9 | 9163900934@qq.com | tom97788  |
| 494726 |    9 | 9163985603@qq.com | tom291592 |
| 494727 |    9 | 9164012707@qq.com | tom70844  |
| 494728 |    9 | 9164473390@qq.com | tom124754 |
| 494729 |    9 | 9164705669@qq.com | tom56619  |
| 494730 |    9 | 9164743576@qq.com | tom413531 |
| 494731 |    9 | 9164753701@qq.com | tom189451 |
| 494732 |    9 | 9164817631@qq.com | tom149562 |
| 494733 |    9 | 9165097000@qq.com | tom134861 |
| 494734 |    9 | 9165689698@qq.com | tom304631 |
| 494735 |    9 | 9166115070@qq.com | tom8692   |
| 494736 |    9 | 9166310150@qq.com | tom38218  |
| 494737 |    9 | 9166765301@qq.com | tom198860 |
| 494738 |    9 | 9166848293@qq.com | tom422514 |
| 494739 |    9 | 9167147857@qq.com | tom48676  |
| 494740 |    9 | 9167372332@qq.com | tom258468 |
| 494741 |    9 | 9167384481@qq.com | tom52972  |
| 494742 |    9 | 9167636851@qq.com | tom418342 |
| 494743 |    9 | 9167781929@qq.com | tom280075 |
| 494744 |    9 | 9168473460@qq.com | tom203763 |
| 494745 |    9 | 9168778716@qq.com | tom320483 |
| 494746 |    9 | 9169135299@qq.com | tom31794  |
| 494747 |    9 | 9169379778@qq.com | tom406203 |
| 494748 |    9 | 9169443955@qq.com | tom471618 |
| 494749 |    9 | 9169455082@qq.com | tom482365 |
| 494750 |    9 | 9169844645@qq.com | tom190666 |
| 494751 |    9 | 9170057325@qq.com | tom330799 |
| 494752 |    9 | 9170138675@qq.com | tom381780 |
| 494753 |    9 | 9170238868@qq.com | tom96655  |
| 494754 |    9 | 9170380235@qq.com | tom242852 |
| 494755 |    9 | 9170611419@qq.com | tom451345 |
| 494756 |    9 | 9170637257@qq.com | tom473977 |
| 494757 |    9 | 9170868619@qq.com | tom245487 |
| 494758 |    9 | 9170940320@qq.com | tom258510 |
| 494759 |    9 | 9170951899@qq.com | tom479069 |
| 494760 |    9 | 9170959503@qq.com | tom403248 |
| 494761 |    9 | 9170969388@qq.com | tom85336  |
| 494762 |    9 | 9171476223@qq.com | tom361895 |
| 494763 |    9 | 9171749946@qq.com | tom338215 |
| 494764 |    9 | 9171771132@qq.com | tom83188  |
| 494765 |    9 | 9171835742@qq.com | tom266456 |
| 494766 |    9 | 9172102661@qq.com | tom479895 |
| 494767 |    9 | 9172325799@qq.com | tom70052  |
| 494768 |    9 | 9172710735@qq.com | tom392900 |
| 494769 |    9 | 9172943266@qq.com | tom96423  |
| 494770 |    9 | 9172961962@qq.com | tom398415 |
| 494771 |    9 | 9173003546@qq.com | tom388097 |
| 494772 |    9 | 9173165961@qq.com | tom389474 |
| 494773 |    9 | 9173279329@qq.com | tom420694 |
| 494774 |    9 | 9173515497@qq.com | tom146253 |
| 494775 |    9 | 9173755023@qq.com | tom322777 |
| 494776 |    9 | 9173978059@qq.com | tom131129 |
| 494777 |    9 | 9174577607@qq.com | tom89334  |
| 494778 |    9 | 9174682425@qq.com | tom346019 |
| 494779 |    9 | 9174907271@qq.com | tom451278 |
| 494780 |    9 | 9175188944@qq.com | tom107176 |
| 494781 |    9 | 9175739217@qq.com | tom68177  |
| 494782 |    9 | 9175819480@qq.com | tom524    |
| 494783 |    9 | 9175992584@qq.com | tom398220 |
| 494784 |    9 | 9176077413@qq.com | tom125567 |
| 494785 |    9 | 9176086823@qq.com | tom23699  |
| 494786 |    9 | 9176264018@qq.com | tom316987 |
| 494787 |    9 | 9176343509@qq.com | tom423744 |
| 494788 |    9 | 9176454449@qq.com | tom410278 |
| 494789 |    9 | 9176458575@qq.com | tom110125 |
| 494790 |    9 | 9177133340@qq.com | tom291487 |
| 494791 |    9 | 9177249418@qq.com | tom120816 |
| 494792 |    9 | 9177279840@qq.com | tom11836  |
| 494793 |    9 | 9177319442@qq.com | tom23480  |
| 494794 |    9 | 9177342603@qq.com | tom256598 |
| 494795 |    9 | 9177365592@qq.com | tom398294 |
| 494796 |    9 | 9177445838@qq.com | tom382654 |
| 494797 |    9 | 9177864372@qq.com | tom453434 |
| 494798 |    9 | 9178210801@qq.com | tom271472 |
| 494799 |    9 | 9178389433@qq.com | tom314269 |
| 494800 |    9 | 9178434804@qq.com | tom125459 |
| 494801 |    9 | 9178439062@qq.com | tom495472 |
| 494802 |    9 | 9178767495@qq.com | tom347377 |
| 494803 |    9 | 9178855528@qq.com | tom70204  |
| 494804 |    9 | 9178892486@qq.com | tom126753 |
| 494805 |    9 | 9179126871@qq.com | tom281339 |
| 494806 |    9 | 9179204583@qq.com | tom428528 |
| 494807 |    9 | 9179556361@qq.com | tom113021 |
| 494808 |    9 | 9179562530@qq.com | tom302577 |
| 494809 |    9 | 9179721091@qq.com | tom18119  |
| 494810 |    9 | 9179957381@qq.com | tom34499  |
| 494811 |    9 | 9180081490@qq.com | tom342590 |
| 494812 |    9 | 9180133298@qq.com | tom138886 |
| 494813 |    9 | 9180320603@qq.com | tom414985 |
| 494814 |    9 | 9180326433@qq.com | tom185718 |
| 494815 |    9 | 9180478669@qq.com | tom149479 |
| 494816 |    9 | 9180552627@qq.com | tom442744 |
| 494817 |    9 | 9180608504@qq.com | tom97500  |
| 494818 |    9 | 9180723042@qq.com | tom388393 |
| 494819 |    9 | 9180923221@qq.com | tom112777 |
| 494820 |    9 | 9181084596@qq.com | tom267312 |
| 494821 |    9 | 9181121277@qq.com | tom93414  |
| 494822 |    9 | 9181149421@qq.com | tom284916 |
| 494823 |    9 | 9181517722@qq.com | tom334853 |
| 494824 |    9 | 9181540499@qq.com | tom416230 |
| 494825 |    9 | 9181542253@qq.com | tom51050  |
| 494826 |    9 | 9181782407@qq.com | tom199577 |
| 494827 |    9 | 9181834595@qq.com | tom412796 |
| 494828 |    9 | 9182042148@qq.com | tom240244 |
| 494829 |    9 | 9182075630@qq.com | tom372580 |
| 494830 |    9 | 9182674500@qq.com | tom484462 |
| 494831 |    9 | 9182849302@qq.com | tom463153 |
| 494832 |    9 | 9183687687@qq.com | tom330643 |
| 494833 |    9 | 9183712962@qq.com | tom910    |
| 494834 |    9 | 9183904437@qq.com | tom267586 |
| 494835 |    9 | 9184136022@qq.com | tom496115 |
| 494836 |    9 | 9184275703@qq.com | tom222727 |
| 494837 |    9 | 9184389213@qq.com | tom151266 |
| 494838 |    9 | 9184568544@qq.com | tom302151 |
| 494839 |    9 | 9184720468@qq.com | tom297746 |
| 494840 |    9 | 9184936655@qq.com | tom234784 |
| 494841 |    9 | 9185221746@qq.com | tom473285 |
| 494842 |    9 | 9185251051@qq.com | tom79205  |
| 494843 |    9 | 9185272768@qq.com | tom163447 |
| 494844 |    9 | 9185486817@qq.com | tom255112 |
| 494845 |    9 | 9185585151@qq.com | tom58381  |
| 494846 |    9 | 9185587216@qq.com | tom18947  |
| 494847 |    9 | 9185777047@qq.com | tom195581 |
| 494848 |    9 | 9185783483@qq.com | tom457917 |
| 494849 |    9 | 9185809822@qq.com | tom451742 |
| 494850 |    9 | 9186038012@qq.com | tom337774 |
| 494851 |    9 | 9186174631@qq.com | tom100371 |
| 494852 |    9 | 9186289212@qq.com | tom259461 |
| 494853 |    9 | 9186388518@qq.com | tom186752 |
| 494854 |    9 | 9186527526@qq.com | tom273698 |
| 494855 |    9 | 9186649593@qq.com | tom324504 |
| 494856 |    9 | 9186702990@qq.com | tom184155 |
| 494857 |    9 | 9186881868@qq.com | tom261707 |
| 494858 |    9 | 9187014500@qq.com | tom121951 |
| 494859 |    9 | 9187184559@qq.com | tom485314 |
| 494860 |    9 | 9187206920@qq.com | tom231437 |
| 494861 |    9 | 9187214091@qq.com | tom162155 |
| 494862 |    9 | 9187283393@qq.com | tom254239 |
| 494863 |    9 | 9187417598@qq.com | tom86992  |
| 494864 |    9 | 9187750080@qq.com | tom413965 |
| 494865 |    9 | 9187788526@qq.com | tom80528  |
| 494866 |    9 | 9188088469@qq.com | tom449203 |
| 494867 |    9 | 9188220715@qq.com | tom32734  |
| 494868 |    9 | 9188241489@qq.com | tom280346 |
| 494869 |    9 | 9188351810@qq.com | tom249609 |
| 494870 |    9 | 9188455264@qq.com | tom253756 |
| 494871 |    9 | 9189030139@qq.com | tom408497 |
| 494872 |    9 | 9189427583@qq.com | tom229326 |
| 494873 |    9 | 9189617261@qq.com | tom162598 |
| 494874 |    9 | 9189884273@qq.com | tom190648 |
| 494875 |    9 | 9190250536@qq.com | tom441073 |
| 494876 |    9 | 9190398372@qq.com | tom333390 |
| 494877 |    9 | 9190492020@qq.com | tom176902 |
| 494878 |    9 | 9191051895@qq.com | tom446951 |
| 494879 |    9 | 9191429875@qq.com | tom273119 |
| 494880 |    9 | 9191708549@qq.com | tom297881 |
| 494881 |    9 | 9191731983@qq.com | tom283097 |
| 494882 |    9 | 9192372950@qq.com | tom150905 |
| 494883 |    9 | 9192471584@qq.com | tom391659 |
| 494884 |    9 | 9192853246@qq.com | tom285551 |
| 494885 |    9 | 9192879966@qq.com | tom71266  |
| 494886 |    9 | 9193054553@qq.com | tom55299  |
| 494887 |    9 | 9193130242@qq.com | tom394127 |
| 494888 |    9 | 9193454956@qq.com | tom378256 |
| 494889 |    9 | 9193467908@qq.com | tom84079  |
| 494890 |    9 | 9193471341@qq.com | tom325026 |
| 494891 |    9 | 9193483244@qq.com | tom314916 |
| 494892 |    9 | 9193583811@qq.com | tom230469 |
| 494893 |    9 | 9193668731@qq.com | tom53823  |
| 494894 |    9 | 9194761942@qq.com | tom165603 |
| 494895 |    9 | 9194994105@qq.com | tom70417  |
| 494896 |    9 | 9195125661@qq.com | tom119614 |
| 494897 |    9 | 9195230022@qq.com | tom465280 |
| 494898 |    9 | 9195241811@qq.com | tom424972 |
| 494899 |    9 | 9195513609@qq.com | tom317862 |
| 494900 |    9 | 9195794733@qq.com | tom113567 |
| 494901 |    9 | 9195907857@qq.com | tom281542 |
| 494902 |    9 | 9196123281@qq.com | tom403402 |
| 494903 |    9 | 9196710981@qq.com | tom219279 |
| 494904 |    9 | 9196712359@qq.com | tom40514  |
| 494905 |    9 | 9196828081@qq.com | tom449404 |
| 494906 |    9 | 9197178186@qq.com | tom238105 |
| 494907 |    9 | 9197386676@qq.com | tom116140 |
| 494908 |    9 | 9197517051@qq.com | tom108918 |
| 494909 |    9 | 9197583475@qq.com | tom388487 |
| 494910 |    9 | 9197644724@qq.com | tom285044 |
| 494911 |    9 | 9198245519@qq.com | tom75900  |
| 494912 |    9 | 9198318006@qq.com | tom416350 |
| 494913 |    9 | 9198423842@qq.com | tom266047 |
| 494914 |    9 | 9198456640@qq.com | tom131866 |
| 494915 |    9 | 9198705272@qq.com | tom245437 |
| 494916 |    9 | 9198846861@qq.com | tom266900 |
| 494917 |    9 | 9198891625@qq.com | tom224511 |
| 494918 |    9 | 9199243264@qq.com | tom87025  |
| 494919 |    9 | 9199404569@qq.com | tom178790 |
| 494920 |    9 | 9199637550@qq.com | tom104575 |
| 494921 |    9 | 9199735776@qq.com | tom129094 |
| 494922 |    9 | 9199921604@qq.com | tom390276 |
| 494923 |    9 | 9200078818@qq.com | tom36379  |
| 494924 |    9 | 9200104443@qq.com | tom72366  |
| 494925 |    9 | 9200202920@qq.com | tom247307 |
| 494926 |    9 | 9200389811@qq.com | tom180252 |
| 494927 |    9 | 9200448259@qq.com | tom23984  |
| 494928 |    9 | 9200455274@qq.com | tom178583 |
| 494929 |    9 | 9200620028@qq.com | tom134459 |
| 494930 |    9 | 9200800086@qq.com | tom238229 |
| 494931 |    9 | 9201047659@qq.com | tom210946 |
| 494932 |    9 | 9201409103@qq.com | tom70086  |
| 494933 |    9 | 9201748548@qq.com | tom101061 |
| 494934 |    9 | 9201873501@qq.com | tom134888 |
| 494935 |    9 | 9202037164@qq.com | tom140548 |
| 494936 |    9 | 9202092321@qq.com | tom188660 |
| 494937 |    9 | 9202188692@qq.com | tom384945 |
| 494938 |    9 | 9202338539@qq.com | tom31621  |
| 494939 |    9 | 9202506903@qq.com | tom490422 |
| 494940 |    9 | 9202862349@qq.com | tom289314 |
| 494941 |    9 | 9202904054@qq.com | tom283485 |
| 494942 |    9 | 9203396280@qq.com | tom476346 |
| 494943 |    9 | 9203425186@qq.com | tom302520 |
| 494944 |    9 | 9203488974@qq.com | tom461092 |
| 494945 |    9 | 9203506675@qq.com | tom309075 |
| 494946 |    9 | 9203510108@qq.com | tom336842 |
| 494947 |    9 | 9203556438@qq.com | tom177365 |
| 494948 |    9 | 9203603032@qq.com | tom119381 |
| 494949 |    9 | 9203678753@qq.com | tom418184 |
| 494950 |    9 | 9203721044@qq.com | tom435088 |
| 494951 |    9 | 9203819477@qq.com | tom83742  |
| 494952 |    9 | 9204068928@qq.com | tom494929 |
| 494953 |    9 | 9204453858@qq.com | tom122098 |
| 494954 |    9 | 9204458896@qq.com | tom199601 |
| 494955 |    9 | 9204516412@qq.com | tom63508  |
| 494956 |    9 | 9204522403@qq.com | tom389334 |
| 494957 |    9 | 9204528844@qq.com | tom253479 |
| 494958 |    9 | 9204659230@qq.com | tom57699  |
| 494959 |    9 | 9204797079@qq.com | tom30888  |
| 494960 |    9 | 9204804377@qq.com | tom428856 |
| 494961 |    9 | 9204838754@qq.com | tom240763 |
| 494962 |    9 | 9204868674@qq.com | tom85833  |
| 494963 |    9 | 9205307555@qq.com | tom179472 |
| 494964 |    9 | 9205314958@qq.com | tom3659   |
| 494965 |    9 | 9205424517@qq.com | tom474732 |
| 494966 |    9 | 9205542189@qq.com | tom486189 |
| 494967 |    9 | 9205559135@qq.com | tom199110 |
| 494968 |    9 | 9205604386@qq.com | tom61664  |
| 494969 |    9 | 9205617927@qq.com | tom116171 |
| 494970 |    9 | 9205664456@qq.com | tom186390 |
| 494971 |    9 | 9205704061@qq.com | tom109331 |
| 494972 |    9 | 9205764761@qq.com | tom338963 |
| 494973 |    9 | 9205806315@qq.com | tom163124 |
| 494974 |    9 | 9205815731@qq.com | tom182633 |
| 494975 |    9 | 9205887319@qq.com | tom82510  |
| 494976 |    9 | 9205995334@qq.com | tom109803 |
| 494977 |    9 | 9206021795@qq.com | tom407747 |
| 494978 |    9 | 9206076142@qq.com | tom220223 |
| 494979 |    9 | 9206080208@qq.com | tom435148 |
| 494980 |    9 | 9206245708@qq.com | tom439164 |
| 494981 |    9 | 9206495410@qq.com | tom495643 |
| 494982 |    9 | 9206538552@qq.com | tom156592 |
| 494983 |    9 | 9206811664@qq.com | tom479501 |
| 494984 |    9 | 9207004024@qq.com | tom409116 |
| 494985 |    9 | 9207051832@qq.com | tom428683 |
| 494986 |    9 | 9207725437@qq.com | tom378773 |
| 494987 |    9 | 9207828975@qq.com | tom416462 |
| 494988 |    9 | 9207892994@qq.com | tom233145 |
| 494989 |    9 | 9207937869@qq.com | tom68702  |
| 494990 |    9 | 9208067875@qq.com | tom135266 |
| 494991 |    9 | 9208198987@qq.com | tom8741   |
| 494992 |    9 | 9208492852@qq.com | tom223108 |
| 494993 |    9 | 9208780876@qq.com | tom75055  |
| 494994 |    9 | 9208871757@qq.com | tom33460  |
| 494995 |    9 | 9208899640@qq.com | tom215784 |
| 494996 |    9 | 9208951020@qq.com | tom417845 |
| 494997 |    9 | 9209326112@qq.com | tom444144 |
| 494998 |    9 | 9209346930@qq.com | tom193803 |
| 494999 |    9 | 9209649090@qq.com | tom345088 |
| 495000 |    9 | 9209739268@qq.com | tom253345 |
| 495001 |    9 | 9209972177@qq.com | tom95470  |
| 495002 |    9 | 9210172159@qq.com | tom153749 |
| 495003 |    9 | 9210237544@qq.com | tom286827 |
| 495004 |    9 | 9210361886@qq.com | tom43206  |
| 495005 |    9 | 9210623333@qq.com | tom359960 |
| 495006 |    9 | 9210829594@qq.com | tom142361 |
| 495007 |    9 | 9210899528@qq.com | tom366581 |
| 495008 |    9 | 9210956288@qq.com | tom130807 |
| 495009 |    9 | 9210994640@qq.com | tom413918 |
| 495010 |    9 | 9211074885@qq.com | tom76016  |
| 495011 |    9 | 9211225463@qq.com | tom359362 |
| 495012 |    9 | 9211277701@qq.com | tom478670 |
| 495013 |    9 | 9211313941@qq.com | tom254738 |
| 495014 |    9 | 9211335960@qq.com | tom382123 |
| 495015 |    9 | 9211340424@qq.com | tom369626 |
| 495016 |    9 | 9211429144@qq.com | tom225243 |
| 495017 |    9 | 9211452798@qq.com | tom249375 |
| 495018 |    9 | 9211457994@qq.com | tom342435 |
| 495019 |    9 | 9211459136@qq.com | tom144170 |
| 495020 |    9 | 9211599511@qq.com | tom211483 |
| 495021 |    9 | 9211615639@qq.com | tom381259 |
| 495022 |    9 | 9211759058@qq.com | tom205340 |
| 495023 |    9 | 9211783724@qq.com | tom290592 |
| 495024 |    9 | 9212066097@qq.com | tom39084  |
| 495025 |    9 | 9212497373@qq.com | tom220936 |
| 495026 |    9 | 9212534684@qq.com | tom401138 |
| 495027 |    9 | 9212678786@qq.com | tom312904 |
| 495028 |    9 | 9212734623@qq.com | tom64075  |
| 495029 |    9 | 9213030663@qq.com | tom361959 |
| 495030 |    9 | 9213287288@qq.com | tom170953 |
| 495031 |    9 | 9213356285@qq.com | tom216152 |
| 495032 |    9 | 9213378542@qq.com | tom135150 |
| 495033 |    9 | 9213509657@qq.com | tom172291 |
| 495034 |    9 | 9213701753@qq.com | tom19187  |
| 495035 |    9 | 9213914861@qq.com | tom363698 |
| 495036 |    9 | 9214023307@qq.com | tom133799 |
| 495037 |    9 | 9214122793@qq.com | tom303697 |
| 495038 |    9 | 9214291875@qq.com | tom57103  |
| 495039 |    9 | 9214420316@qq.com | tom463377 |
| 495040 |    9 | 9214522788@qq.com | tom52079  |
| 495041 |    9 | 9214580063@qq.com | tom48821  |
| 495042 |    9 | 9214640394@qq.com | tom177533 |
| 495043 |    9 | 9214680701@qq.com | tom252574 |
| 495044 |    9 | 9215049092@qq.com | tom374759 |
| 495045 |    9 | 9215100022@qq.com | tom63077  |
| 495046 |    9 | 9215167995@qq.com | tom296775 |
| 495047 |    9 | 9215292564@qq.com | tom56533  |
| 495048 |    9 | 9215515596@qq.com | tom36017  |
| 495049 |    9 | 9215580810@qq.com | tom53362  |
| 495050 |    9 | 9215635162@qq.com | tom27343  |
| 495051 |    9 | 9215642686@qq.com | tom19790  |
| 495052 |    9 | 9215997140@qq.com | tom51170  |
| 495053 |    9 | 9216057536@qq.com | tom443082 |
| 495054 |    9 | 9216110066@qq.com | tom76829  |
| 495055 |    9 | 9216165536@qq.com | tom34059  |
| 495056 |    9 | 9216399831@qq.com | tom25666  |
| 495057 |    9 | 9216568870@qq.com | tom259829 |
| 495058 |    9 | 9216989067@qq.com | tom327076 |
| 495059 |    9 | 9217028008@qq.com | tom449924 |
| 495060 |    9 | 9217078735@qq.com | tom353866 |
| 495061 |    9 | 9217167326@qq.com | tom264818 |
| 495062 |    9 | 9217450759@qq.com | tom44552  |
| 495063 |    9 | 9217574240@qq.com | tom459451 |
| 495064 |    9 | 9217633601@qq.com | tom137761 |
| 495065 |    9 | 9218143180@qq.com | tom489858 |
| 495066 |    9 | 9218403317@qq.com | tom294850 |
| 495067 |    9 | 9218461020@qq.com | tom493973 |
| 495068 |    9 | 9218604071@qq.com | tom127876 |
| 495069 |    9 | 9218726689@qq.com | tom466353 |
| 495070 |    9 | 9218826710@qq.com | tom430115 |
| 495071 |    9 | 9218895578@qq.com | tom104469 |
| 495072 |    9 | 9219045069@qq.com | tom36274  |
| 495073 |    9 | 9219338733@qq.com | tom43519  |
| 495074 |    9 | 9219731091@qq.com | tom259264 |
| 495075 |    9 | 9219808966@qq.com | tom232358 |
| 495076 |    9 | 9219941656@qq.com | tom418846 |
| 495077 |    9 | 9219947521@qq.com | tom204659 |
| 495078 |    9 | 9220100775@qq.com | tom151372 |
| 495079 |    9 | 9220419083@qq.com | tom175237 |
| 495080 |    9 | 9220533551@qq.com | tom461234 |
| 495081 |    9 | 9221050023@qq.com | tom362964 |
| 495082 |    9 | 9221259033@qq.com | tom487498 |
| 495083 |    9 | 9221310710@qq.com | tom103533 |
| 495084 |    9 | 9221367686@qq.com | tom270882 |
| 495085 |    9 | 9221485471@qq.com | tom309858 |
| 495086 |    9 | 9222093495@qq.com | tom271026 |
| 495087 |    9 | 9222185878@qq.com | tom462765 |
| 495088 |    9 | 9222485002@qq.com | tom238464 |
| 495089 |    9 | 9223299576@qq.com | tom44442  |
| 495090 |    9 | 9223352356@qq.com | tom89672  |
| 495091 |    9 | 9223375927@qq.com | tom361361 |
| 495092 |    9 | 9223445406@qq.com | tom81234  |
| 495093 |    9 | 9223657411@qq.com | tom182326 |
| 495094 |    9 | 9223664584@qq.com | tom15765  |
| 495095 |    9 | 9223764583@qq.com | tom351707 |
| 495096 |    9 | 9223865684@qq.com | tom243268 |
| 495097 |    9 | 9224380335@qq.com | tom200055 |
| 495098 |    9 | 9224604680@qq.com | tom432051 |
| 495099 |    9 | 9224608293@qq.com | tom8088   |
| 495100 |    9 | 9224698176@qq.com | tom459724 |
| 495101 |    9 | 9225013684@qq.com | tom140414 |
| 495102 |    9 | 9225013838@qq.com | tom267277 |
| 495103 |    9 | 9225328287@qq.com | tom162075 |
| 495104 |    9 | 9225424963@qq.com | tom352641 |
| 495105 |    9 | 9225546552@qq.com | tom355771 |
| 495106 |    9 | 9225601393@qq.com | tom215387 |
| 495107 |    9 | 9225639633@qq.com | tom254271 |
| 495108 |    9 | 9225769610@qq.com | tom359791 |
| 495109 |    9 | 9225900679@qq.com | tom105033 |
| 495110 |    9 | 9226106899@qq.com | tom444462 |
| 495111 |    9 | 9226194015@qq.com | tom110276 |
| 495112 |    9 | 9226338996@qq.com | tom75170  |
| 495113 |    9 | 9226377580@qq.com | tom263262 |
| 495114 |    9 | 9226403747@qq.com | tom170506 |
| 495115 |    9 | 9226663406@qq.com | tom297017 |
| 495116 |    9 | 9226792041@qq.com | tom129869 |
| 495117 |    9 | 9226814984@qq.com | tom479769 |
| 495118 |    9 | 9227103217@qq.com | tom348490 |
| 495119 |    9 | 9227250203@qq.com | tom202917 |
| 495120 |    9 | 9227322792@qq.com | tom382910 |
| 495121 |    9 | 9227444910@qq.com | tom62864  |
| 495122 |    9 | 9227489267@qq.com | tom47095  |
| 495123 |    9 | 9227508627@qq.com | tom141975 |
| 495124 |    9 | 9227535731@qq.com | tom198211 |
| 495125 |    9 | 9227568570@qq.com | tom266732 |
| 495126 |    9 | 9227581830@qq.com | tom416311 |
| 495127 |    9 | 9227885836@qq.com | tom35887  |
| 495128 |    9 | 9228094679@qq.com | tom377345 |
| 495129 |    9 | 9228126635@qq.com | tom393366 |
| 495130 |    9 | 9228137471@qq.com | tom236989 |
| 495131 |    9 | 9228273537@qq.com | tom105716 |
| 495132 |    9 | 9228407531@qq.com | tom246385 |
| 495133 |    9 | 9228553994@qq.com | tom446823 |
| 495134 |    9 | 9228584682@qq.com | tom441346 |
| 495135 |    9 | 9228671165@qq.com | tom138618 |
| 495136 |    9 | 9228707029@qq.com | tom282426 |
| 495137 |    9 | 9228798001@qq.com | tom71236  |
| 495138 |    9 | 9228805395@qq.com | tom152994 |
| 495139 |    9 | 9228860081@qq.com | tom273    |
| 495140 |    9 | 9228864001@qq.com | tom242541 |
| 495141 |    9 | 9229070800@qq.com | tom95876  |
| 495142 |    9 | 9229551318@qq.com | tom279283 |
| 495143 |    9 | 9229664288@qq.com | tom61454  |
| 495144 |    9 | 9229819396@qq.com | tom163593 |
| 495145 |    9 | 9229833384@qq.com | tom22530  |
| 495146 |    9 | 9229941609@qq.com | tom316065 |
| 495147 |    9 | 9230143104@qq.com | tom172495 |
| 495148 |    9 | 9230143827@qq.com | tom218762 |
| 495149 |    9 | 9230193041@qq.com | tom479419 |
| 495150 |    9 | 9230456318@qq.com | tom444210 |
| 495151 |    9 | 9230543752@qq.com | tom121275 |
| 495152 |    9 | 9230870895@qq.com | tom201310 |
| 495153 |    9 | 9230933516@qq.com | tom24834  |
| 495154 |    9 | 9231007356@qq.com | tom267045 |
| 495155 |    9 | 9231049248@qq.com | tom53755  |
| 495156 |    9 | 9231118374@qq.com | tom151593 |
| 495157 |    9 | 9231589396@qq.com | tom256049 |
| 495158 |    9 | 9231652473@qq.com | tom485560 |
| 495159 |    9 | 9231801406@qq.com | tom450182 |
| 495160 |    9 | 9232399163@qq.com | tom369231 |
| 495161 |    9 | 9232718806@qq.com | tom498374 |
| 495162 |    9 | 9232824052@qq.com | tom264948 |
| 495163 |    9 | 9232846758@qq.com | tom24669  |
| 495164 |    9 | 9232909530@qq.com | tom280158 |
| 495165 |    9 | 9232917394@qq.com | tom378226 |
| 495166 |    9 | 9233184485@qq.com | tom88239  |
| 495167 |    9 | 9233312768@qq.com | tom498904 |
| 495168 |    9 | 9234463761@qq.com | tom457618 |
| 495169 |    9 | 9234491289@qq.com | tom310943 |
| 495170 |    9 | 9234663956@qq.com | tom331634 |
| 495171 |    9 | 9234909686@qq.com | tom58810  |
| 495172 |    9 | 9235012070@qq.com | tom478974 |
| 495173 |    9 | 9235050218@qq.com | tom416349 |
| 495174 |    9 | 9235226225@qq.com | tom64343  |
| 495175 |    9 | 9235408803@qq.com | tom356268 |
| 495176 |    9 | 9235416958@qq.com | tom79054  |
| 495177 |    9 | 9235659035@qq.com | tom157547 |
| 495178 |    9 | 9235802024@qq.com | tom434284 |
| 495179 |    9 | 9235849854@qq.com | tom221404 |
| 495180 |    9 | 9235950113@qq.com | tom161725 |
| 495181 |    9 | 9235994571@qq.com | tom274097 |
| 495182 |    9 | 9236024059@qq.com | tom54890  |
| 495183 |    9 | 9236024767@qq.com | tom499121 |
| 495184 |    9 | 9236111647@qq.com | tom342036 |
| 495185 |    9 | 9236119233@qq.com | tom79030  |
| 495186 |    9 | 9236137169@qq.com | tom6467   |
| 495187 |    9 | 9236251131@qq.com | tom444582 |
| 495188 |    9 | 9236298941@qq.com | tom438254 |
| 495189 |    9 | 9236340796@qq.com | tom114827 |
| 495190 |    9 | 9236482591@qq.com | tom284387 |
| 495191 |    9 | 9236709478@qq.com | tom269863 |
| 495192 |    9 | 9236751206@qq.com | tom198854 |
| 495193 |    9 | 9236866241@qq.com | tom124084 |
| 495194 |    9 | 9236921016@qq.com | tom194917 |
| 495195 |    9 | 9236988435@qq.com | tom353548 |
| 495196 |    9 | 9237154480@qq.com | tom160480 |
| 495197 |    9 | 9237163113@qq.com | tom422859 |
| 495198 |    9 | 9237168455@qq.com | tom473651 |
| 495199 |    9 | 9237225940@qq.com | tom95513  |
| 495200 |    9 | 9237553671@qq.com | tom370154 |
| 495201 |    9 | 9237564001@qq.com | tom119229 |
| 495202 |    9 | 9237590290@qq.com | tom184487 |
| 495203 |    9 | 9237739740@qq.com | tom272348 |
| 495204 |    9 | 9237874399@qq.com | tom187660 |
| 495205 |    9 | 9237896741@qq.com | tom253625 |
| 495206 |    9 | 9238006824@qq.com | tom467493 |
| 495207 |    9 | 9238020569@qq.com | tom64913  |
| 495208 |    9 | 9238275724@qq.com | tom108224 |
| 495209 |    9 | 9238289112@qq.com | tom178069 |
| 495210 |    9 | 9238404051@qq.com | tom241172 |
| 495211 |    9 | 9238712436@qq.com | tom54038  |
| 495212 |    9 | 9239017128@qq.com | tom34276  |
| 495213 |    9 | 9239045910@qq.com | tom159233 |
| 495214 |    9 | 9239098127@qq.com | tom214058 |
| 495215 |    9 | 9239254001@qq.com | tom62552  |
| 495216 |    9 | 9239464732@qq.com | tom379521 |
| 495217 |    9 | 9239863035@qq.com | tom279228 |
| 495218 |    9 | 9240071397@qq.com | tom177126 |
| 495219 |    9 | 9240122699@qq.com | tom481274 |
| 495220 |    9 | 9240528259@qq.com | tom88928  |
| 495221 |    9 | 9240911616@qq.com | tom465179 |
| 495222 |    9 | 9241132953@qq.com | tom214651 |
| 495223 |    9 | 9241214519@qq.com | tom172048 |
| 495224 |    9 | 9241223154@qq.com | tom23268  |
| 495225 |    9 | 9241690100@qq.com | tom253011 |
| 495226 |    9 | 9241710341@qq.com | tom430703 |
| 495227 |    9 | 9241718768@qq.com | tom246874 |
| 495228 |    9 | 9241868351@qq.com | tom294576 |
| 495229 |    9 | 9241881769@qq.com | tom219260 |
| 495230 |    9 | 9242370155@qq.com | tom440742 |
| 495231 |    9 | 9242885890@qq.com | tom272578 |
| 495232 |    9 | 9243289041@qq.com | tom73905  |
| 495233 |    9 | 9243586060@qq.com | tom421388 |
| 495234 |    9 | 9243641495@qq.com | tom313739 |
| 495235 |    9 | 9243651141@qq.com | tom62399  |
| 495236 |    9 | 9243852767@qq.com | tom145934 |
| 495237 |    9 | 9243913842@qq.com | tom345066 |
| 495238 |    9 | 9244028272@qq.com | tom328884 |
| 495239 |    9 | 9244150710@qq.com | tom490583 |
| 495240 |    9 | 9244402370@qq.com | tom90607  |
| 495241 |    9 | 9244517732@qq.com | tom214659 |
| 495242 |    9 | 9244569387@qq.com | tom12155  |
| 495243 |    9 | 9244806275@qq.com | tom286439 |
| 495244 |    9 | 9244811898@qq.com | tom408142 |
| 495245 |    9 | 9245239944@qq.com | tom326778 |
| 495246 |    9 | 9245325247@qq.com | tom148064 |
| 495247 |    9 | 9245390752@qq.com | tom379696 |
| 495248 |    9 | 9245560891@qq.com | tom388196 |
| 495249 |    9 | 9245793512@qq.com | tom189251 |
| 495250 |    9 | 9245822926@qq.com | tom376423 |
| 495251 |    9 | 9246596888@qq.com | tom271278 |
| 495252 |    9 | 9246700384@qq.com | tom426520 |
| 495253 |    9 | 9246925128@qq.com | tom271034 |
| 495254 |    9 | 9247017871@qq.com | tom130782 |
| 495255 |    9 | 9247046198@qq.com | tom386887 |
| 495256 |    9 | 9247246554@qq.com | tom429840 |
| 495257 |    9 | 9247402264@qq.com | tom209919 |
| 495258 |    9 | 9247673536@qq.com | tom412538 |
| 495259 |    9 | 9247857866@qq.com | tom16034  |
| 495260 |    9 | 9247864085@qq.com | tom191021 |
| 495261 |    9 | 9248189387@qq.com | tom99037  |
| 495262 |    9 | 9248294396@qq.com | tom130860 |
| 495263 |    9 | 9248306556@qq.com | tom411553 |
| 495264 |    9 | 9248487710@qq.com | tom407100 |
| 495265 |    9 | 9248924889@qq.com | tom190361 |
| 495266 |    9 | 9249047973@qq.com | tom456002 |
| 495267 |    9 | 9249109736@qq.com | tom254485 |
| 495268 |    9 | 9249188202@qq.com | tom242215 |
| 495269 |    9 | 9249404853@qq.com | tom330054 |
| 495270 |    9 | 9249443782@qq.com | tom310457 |
| 495271 |    9 | 9249453286@qq.com | tom30871  |
| 495272 |    9 | 9249506839@qq.com | tom372163 |
| 495273 |    9 | 9249602471@qq.com | tom477461 |
| 495274 |    9 | 9249609526@qq.com | tom645    |
| 495275 |    9 | 9249657880@qq.com | tom166395 |
| 495276 |    9 | 9249698833@qq.com | tom219339 |
| 495277 |    9 | 9249880182@qq.com | tom345522 |
| 495278 |    9 | 9249965469@qq.com | tom43915  |
| 495279 |    9 | 9250137393@qq.com | tom391569 |
| 495280 |    9 | 9250221967@qq.com | tom401540 |
| 495281 |    9 | 9250374639@qq.com | tom279519 |
| 495282 |    9 | 9250566364@qq.com | tom106667 |
| 495283 |    9 | 9250614012@qq.com | tom437820 |
| 495284 |    9 | 9250734404@qq.com | tom260948 |
| 495285 |    9 | 9250781890@qq.com | tom184660 |
| 495286 |    9 | 9251288332@qq.com | tom194169 |
| 495287 |    9 | 9251332141@qq.com | tom89610  |
| 495288 |    9 | 9251814226@qq.com | tom216917 |
| 495289 |    9 | 9252003190@qq.com | tom151766 |
| 495290 |    9 | 9252101314@qq.com | tom349446 |
| 495291 |    9 | 9252168367@qq.com | tom497946 |
| 495292 |    9 | 9252262570@qq.com | tom99472  |
| 495293 |    9 | 9252285797@qq.com | tom329664 |
| 495294 |    9 | 9252380199@qq.com | tom489045 |
| 495295 |    9 | 9252476772@qq.com | tom148364 |
| 495296 |    9 | 9252482099@qq.com | tom67124  |
| 495297 |    9 | 9252527959@qq.com | tom139882 |
| 495298 |    9 | 9252916589@qq.com | tom400291 |
| 495299 |    9 | 9253272109@qq.com | tom130864 |
| 495300 |    9 | 9253515306@qq.com | tom349452 |
| 495301 |    9 | 9253582826@qq.com | tom312097 |
| 495302 |    9 | 9253785945@qq.com | tom348135 |
| 495303 |    9 | 9253801031@qq.com | tom146384 |
| 495304 |    9 | 9253914178@qq.com | tom150856 |
| 495305 |    9 | 9254091749@qq.com | tom226439 |
| 495306 |    9 | 9254361932@qq.com | tom181824 |
| 495307 |    9 | 9254436576@qq.com | tom219045 |
| 495308 |    9 | 9254672734@qq.com | tom236820 |
| 495309 |    9 | 9254703241@qq.com | tom370398 |
| 495310 |    9 | 9254857360@qq.com | tom185209 |
| 495311 |    9 | 9255008978@qq.com | tom233283 |
| 495312 |    9 | 9255055873@qq.com | tom369478 |
| 495313 |    9 | 9255475300@qq.com | tom392600 |
| 495314 |    9 | 9255638553@qq.com | tom164625 |
| 495315 |    9 | 9255810557@qq.com | tom26956  |
| 495316 |    9 | 9256354984@qq.com | tom384810 |
| 495317 |    9 | 9256438502@qq.com | tom496838 |
| 495318 |    9 | 9256445251@qq.com | tom245197 |
| 495319 |    9 | 9256816880@qq.com | tom38649  |
| 495320 |    9 | 9256844954@qq.com | tom358299 |
| 495321 |    9 | 9256920607@qq.com | tom173890 |
| 495322 |    9 | 9257023963@qq.com | tom402495 |
| 495323 |    9 | 9257129611@qq.com | tom214561 |
| 495324 |    9 | 9257190105@qq.com | tom415772 |
| 495325 |    9 | 9257216725@qq.com | tom202674 |
| 495326 |    9 | 9257361806@qq.com | tom401393 |
| 495327 |    9 | 9257364699@qq.com | tom382437 |
| 495328 |    9 | 9257455772@qq.com | tom241197 |
| 495329 |    9 | 9257618735@qq.com | tom3190   |
| 495330 |    9 | 9257847993@qq.com | tom82751  |
| 495331 |    9 | 9258010172@qq.com | tom58410  |
| 495332 |    9 | 9258047100@qq.com | tom461227 |
| 495333 |    9 | 9258177745@qq.com | tom134391 |
| 495334 |    9 | 9258198267@qq.com | tom128121 |
| 495335 |    9 | 9258212789@qq.com | tom361076 |
| 495336 |    9 | 9258264193@qq.com | tom10890  |
| 495337 |    9 | 9258815685@qq.com | tom145607 |
| 495338 |    9 | 9258924910@qq.com | tom85128  |
| 495339 |    9 | 9259095592@qq.com | tom217179 |
| 495340 |    9 | 9259118174@qq.com | tom483973 |
| 495341 |    9 | 9259136826@qq.com | tom232025 |
| 495342 |    9 | 9259279760@qq.com | tom319478 |
| 495343 |    9 | 9259378476@qq.com | tom419615 |
| 495344 |    9 | 9259715570@qq.com | tom116110 |
| 495345 |    9 | 9259751273@qq.com | tom170619 |
| 495346 |    9 | 9259843633@qq.com | tom219466 |
| 495347 |    9 | 9259864248@qq.com | tom180176 |
| 495348 |    9 | 9259891996@qq.com | tom230603 |
| 495349 |    9 | 9260298192@qq.com | tom137624 |
| 495350 |    9 | 9260703693@qq.com | tom312706 |
| 495351 |    9 | 9260987142@qq.com | tom294782 |
| 495352 |    9 | 9261952182@qq.com | tom29929  |
| 495353 |    9 | 9262425523@qq.com | tom187280 |
| 495354 |    9 | 9262448845@qq.com | tom202913 |
| 495355 |    9 | 9262790183@qq.com | tom191350 |
| 495356 |    9 | 9262857285@qq.com | tom138444 |
| 495357 |    9 | 9262905483@qq.com | tom422346 |
| 495358 |    9 | 9262931600@qq.com | tom346244 |
| 495359 |    9 | 9262989098@qq.com | tom391912 |
| 495360 |    9 | 9263312096@qq.com | tom278564 |
| 495361 |    9 | 9263321635@qq.com | tom87779  |
| 495362 |    9 | 9263527225@qq.com | tom16198  |
| 495363 |    9 | 9263773481@qq.com | tom236476 |
| 495364 |    9 | 9264085787@qq.com | tom407715 |
| 495365 |    9 | 9264090173@qq.com | tom383877 |
| 495366 |    9 | 9264291433@qq.com | tom88999  |
| 495367 |    9 | 9264708872@qq.com | tom378848 |
| 495368 |    9 | 9264791418@qq.com | tom363366 |
| 495369 |    9 | 9265148225@qq.com | tom242050 |
| 495370 |    9 | 9265169212@qq.com | tom270601 |
| 495371 |    9 | 9265356932@qq.com | tom401398 |
| 495372 |    9 | 9265904815@qq.com | tom420183 |
| 495373 |    9 | 9266218979@qq.com | tom123424 |
| 495374 |    9 | 9266658139@qq.com | tom356704 |
| 495375 |    9 | 9267012900@qq.com | tom1132   |
| 495376 |    9 | 9267158767@qq.com | tom141675 |
| 495377 |    9 | 9267199640@qq.com | tom233216 |
| 495378 |    9 | 9267341076@qq.com | tom384883 |
| 495379 |    9 | 9267435662@qq.com | tom318237 |
| 495380 |    9 | 9267522678@qq.com | tom167041 |
| 495381 |    9 | 9267786880@qq.com | tom302187 |
| 495382 |    9 | 9267833797@qq.com | tom455543 |
| 495383 |    9 | 9267922409@qq.com | tom184982 |
| 495384 |    9 | 9268217427@qq.com | tom234639 |
| 495385 |    9 | 9268334331@qq.com | tom414525 |
| 495386 |    9 | 9268338866@qq.com | tom61000  |
| 495387 |    9 | 9268422360@qq.com | tom405698 |
| 495388 |    9 | 9268589913@qq.com | tom455448 |
| 495389 |    9 | 9268912424@qq.com | tom279408 |
| 495390 |    9 | 9268998056@qq.com | tom113547 |
| 495391 |    9 | 9269007850@qq.com | tom468219 |
| 495392 |    9 | 9269289451@qq.com | tom193916 |
| 495393 |    9 | 9269418345@qq.com | tom250366 |
| 495394 |    9 | 9269600067@qq.com | tom390465 |
| 495395 |    9 | 9269793808@qq.com | tom478965 |
| 495396 |    9 | 9270345587@qq.com | tom58433  |
| 495397 |    9 | 9270392064@qq.com | tom350176 |
| 495398 |    9 | 9270774969@qq.com | tom347282 |
| 495399 |    9 | 9270936027@qq.com | tom319482 |
| 495400 |    9 | 9270944656@qq.com | tom83920  |
| 495401 |    9 | 9271176899@qq.com | tom482460 |
| 495402 |    9 | 9271229643@qq.com | tom63752  |
| 495403 |    9 | 9271464345@qq.com | tom21074  |
| 495404 |    9 | 9271542855@qq.com | tom226353 |
| 495405 |    9 | 9271605860@qq.com | tom425216 |
| 495406 |    9 | 9271951773@qq.com | tom322032 |
| 495407 |    9 | 9271955016@qq.com | tom435596 |
| 495408 |    9 | 9272052909@qq.com | tom8100   |
| 495409 |    9 | 9272341229@qq.com | tom128689 |
| 495410 |    9 | 9272634032@qq.com | tom404356 |
| 495411 |    9 | 9272720133@qq.com | tom341949 |
| 495412 |    9 | 9272909065@qq.com | tom82196  |
| 495413 |    9 | 9272978998@qq.com | tom10980  |
| 495414 |    9 | 9273070087@qq.com | tom272760 |
| 495415 |    9 | 9273108445@qq.com | tom20533  |
| 495416 |    9 | 9273371327@qq.com | tom100243 |
| 495417 |    9 | 9273615641@qq.com | tom439531 |
| 495418 |    9 | 9273828423@qq.com | tom39242  |
| 495419 |    9 | 9273850480@qq.com | tom267523 |
| 495420 |    9 | 9274083934@qq.com | tom198475 |
| 495421 |    9 | 9274171939@qq.com | tom294544 |
| 495422 |    9 | 9274178802@qq.com | tom208072 |
| 495423 |    9 | 9274238499@qq.com | tom444779 |
| 495424 |    9 | 9274249779@qq.com | tom177746 |
| 495425 |    9 | 9274276511@qq.com | tom280638 |
| 495426 |    9 | 9274452436@qq.com | tom460715 |
| 495427 |    9 | 9274797708@qq.com | tom484984 |
| 495428 |    9 | 9274808346@qq.com | tom483443 |
| 495429 |    9 | 9274894136@qq.com | tom205353 |
| 495430 |    9 | 9274957502@qq.com | tom280072 |
| 495431 |    9 | 9275214174@qq.com | tom333355 |
| 495432 |    9 | 9275279452@qq.com | tom183306 |
| 495433 |    9 | 9275379981@qq.com | tom341791 |
| 495434 |    9 | 9275407483@qq.com | tom276337 |
| 495435 |    9 | 9275527779@qq.com | tom58577  |
| 495436 |    9 | 9275587847@qq.com | tom134558 |
| 495437 |    9 | 9275678510@qq.com | tom14139  |
| 495438 |    9 | 9276023416@qq.com | tom441863 |
| 495439 |    9 | 9276123342@qq.com | tom298084 |
| 495440 |    9 | 9276163592@qq.com | tom300199 |
| 495441 |    9 | 9276195596@qq.com | tom171048 |
| 495442 |    9 | 9276448230@qq.com | tom487534 |
| 495443 |    9 | 9276474839@qq.com | tom41726  |
| 495444 |    9 | 9276554116@qq.com | tom437375 |
| 495445 |    9 | 9276714761@qq.com | tom186918 |
| 495446 |    9 | 9276879625@qq.com | tom371739 |
| 495447 |    9 | 9277038327@qq.com | tom199565 |
| 495448 |    9 | 9277402262@qq.com | tom42086  |
| 495449 |    9 | 9277514858@qq.com | tom489407 |
| 495450 |    9 | 9277548032@qq.com | tom193882 |
| 495451 |    9 | 9277682594@qq.com | tom222526 |
| 495452 |    9 | 9277688376@qq.com | tom348430 |
| 495453 |    9 | 9278668637@qq.com | tom322991 |
| 495454 |    9 | 9279242643@qq.com | tom61109  |
| 495455 |    9 | 9279243620@qq.com | tom332182 |
| 495456 |    9 | 9279433961@qq.com | tom308054 |
| 495457 |    9 | 9279474910@qq.com | tom150724 |
| 495458 |    9 | 9279484012@qq.com | tom170772 |
| 495459 |    9 | 9279890562@qq.com | tom136353 |
| 495460 |    9 | 9279911081@qq.com | tom423398 |
| 495461 |    9 | 9280382452@qq.com | tom230808 |
| 495462 |    9 | 9280695347@qq.com | tom31235  |
| 495463 |    9 | 9280927715@qq.com | tom59472  |
| 495464 |    9 | 9281436866@qq.com | tom158455 |
| 495465 |    9 | 9281624531@qq.com | tom470911 |
| 495466 |    9 | 9281964724@qq.com | tom164854 |
| 495467 |    9 | 9282343228@qq.com | tom26616  |
| 495468 |    9 | 9282394047@qq.com | tom300867 |
| 495469 |    9 | 9282605552@qq.com | tom136703 |
| 495470 |    9 | 9282648074@qq.com | tom78084  |
| 495471 |    9 | 9282850797@qq.com | tom377659 |
| 495472 |    9 | 9283154423@qq.com | tom269881 |
| 495473 |    9 | 9283243905@qq.com | tom238870 |
| 495474 |    9 | 9283361407@qq.com | tom458243 |
| 495475 |    9 | 9283514067@qq.com | tom227759 |
| 495476 |    9 | 9283612304@qq.com | tom135599 |
| 495477 |    9 | 9283812490@qq.com | tom415633 |
| 495478 |    9 | 9283919761@qq.com | tom329460 |
| 495479 |    9 | 9284098182@qq.com | tom218487 |
| 495480 |    9 | 9284112987@qq.com | tom25541  |
| 495481 |    9 | 9284208670@qq.com | tom431610 |
| 495482 |    9 | 9284248152@qq.com | tom41957  |
| 495483 |    9 | 9284308526@qq.com | tom380269 |
| 495484 |    9 | 9284641072@qq.com | tom479959 |
| 495485 |    9 | 9284719570@qq.com | tom188123 |
| 495486 |    9 | 9284729962@qq.com | tom279236 |
| 495487 |    9 | 9285071199@qq.com | tom10598  |
| 495488 |    9 | 9285087939@qq.com | tom11206  |
| 495489 |    9 | 9285505901@qq.com | tom412165 |
| 495490 |    9 | 9285738228@qq.com | tom109570 |
| 495491 |    9 | 9285874002@qq.com | tom160326 |
| 495492 |    9 | 9286195595@qq.com | tom277788 |
| 495493 |    9 | 9286209568@qq.com | tom159755 |
| 495494 |    9 | 9286242370@qq.com | tom88550  |
| 495495 |    9 | 9286284346@qq.com | tom246099 |
| 495496 |    9 | 9286306177@qq.com | tom297258 |
| 495497 |    9 | 9286411011@qq.com | tom264284 |
| 495498 |    9 | 9286598395@qq.com | tom409014 |
| 495499 |    9 | 9286613147@qq.com | tom170591 |
| 495500 |    9 | 9286646460@qq.com | tom7867   |
| 495501 |    9 | 9286730178@qq.com | tom159029 |
| 495502 |    9 | 9286744312@qq.com | tom485183 |
| 495503 |    9 | 9286781075@qq.com | tom370011 |
| 495504 |    9 | 9286796877@qq.com | tom465256 |
| 495505 |    9 | 9286852881@qq.com | tom373890 |
| 495506 |    9 | 9286861137@qq.com | tom346731 |
| 495507 |    9 | 9286907421@qq.com | tom149492 |
| 495508 |    9 | 9287247203@qq.com | tom32687  |
| 495509 |    9 | 9287480342@qq.com | tom26126  |
| 495510 |    9 | 9287520833@qq.com | tom72572  |
| 495511 |    9 | 9287707208@qq.com | tom371152 |
| 495512 |    9 | 9287739015@qq.com | tom55848  |
| 495513 |    9 | 9287826147@qq.com | tom374770 |
| 495514 |    9 | 9288069071@qq.com | tom277793 |
| 495515 |    9 | 9288246332@qq.com | tom251993 |
| 495516 |    9 | 9288340765@qq.com | tom369512 |
| 495517 |    9 | 9288373708@qq.com | tom251353 |
| 495518 |    9 | 9288798418@qq.com | tom459974 |
| 495519 |    9 | 9288854873@qq.com | tom265579 |
| 495520 |    9 | 9288973045@qq.com | tom204878 |
| 495521 |    9 | 9289004089@qq.com | tom338207 |
| 495522 |    9 | 9289217864@qq.com | tom93510  |
| 495523 |    9 | 9289410799@qq.com | tom261886 |
| 495524 |    9 | 9289594581@qq.com | tom328347 |
| 495525 |    9 | 9289699099@qq.com | tom328391 |
| 495526 |    9 | 9289740562@qq.com | tom492294 |
| 495527 |    9 | 9289763573@qq.com | tom451912 |
| 495528 |    9 | 9289907098@qq.com | tom127898 |
| 495529 |    9 | 9289977065@qq.com | tom448516 |
| 495530 |    9 | 9290031266@qq.com | tom384473 |
| 495531 |    9 | 9290357719@qq.com | tom310909 |
| 495532 |    9 | 9290368932@qq.com | tom492295 |
| 495533 |    9 | 9290388075@qq.com | tom10376  |
| 495534 |    9 | 9290413877@qq.com | tom474047 |
| 495535 |    9 | 9290468459@qq.com | tom76113  |
| 495536 |    9 | 9290605199@qq.com | tom208363 |
| 495537 |    9 | 9290612257@qq.com | tom155209 |
| 495538 |    9 | 9290612611@qq.com | tom412181 |
| 495539 |    9 | 9290922437@qq.com | tom116259 |
| 495540 |    9 | 9291057154@qq.com | tom445103 |
| 495541 |    9 | 9291072627@qq.com | tom286055 |
| 495542 |    9 | 9291121030@qq.com | tom197006 |
| 495543 |    9 | 9291156216@qq.com | tom394566 |
| 495544 |    9 | 9291211862@qq.com | tom216760 |
| 495545 |    9 | 9291391830@qq.com | tom331261 |
| 495546 |    9 | 9291514003@qq.com | tom426382 |
| 495547 |    9 | 9291540633@qq.com | tom125435 |
| 495548 |    9 | 9291563570@qq.com | tom134139 |
| 495549 |    9 | 9291586517@qq.com | tom236198 |
| 495550 |    9 | 9291599744@qq.com | tom197885 |
| 495551 |    9 | 9291716358@qq.com | tom380721 |
| 495552 |    9 | 9292038959@qq.com | tom231433 |
| 495553 |    9 | 9292454299@qq.com | tom143447 |
| 495554 |    9 | 9292489849@qq.com | tom490738 |
| 495555 |    9 | 9292543571@qq.com | tom7294   |
| 495556 |    9 | 9292691745@qq.com | tom3753   |
| 495557 |    9 | 9292730010@qq.com | tom306376 |
| 495558 |    9 | 9292745263@qq.com | tom81933  |
| 495559 |    9 | 9292763796@qq.com | tom352753 |
| 495560 |    9 | 9293181212@qq.com | tom402081 |
| 495561 |    9 | 9293198225@qq.com | tom94541  |
| 495562 |    9 | 9293240793@qq.com | tom137189 |
| 495563 |    9 | 9293302539@qq.com | tom433070 |
| 495564 |    9 | 9293335171@qq.com | tom392508 |
| 495565 |    9 | 9293697578@qq.com | tom79355  |
| 495566 |    9 | 9293815174@qq.com | tom162059 |
| 495567 |    9 | 9293952950@qq.com | tom256368 |
| 495568 |    9 | 9294473851@qq.com | tom207643 |
| 495569 |    9 | 9294572239@qq.com | tom162765 |
| 495570 |    9 | 9294646045@qq.com | tom470453 |
| 495571 |    9 | 9295116376@qq.com | tom236794 |
| 495572 |    9 | 9295167820@qq.com | tom259744 |
| 495573 |    9 | 9295301754@qq.com | tom202211 |
| 495574 |    9 | 9295423831@qq.com | tom179503 |
| 495575 |    9 | 9295746125@qq.com | tom400849 |
| 495576 |    9 | 9296104599@qq.com | tom403416 |
| 495577 |    9 | 9296182709@qq.com | tom359640 |
| 495578 |    9 | 9296793878@qq.com | tom6108   |
| 495579 |    9 | 9296845980@qq.com | tom276114 |
| 495580 |    9 | 9296852150@qq.com | tom15438  |
| 495581 |    9 | 9296872032@qq.com | tom185647 |
| 495582 |    9 | 9297036295@qq.com | tom332164 |
| 495583 |    9 | 9297245715@qq.com | tom393963 |
| 495584 |    9 | 9297326327@qq.com | tom123289 |
| 495585 |    9 | 9297398634@qq.com | tom219360 |
| 495586 |    9 | 9297474973@qq.com | tom284178 |
| 495587 |    9 | 9297609456@qq.com | tom247275 |
| 495588 |    9 | 9297885626@qq.com | tom6057   |
| 495589 |    9 | 9297942693@qq.com | tom203772 |
| 495590 |    9 | 9298019661@qq.com | tom488918 |
| 495591 |    9 | 9298385599@qq.com | tom230099 |
| 495592 |    9 | 9298638283@qq.com | tom6181   |
| 495593 |    9 | 9298922967@qq.com | tom20243  |
| 495594 |    9 | 9298987777@qq.com | tom407678 |
| 495595 |    9 | 9299378598@qq.com | tom442906 |
| 495596 |    9 | 9299440155@qq.com | tom341363 |
| 495597 |    9 | 9299808724@qq.com | tom232766 |
| 495598 |    9 | 9299966478@qq.com | tom185751 |
| 495599 |    9 | 9300060680@qq.com | tom12411  |
| 495600 |    9 | 9300061549@qq.com | tom23048  |
| 495601 |    9 | 9300106457@qq.com | tom70705  |
| 495602 |    9 | 9300145959@qq.com | tom270925 |
| 495603 |    9 | 9300289620@qq.com | tom234631 |
| 495604 |    9 | 9300309480@qq.com | tom412773 |
| 495605 |    9 | 9300367958@qq.com | tom314198 |
| 495606 |    9 | 9300451817@qq.com | tom67738  |
| 495607 |    9 | 9300679931@qq.com | tom302102 |
| 495608 |    9 | 9300692313@qq.com | tom361377 |
| 495609 |    9 | 9300745129@qq.com | tom279274 |
| 495610 |    9 | 9301327402@qq.com | tom370807 |
| 495611 |    9 | 9301339835@qq.com | tom138302 |
| 495612 |    9 | 9301364790@qq.com | tom253876 |
| 495613 |    9 | 9301608288@qq.com | tom22229  |
| 495614 |    9 | 9301918140@qq.com | tom396845 |
| 495615 |    9 | 9302011347@qq.com | tom490165 |
| 495616 |    9 | 9302080273@qq.com | tom406146 |
| 495617 |    9 | 9302143826@qq.com | tom472624 |
| 495618 |    9 | 9302250579@qq.com | tom203962 |
| 495619 |    9 | 9302435252@qq.com | tom175566 |
| 495620 |    9 | 9302492542@qq.com | tom437389 |
| 495621 |    9 | 9302666213@qq.com | tom276101 |
| 495622 |    9 | 9302743587@qq.com | tom249277 |
| 495623 |    9 | 9302885072@qq.com | tom141493 |
| 495624 |    9 | 9302960970@qq.com | tom59237  |
| 495625 |    9 | 9303179124@qq.com | tom340936 |
| 495626 |    9 | 9303443305@qq.com | tom159531 |
| 495627 |    9 | 9303466691@qq.com | tom417380 |
| 495628 |    9 | 9303763490@qq.com | tom452580 |
| 495629 |    9 | 9304003070@qq.com | tom438833 |
| 495630 |    9 | 9304010889@qq.com | tom189297 |
| 495631 |    9 | 9304052516@qq.com | tom379737 |
| 495632 |    9 | 9304091340@qq.com | tom29374  |
| 495633 |    9 | 9304270232@qq.com | tom317251 |
| 495634 |    9 | 9304335669@qq.com | tom285575 |
| 495635 |    9 | 9304393708@qq.com | tom217807 |
| 495636 |    9 | 9305022535@qq.com | tom442149 |
| 495637 |    9 | 9305193216@qq.com | tom373206 |
| 495638 |    9 | 9305197214@qq.com | tom169104 |
| 495639 |    9 | 9305505325@qq.com | tom467788 |
| 495640 |    9 | 9305574870@qq.com | tom252746 |
| 495641 |    9 | 9305816580@qq.com | tom81292  |
| 495642 |    9 | 9305869569@qq.com | tom199593 |
| 495643 |    9 | 9305892232@qq.com | tom492365 |
| 495644 |    9 | 9306048852@qq.com | tom286385 |
| 495645 |    9 | 9306450968@qq.com | tom351589 |
| 495646 |    9 | 9306661251@qq.com | tom251435 |
| 495647 |    9 | 9306942764@qq.com | tom125905 |
| 495648 |    9 | 9307277481@qq.com | tom113056 |
| 495649 |    9 | 9307319852@qq.com | tom179478 |
| 495650 |    9 | 9307361284@qq.com | tom459521 |
| 495651 |    9 | 9307414328@qq.com | tom226891 |
| 495652 |    9 | 9307530735@qq.com | tom60893  |
| 495653 |    9 | 9307563537@qq.com | tom423537 |
| 495654 |    9 | 9307776625@qq.com | tom318013 |
| 495655 |    9 | 9307857753@qq.com | tom315831 |
| 495656 |    9 | 9308094352@qq.com | tom225381 |
| 495657 |    9 | 9308160389@qq.com | tom478472 |
| 495658 |    9 | 9308255950@qq.com | tom178115 |
| 495659 |    9 | 9309039111@qq.com | tom98832  |
| 495660 |    9 | 9309048825@qq.com | tom435946 |
| 495661 |    9 | 9309076590@qq.com | tom3654   |
| 495662 |    9 | 9309564893@qq.com | tom468949 |
| 495663 |    9 | 9310137650@qq.com | tom348908 |
| 495664 |    9 | 9310155729@qq.com | tom87342  |
| 495665 |    9 | 9310551919@qq.com | tom116713 |
| 495666 |    9 | 9310756172@qq.com | tom220982 |
| 495667 |    9 | 9310794307@qq.com | tom184880 |
| 495668 |    9 | 9310855192@qq.com | tom296210 |
| 495669 |    9 | 9310915268@qq.com | tom305374 |
| 495670 |    9 | 9310973639@qq.com | tom359967 |
| 495671 |    9 | 9311145896@qq.com | tom318005 |
| 495672 |    9 | 9311368013@qq.com | tom264721 |
| 495673 |    9 | 9311386419@qq.com | tom110645 |
| 495674 |    9 | 9311419671@qq.com | tom10662  |
| 495675 |    9 | 9311475422@qq.com | tom211515 |
| 495676 |    9 | 9311666003@qq.com | tom123844 |
| 495677 |    9 | 9311814001@qq.com | tom357081 |
| 495678 |    9 | 9312004565@qq.com | tom180343 |
| 495679 |    9 | 9312004678@qq.com | tom491666 |
| 495680 |    9 | 9312027639@qq.com | tom144128 |
| 495681 |    9 | 9312204232@qq.com | tom62683  |
| 495682 |    9 | 9312242904@qq.com | tom31448  |
| 495683 |    9 | 9312278533@qq.com | tom321706 |
| 495684 |    9 | 9312292889@qq.com | tom479611 |
| 495685 |    9 | 9312639807@qq.com | tom189806 |
| 495686 |    9 | 9312641466@qq.com | tom119573 |
| 495687 |    9 | 9312670655@qq.com | tom224040 |
| 495688 |    9 | 9312960475@qq.com | tom347867 |
| 495689 |    9 | 9313117441@qq.com | tom383850 |
| 495690 |    9 | 9313125667@qq.com | tom112358 |
| 495691 |    9 | 9313313280@qq.com | tom220609 |
| 495692 |    9 | 9313481762@qq.com | tom351964 |
| 495693 |    9 | 9313544534@qq.com | tom182226 |
| 495694 |    9 | 9313607833@qq.com | tom87838  |
| 495695 |    9 | 9313647096@qq.com | tom21279  |
| 495696 |    9 | 9313788578@qq.com | tom143884 |
| 495697 |    9 | 9313897885@qq.com | tom209010 |
| 495698 |    9 | 9313933456@qq.com | tom38305  |
| 495699 |    9 | 9314067286@qq.com | tom431034 |
| 495700 |    9 | 9314217254@qq.com | tom23461  |
| 495701 |    9 | 9314359523@qq.com | tom294728 |
| 495702 |    9 | 9314769504@qq.com | tom339429 |
| 495703 |    9 | 9314940703@qq.com | tom284688 |
| 495704 |    9 | 9314997245@qq.com | tom70105  |
| 495705 |    9 | 9315104248@qq.com | tom466277 |
| 495706 |    9 | 9315154937@qq.com | tom313751 |
| 495707 |    9 | 9316026728@qq.com | tom130957 |
| 495708 |    9 | 9316181183@qq.com | tom274024 |
| 495709 |    9 | 9316474973@qq.com | tom94128  |
| 495710 |    9 | 9316652710@qq.com | tom397567 |
| 495711 |    9 | 9317056207@qq.com | tom420402 |
| 495712 |    9 | 9317159641@qq.com | tom294630 |
| 495713 |    9 | 9317333659@qq.com | tom287530 |
| 495714 |    9 | 9318519767@qq.com | tom177608 |
| 495715 |    9 | 9318945315@qq.com | tom165501 |
| 495716 |    9 | 9318989398@qq.com | tom235994 |
| 495717 |    9 | 9319096318@qq.com | tom71488  |
| 495718 |    9 | 9319097064@qq.com | tom219795 |
| 495719 |    9 | 9319143697@qq.com | tom386926 |
| 495720 |    9 | 9319197679@qq.com | tom283600 |
| 495721 |    9 | 9319234772@qq.com | tom322148 |
| 495722 |    9 | 9319395492@qq.com | tom244592 |
| 495723 |    9 | 9319636050@qq.com | tom387609 |
| 495724 |    9 | 9319710320@qq.com | tom272359 |
| 495725 |    9 | 9320354844@qq.com | tom498143 |
| 495726 |    9 | 9320360851@qq.com | tom122583 |
| 495727 |    9 | 9320520786@qq.com | tom174232 |
| 495728 |    9 | 9320731299@qq.com | tom53328  |
| 495729 |    9 | 9320828594@qq.com | tom364420 |
| 495730 |    9 | 9320946666@qq.com | tom221517 |
| 495731 |    9 | 9321251559@qq.com | tom175093 |
| 495732 |    9 | 9321571066@qq.com | tom227811 |
| 495733 |    9 | 9321771159@qq.com | tom368800 |
| 495734 |    9 | 9321918339@qq.com | tom330292 |
| 495735 |    9 | 9321919581@qq.com | tom31668  |
| 495736 |    9 | 9321969021@qq.com | tom74559  |
| 495737 |    9 | 9322230731@qq.com | tom96593  |
| 495738 |    9 | 9322414083@qq.com | tom33397  |
| 495739 |    9 | 9322738457@qq.com | tom51437  |
| 495740 |    9 | 9322873997@qq.com | tom43834  |
| 495741 |    9 | 9322938622@qq.com | tom376173 |
| 495742 |    9 | 9322962848@qq.com | tom480943 |
| 495743 |    9 | 9323409348@qq.com | tom492744 |
| 495744 |    9 | 9323608707@qq.com | tom433551 |
| 495745 |    9 | 9323694515@qq.com | tom143258 |
| 495746 |    9 | 9323754610@qq.com | tom419512 |
| 495747 |    9 | 9323778701@qq.com | tom483175 |
| 495748 |    9 | 9323997550@qq.com | tom68514  |
| 495749 |    9 | 9324068063@qq.com | tom42761  |
| 495750 |    9 | 9324266589@qq.com | tom165414 |
| 495751 |    9 | 9324485578@qq.com | tom83414  |
| 495752 |    9 | 9324640073@qq.com | tom199530 |
| 495753 |    9 | 9324814627@qq.com | tom263217 |
| 495754 |    9 | 9325010912@qq.com | tom7574   |
| 495755 |    9 | 9325042112@qq.com | tom29251  |
| 495756 |    9 | 9325167820@qq.com | tom341248 |
| 495757 |    9 | 9325866630@qq.com | tom221    |
| 495758 |    9 | 9326047246@qq.com | tom57697  |
| 495759 |    9 | 9326259779@qq.com | tom477512 |
| 495760 |    9 | 9326322834@qq.com | tom124412 |
| 495761 |    9 | 9326455233@qq.com | tom253032 |
| 495762 |    9 | 9326485078@qq.com | tom385800 |
| 495763 |    9 | 9327011447@qq.com | tom194005 |
| 495764 |    9 | 9327165706@qq.com | tom413787 |
| 495765 |    9 | 9327320705@qq.com | tom455203 |
| 495766 |    9 | 9327331954@qq.com | tom53289  |
| 495767 |    9 | 9327383925@qq.com | tom428744 |
| 495768 |    9 | 9327840556@qq.com | tom4678   |
| 495769 |    9 | 9327843045@qq.com | tom292805 |
| 495770 |    9 | 9327882592@qq.com | tom307826 |
| 495771 |    9 | 9328067307@qq.com | tom372263 |
| 495772 |    9 | 9328068382@qq.com | tom170193 |
| 495773 |    9 | 9328069914@qq.com | tom217513 |
| 495774 |    9 | 9328132963@qq.com | tom190416 |
| 495775 |    9 | 9328170261@qq.com | tom181141 |
| 495776 |    9 | 9328346026@qq.com | tom75521  |
| 495777 |    9 | 9328827718@qq.com | tom345435 |
| 495778 |    9 | 9329047948@qq.com | tom291691 |
| 495779 |    9 | 9329247216@qq.com | tom337569 |
| 495780 |    9 | 9329315539@qq.com | tom476275 |
| 495781 |    9 | 9329356991@qq.com | tom20502  |
| 495782 |    9 | 9329422438@qq.com | tom484610 |
| 495783 |    9 | 9329684111@qq.com | tom222216 |
| 495784 |    9 | 9329930334@qq.com | tom187578 |
| 495785 |    9 | 9330252106@qq.com | tom253949 |
| 495786 |    9 | 9330337891@qq.com | tom22955  |
| 495787 |    9 | 9330367313@qq.com | tom326791 |
| 495788 |    9 | 9330551463@qq.com | tom75496  |
| 495789 |    9 | 9331139625@qq.com | tom81337  |
| 495790 |    9 | 9331146451@qq.com | tom127127 |
| 495791 |    9 | 9331529803@qq.com | tom293669 |
| 495792 |    9 | 9331689887@qq.com | tom173466 |
| 495793 |    9 | 9331891922@qq.com | tom275087 |
| 495794 |    9 | 9332065423@qq.com | tom344996 |
| 495795 |    9 | 9332138417@qq.com | tom162253 |
| 495796 |    9 | 9332422903@qq.com | tom294749 |
| 495797 |    9 | 9332465774@qq.com | tom260319 |
| 495798 |    9 | 9332469035@qq.com | tom289460 |
| 495799 |    9 | 9332595965@qq.com | tom244254 |
| 495800 |    9 | 9332611462@qq.com | tom112621 |
| 495801 |    9 | 9332702170@qq.com | tom333294 |
| 495802 |    9 | 9332876376@qq.com | tom112776 |
| 495803 |    9 | 9333195382@qq.com | tom201005 |
| 495804 |    9 | 9333196340@qq.com | tom256772 |
| 495805 |    9 | 9333325087@qq.com | tom29575  |
| 495806 |    9 | 9333450363@qq.com | tom337580 |
| 495807 |    9 | 9333600144@qq.com | tom12804  |
| 495808 |    9 | 9333621833@qq.com | tom53873  |
| 495809 |    9 | 9333662592@qq.com | tom39592  |
| 495810 |    9 | 9333783406@qq.com | tom216168 |
| 495811 |    9 | 9333838703@qq.com | tom104589 |
| 495812 |    9 | 9333857213@qq.com | tom433101 |
| 495813 |    9 | 9334345536@qq.com | tom162160 |
| 495814 |    9 | 9334346838@qq.com | tom268229 |
| 495815 |    9 | 9334403028@qq.com | tom270482 |
| 495816 |    9 | 9334490990@qq.com | tom354497 |
| 495817 |    9 | 9334519953@qq.com | tom228501 |
| 495818 |    9 | 9334731840@qq.com | tom377919 |
| 495819 |    9 | 9334934617@qq.com | tom121827 |
| 495820 |    9 | 9334968679@qq.com | tom463567 |
| 495821 |    9 | 9334989377@qq.com | tom183050 |
| 495822 |    9 | 9335262932@qq.com | tom162171 |
| 495823 |    9 | 9335709364@qq.com | tom149297 |
| 495824 |    9 | 9335908966@qq.com | tom3452   |
| 495825 |    9 | 9336098560@qq.com | tom337163 |
| 495826 |    9 | 9336470785@qq.com | tom263027 |
| 495827 |    9 | 9336613171@qq.com | tom345984 |
| 495828 |    9 | 9336828174@qq.com | tom382282 |
| 495829 |    9 | 9336898418@qq.com | tom425332 |
| 495830 |    9 | 9337082040@qq.com | tom381229 |
| 495831 |    9 | 9337328507@qq.com | tom61964  |
| 495832 |    9 | 9337506132@qq.com | tom279128 |
| 495833 |    9 | 9337691535@qq.com | tom177423 |
| 495834 |    9 | 9337813068@qq.com | tom385235 |
| 495835 |    9 | 9337914345@qq.com | tom354132 |
| 495836 |    9 | 9338002664@qq.com | tom23463  |
| 495837 |    9 | 9338172326@qq.com | tom40749  |
| 495838 |    9 | 9338277883@qq.com | tom457768 |
| 495839 |    9 | 9338309281@qq.com | tom174347 |
| 495840 |    9 | 9338421834@qq.com | tom356899 |
| 495841 |    9 | 9338694527@qq.com | tom1201   |
| 495842 |    9 | 9339395561@qq.com | tom439749 |
| 495843 |    9 | 9339499598@qq.com | tom344013 |
| 495844 |    9 | 9339541655@qq.com | tom321261 |
| 495845 |    9 | 9339586101@qq.com | tom104886 |
| 495846 |    9 | 9339594993@qq.com | tom245085 |
| 495847 |    9 | 9339742981@qq.com | tom372074 |
| 495848 |    9 | 9339857658@qq.com | tom202763 |
| 495849 |    9 | 9340225498@qq.com | tom153616 |
| 495850 |    9 | 9340279005@qq.com | tom82576  |
| 495851 |    9 | 9340533626@qq.com | tom1967   |
| 495852 |    9 | 9340553513@qq.com | tom254949 |
| 495853 |    9 | 9340567229@qq.com | tom195570 |
| 495854 |    9 | 9340749134@qq.com | tom335184 |
| 495855 |    9 | 9340764751@qq.com | tom204866 |
| 495856 |    9 | 9341074769@qq.com | tom11125  |
| 495857 |    9 | 9341322505@qq.com | tom204216 |
| 495858 |    9 | 9341331192@qq.com | tom433595 |
| 495859 |    9 | 9341350966@qq.com | tom28743  |
| 495860 |    9 | 9341569748@qq.com | tom295812 |
| 495861 |    9 | 9341571881@qq.com | tom473066 |
| 495862 |    9 | 9341630346@qq.com | tom65407  |
| 495863 |    9 | 9341847379@qq.com | tom448505 |
| 495864 |    9 | 9342341142@qq.com | tom156183 |
| 495865 |    9 | 9342366597@qq.com | tom148333 |
| 495866 |    9 | 9342471236@qq.com | tom396567 |
| 495867 |    9 | 9342700636@qq.com | tom400397 |
| 495868 |    9 | 9342870596@qq.com | tom55087  |
| 495869 |    9 | 9343044218@qq.com | tom35852  |
| 495870 |    9 | 9343455095@qq.com | tom451455 |
| 495871 |    9 | 9343538327@qq.com | tom262771 |
| 495872 |    9 | 9344011705@qq.com | tom451359 |
| 495873 |    9 | 9344013679@qq.com | tom254456 |
| 495874 |    9 | 9344160209@qq.com | tom345077 |
| 495875 |    9 | 9344343458@qq.com | tom128369 |
| 495876 |    9 | 9344527188@qq.com | tom287338 |
| 495877 |    9 | 9344702088@qq.com | tom463447 |
| 495878 |    9 | 9344763716@qq.com | tom214055 |
| 495879 |    9 | 9344780535@qq.com | tom393239 |
| 495880 |    9 | 9344845468@qq.com | tom463532 |
| 495881 |    9 | 9344902822@qq.com | tom64268  |
| 495882 |    9 | 9344912211@qq.com | tom125475 |
| 495883 |    9 | 9345189814@qq.com | tom223467 |
| 495884 |    9 | 9345451566@qq.com | tom470812 |
| 495885 |    9 | 9345572114@qq.com | tom303306 |
| 495886 |    9 | 9346092938@qq.com | tom155081 |
| 495887 |    9 | 9346136660@qq.com | tom172548 |
| 495888 |    9 | 9346394778@qq.com | tom336276 |
| 495889 |    9 | 9346429086@qq.com | tom204021 |
| 495890 |    9 | 9346583716@qq.com | tom248568 |
| 495891 |    9 | 9346683983@qq.com | tom89354  |
| 495892 |    9 | 9346773335@qq.com | tom395575 |
| 495893 |    9 | 9346863485@qq.com | tom41195  |
| 495894 |    9 | 9346922779@qq.com | tom441503 |
| 495895 |    9 | 9347125474@qq.com | tom419661 |
| 495896 |    9 | 9347173042@qq.com | tom167184 |
| 495897 |    9 | 9347253132@qq.com | tom115794 |
| 495898 |    9 | 9347586642@qq.com | tom363607 |
| 495899 |    9 | 9347600515@qq.com | tom44300  |
| 495900 |    9 | 9347613486@qq.com | tom266791 |
| 495901 |    9 | 9347716065@qq.com | tom167088 |
| 495902 |    9 | 9347789077@qq.com | tom339326 |
| 495903 |    9 | 9347885156@qq.com | tom342042 |
| 495904 |    9 | 9347904288@qq.com | tom457179 |
| 495905 |    9 | 9347949427@qq.com | tom229891 |
| 495906 |    9 | 9347956774@qq.com | tom297995 |
| 495907 |    9 | 9348493522@qq.com | tom192500 |
| 495908 |    9 | 9348527086@qq.com | tom406520 |
| 495909 |    9 | 9348902698@qq.com | tom172610 |
| 495910 |    9 | 9349146967@qq.com | tom262458 |
| 495911 |    9 | 9349160567@qq.com | tom334384 |
| 495912 |    9 | 9349624592@qq.com | tom477722 |
| 495913 |    9 | 9349829906@qq.com | tom451529 |
| 495914 |    9 | 9350154341@qq.com | tom98631  |
| 495915 |    9 | 9350212534@qq.com | tom313852 |
| 495916 |    9 | 9350251507@qq.com | tom178152 |
| 495917 |    9 | 9350366229@qq.com | tom267528 |
| 495918 |    9 | 9350366332@qq.com | tom201776 |
| 495919 |    9 | 9350540905@qq.com | tom411354 |
| 495920 |    9 | 9350874245@qq.com | tom199602 |
| 495921 |    9 | 9351136678@qq.com | tom131021 |
| 495922 |    9 | 9351264285@qq.com | tom142683 |
| 495923 |    9 | 9351312477@qq.com | tom204744 |
| 495924 |    9 | 9351776488@qq.com | tom401833 |
| 495925 |    9 | 9352172052@qq.com | tom473097 |
| 495926 |    9 | 9352279627@qq.com | tom444533 |
| 495927 |    9 | 9352332037@qq.com | tom385677 |
| 495928 |    9 | 9352603910@qq.com | tom202568 |
| 495929 |    9 | 9353102599@qq.com | tom388670 |
| 495930 |    9 | 9353421622@qq.com | tom427093 |
| 495931 |    9 | 9353481138@qq.com | tom106638 |
| 495932 |    9 | 9353538683@qq.com | tom147449 |
| 495933 |    9 | 9353679657@qq.com | tom355152 |
| 495934 |    9 | 9353680999@qq.com | tom322235 |
| 495935 |    9 | 9353755214@qq.com | tom347732 |
| 495936 |    9 | 9353967967@qq.com | tom80575  |
| 495937 |    9 | 9354018316@qq.com | tom210992 |
| 495938 |    9 | 9354049547@qq.com | tom67673  |
| 495939 |    9 | 9354100284@qq.com | tom4923   |
| 495940 |    9 | 9354128662@qq.com | tom358523 |
| 495941 |    9 | 9354205791@qq.com | tom282223 |
| 495942 |    9 | 9354450651@qq.com | tom89141  |
| 495943 |    9 | 9354566016@qq.com | tom59399  |
| 495944 |    9 | 9354577253@qq.com | tom92481  |
| 495945 |    9 | 9354676267@qq.com | tom183848 |
| 495946 |    9 | 9354811163@qq.com | tom235016 |
| 495947 |    9 | 9354968565@qq.com | tom461304 |
| 495948 |    9 | 9355394171@qq.com | tom42199  |
| 495949 |    9 | 9355710246@qq.com | tom198005 |
| 495950 |    9 | 9355923161@qq.com | tom314937 |
| 495951 |    9 | 9356128354@qq.com | tom448675 |
| 495952 |    9 | 9356351102@qq.com | tom216792 |
| 495953 |    9 | 9356555096@qq.com | tom99785  |
| 495954 |    9 | 9356663879@qq.com | tom463977 |
| 495955 |    9 | 9356667442@qq.com | tom483143 |
| 495956 |    9 | 9357088481@qq.com | tom316536 |
| 495957 |    9 | 9357620428@qq.com | tom471812 |
| 495958 |    9 | 9357628984@qq.com | tom55885  |
| 495959 |    9 | 9357650287@qq.com | tom406078 |
| 495960 |    9 | 9357660054@qq.com | tom13007  |
| 495961 |    9 | 9357670689@qq.com | tom391860 |
| 495962 |    9 | 9357925954@qq.com | tom465292 |
| 495963 |    9 | 9358164550@qq.com | tom107161 |
| 495964 |    9 | 9358304852@qq.com | tom384834 |
| 495965 |    9 | 9358338406@qq.com | tom402783 |
| 495966 |    9 | 9358752003@qq.com | tom285992 |
| 495967 |    9 | 9358765963@qq.com | tom11982  |
| 495968 |    9 | 9358807424@qq.com | tom66897  |
| 495969 |    9 | 9358998224@qq.com | tom266785 |
| 495970 |    9 | 9359370005@qq.com | tom469314 |
| 495971 |    9 | 9359401090@qq.com | tom228045 |
| 495972 |    9 | 9359487000@qq.com | tom17266  |
| 495973 |    9 | 9359710213@qq.com | tom95571  |
| 495974 |    9 | 9359799766@qq.com | tom470828 |
| 495975 |    9 | 9360063240@qq.com | tom471222 |
| 495976 |    9 | 9360182029@qq.com | tom174895 |
| 495977 |    9 | 9360226158@qq.com | tom301908 |
| 495978 |    9 | 9360510722@qq.com | tom44561  |
| 495979 |    9 | 9360760747@qq.com | tom139206 |
| 495980 |    9 | 9360761249@qq.com | tom241175 |
| 495981 |    9 | 9360797064@qq.com | tom253794 |
| 495982 |    9 | 9360831759@qq.com | tom406004 |
| 495983 |    9 | 9360889364@qq.com | tom143486 |
| 495984 |    9 | 9360989612@qq.com | tom427907 |
| 495985 |    9 | 9361308307@qq.com | tom5817   |
| 495986 |    9 | 9361467533@qq.com | tom180394 |
| 495987 |    9 | 9361496209@qq.com | tom281927 |
| 495988 |    9 | 9361551111@qq.com | tom114310 |
| 495989 |    9 | 9361639680@qq.com | tom130720 |
| 495990 |    9 | 9361696859@qq.com | tom17620  |
| 495991 |    9 | 9361952158@qq.com | tom282778 |
| 495992 |    9 | 9362352266@qq.com | tom339303 |
| 495993 |    9 | 9362787959@qq.com | tom232083 |
| 495994 |    9 | 9362793271@qq.com | tom212768 |
| 495995 |    9 | 9363033913@qq.com | tom484510 |
| 495996 |    9 | 9363043235@qq.com | tom452617 |
| 495997 |    9 | 9363062336@qq.com | tom379927 |
| 495998 |    9 | 9363142700@qq.com | tom147471 |
| 495999 |    9 | 9363167109@qq.com | tom156551 |
| 496000 |    9 | 9363272210@qq.com | tom122715 |
| 496001 |    9 | 9363772580@qq.com | tom276387 |
| 496002 |    9 | 9363836240@qq.com | tom247076 |
| 496003 |    9 | 9363843312@qq.com | tom128588 |
| 496004 |    9 | 9364015097@qq.com | tom403202 |
| 496005 |    9 | 9364602067@qq.com | tom131546 |
| 496006 |    9 | 9364912672@qq.com | tom404006 |
| 496007 |    9 | 9365050669@qq.com | tom115412 |
| 496008 |    9 | 9365067290@qq.com | tom183173 |
| 496009 |    9 | 9365082309@qq.com | tom195414 |
| 496010 |    9 | 9365137891@qq.com | tom381095 |
| 496011 |    9 | 9365149524@qq.com | tom16317  |
| 496012 |    9 | 9365420388@qq.com | tom231082 |
| 496013 |    9 | 9365432339@qq.com | tom189393 |
| 496014 |    9 | 9365755317@qq.com | tom416473 |
| 496015 |    9 | 9365800798@qq.com | tom50757  |
| 496016 |    9 | 9366036989@qq.com | tom462140 |
| 496017 |    9 | 9366399720@qq.com | tom375024 |
| 496018 |    9 | 9366591754@qq.com | tom424859 |
| 496019 |    9 | 9366619844@qq.com | tom42944  |
| 496020 |    9 | 9366781635@qq.com | tom264816 |
| 496021 |    9 | 9366822202@qq.com | tom205472 |
| 496022 |    9 | 9366923924@qq.com | tom7890   |
| 496023 |    9 | 9366963442@qq.com | tom131252 |
| 496024 |    9 | 9367144812@qq.com | tom277360 |
| 496025 |    9 | 9367259984@qq.com | tom384559 |
| 496026 |    9 | 9367284552@qq.com | tom227923 |
| 496027 |    9 | 9367326421@qq.com | tom313303 |
| 496028 |    9 | 9367342315@qq.com | tom208974 |
| 496029 |    9 | 9367435225@qq.com | tom245820 |
| 496030 |    9 | 9367486646@qq.com | tom487585 |
| 496031 |    9 | 9367761517@qq.com | tom459119 |
| 496032 |    9 | 9368356690@qq.com | tom214465 |
| 496033 |    9 | 9368421445@qq.com | tom5594   |
| 496034 |    9 | 9368694503@qq.com | tom43521  |
| 496035 |    9 | 9369002676@qq.com | tom411121 |
| 496036 |    9 | 9369119340@qq.com | tom425990 |
| 496037 |    9 | 9369415675@qq.com | tom424904 |
| 496038 |    9 | 9370390087@qq.com | tom171799 |
| 496039 |    9 | 9370606513@qq.com | tom495348 |
| 496040 |    9 | 9370628765@qq.com | tom212892 |
| 496041 |    9 | 9370764713@qq.com | tom159358 |
| 496042 |    9 | 9371005519@qq.com | tom146952 |
| 496043 |    9 | 9371101477@qq.com | tom206226 |
| 496044 |    9 | 9371412411@qq.com | tom279364 |
| 496045 |    9 | 9371547735@qq.com | tom263551 |
| 496046 |    9 | 9371571950@qq.com | tom228757 |
| 496047 |    9 | 9371675421@qq.com | tom15902  |
| 496048 |    9 | 9371704637@qq.com | tom162192 |
| 496049 |    9 | 9371716343@qq.com | tom277335 |
| 496050 |    9 | 9371868598@qq.com | tom64137  |
| 496051 |    9 | 9371891690@qq.com | tom427521 |
| 496052 |    9 | 9372352189@qq.com | tom345987 |
| 496053 |    9 | 9372368987@qq.com | tom65325  |
| 496054 |    9 | 9372410261@qq.com | tom258193 |
| 496055 |    9 | 9372506045@qq.com | tom385845 |
| 496056 |    9 | 9372624344@qq.com | tom456440 |
| 496057 |    9 | 9372645265@qq.com | tom235771 |
| 496058 |    9 | 9372688058@qq.com | tom408226 |
| 496059 |    9 | 9372953036@qq.com | tom148042 |
| 496060 |    9 | 9372998577@qq.com | tom190864 |
| 496061 |    9 | 9373061886@qq.com | tom35492  |
| 496062 |    9 | 9373694800@qq.com | tom195319 |
| 496063 |    9 | 9373816391@qq.com | tom344384 |
| 496064 |    9 | 9373865810@qq.com | tom285661 |
| 496065 |    9 | 9374013358@qq.com | tom145011 |
| 496066 |    9 | 9374383404@qq.com | tom369488 |
| 496067 |    9 | 9374394252@qq.com | tom253944 |
| 496068 |    9 | 9374620532@qq.com | tom196315 |
| 496069 |    9 | 9374846128@qq.com | tom345805 |
| 496070 |    9 | 9375086698@qq.com | tom478708 |
| 496071 |    9 | 9375103472@qq.com | tom109574 |
| 496072 |    9 | 9375103601@qq.com | tom330052 |
| 496073 |    9 | 9375160127@qq.com | tom134874 |
| 496074 |    9 | 9375516484@qq.com | tom496363 |
| 496075 |    9 | 9375653590@qq.com | tom345540 |
| 496076 |    9 | 9375859602@qq.com | tom499040 |
| 496077 |    9 | 9375996468@qq.com | tom437009 |
| 496078 |    9 | 9376168010@qq.com | tom274528 |
| 496079 |    9 | 9376194954@qq.com | tom470726 |
| 496080 |    9 | 9376332867@qq.com | tom257161 |
| 496081 |    9 | 9376386056@qq.com | tom446848 |
| 496082 |    9 | 9376597023@qq.com | tom113240 |
| 496083 |    9 | 9376848849@qq.com | tom410495 |
| 496084 |    9 | 9376905798@qq.com | tom378779 |
| 496085 |    9 | 9377118479@qq.com | tom204790 |
| 496086 |    9 | 9377187357@qq.com | tom233165 |
| 496087 |    9 | 9377459124@qq.com | tom109057 |
| 496088 |    9 | 9377567033@qq.com | tom257249 |
| 496089 |    9 | 9377602749@qq.com | tom112612 |
| 496090 |    9 | 9377606844@qq.com | tom323435 |
| 496091 |    9 | 9377761454@qq.com | tom372830 |
| 496092 |    9 | 9378027094@qq.com | tom379339 |
| 496093 |    9 | 9378043728@qq.com | tom489751 |
| 496094 |    9 | 9378070307@qq.com | tom22413  |
| 496095 |    9 | 9378113457@qq.com | tom410716 |
| 496096 |    9 | 9378148763@qq.com | tom438271 |
| 496097 |    9 | 9378246036@qq.com | tom412319 |
| 496098 |    9 | 9378249646@qq.com | tom498128 |
| 496099 |    9 | 9378257720@qq.com | tom412473 |
| 496100 |    9 | 9378386266@qq.com | tom408454 |
| 496101 |    9 | 9378433492@qq.com | tom234365 |
| 496102 |    9 | 9378794800@qq.com | tom282654 |
| 496103 |    9 | 9378950720@qq.com | tom100489 |
| 496104 |    9 | 9378955304@qq.com | tom217198 |
| 496105 |    9 | 9379240245@qq.com | tom96668  |
| 496106 |    9 | 9379349490@qq.com | tom42592  |
| 496107 |    9 | 9379459409@qq.com | tom2731   |
| 496108 |    9 | 9379604431@qq.com | tom480933 |
| 496109 |    9 | 9379642427@qq.com | tom134616 |
| 496110 |    9 | 9379654730@qq.com | tom8991   |
| 496111 |    9 | 9379989120@qq.com | tom320499 |
| 496112 |    9 | 9380436051@qq.com | tom491369 |
| 496113 |    9 | 9380550798@qq.com | tom15626  |
| 496114 |    9 | 9380573372@qq.com | tom81020  |
| 496115 |    9 | 9380679151@qq.com | tom361993 |
| 496116 |    9 | 9380689793@qq.com | tom51900  |
| 496117 |    9 | 9381092676@qq.com | tom138905 |
| 496118 |    9 | 9381177659@qq.com | tom43638  |
| 496119 |    9 | 9381258246@qq.com | tom135500 |
| 496120 |    9 | 9381527435@qq.com | tom328773 |
| 496121 |    9 | 9381580467@qq.com | tom207472 |
| 496122 |    9 | 9381953097@qq.com | tom257614 |
| 496123 |    9 | 9381962414@qq.com | tom221852 |
| 496124 |    9 | 9382020246@qq.com | tom64889  |
| 496125 |    9 | 9382059789@qq.com | tom5451   |
| 496126 |    9 | 9382221869@qq.com | tom398512 |
| 496127 |    9 | 9382603005@qq.com | tom42778  |
| 496128 |    9 | 9382689375@qq.com | tom16955  |
| 496129 |    9 | 9382928775@qq.com | tom451624 |
| 496130 |    9 | 9382970231@qq.com | tom204085 |
| 496131 |    9 | 9383005542@qq.com | tom281627 |
| 496132 |    9 | 9383048761@qq.com | tom252889 |
| 496133 |    9 | 9383081881@qq.com | tom80614  |
| 496134 |    9 | 9383513814@qq.com | tom52449  |
| 496135 |    9 | 9383598767@qq.com | tom24639  |
| 496136 |    9 | 9383995502@qq.com | tom74813  |
| 496137 |    9 | 9384007238@qq.com | tom95952  |
| 496138 |    9 | 9384188035@qq.com | tom60328  |
| 496139 |    9 | 9384393242@qq.com | tom45829  |
| 496140 |    9 | 9384421283@qq.com | tom253994 |
| 496141 |    9 | 9384427437@qq.com | tom212921 |
| 496142 |    9 | 9384554146@qq.com | tom368787 |
| 496143 |    9 | 9385460046@qq.com | tom461329 |
| 496144 |    9 | 9385479885@qq.com | tom412714 |
| 496145 |    9 | 9385667643@qq.com | tom147811 |
| 496146 |    9 | 9385894595@qq.com | tom481856 |
| 496147 |    9 | 9385963358@qq.com | tom333306 |
| 496148 |    9 | 9386041344@qq.com | tom421626 |
| 496149 |    9 | 9386222949@qq.com | tom224205 |
| 496150 |    9 | 9386495652@qq.com | tom335909 |
| 496151 |    9 | 9386717746@qq.com | tom364218 |
| 496152 |    9 | 9387050974@qq.com | tom269745 |
| 496153 |    9 | 9387263245@qq.com | tom295451 |
| 496154 |    9 | 9387357048@qq.com | tom412244 |
| 496155 |    9 | 9387435673@qq.com | tom335962 |
| 496156 |    9 | 9387751697@qq.com | tom63724  |
| 496157 |    9 | 9387754235@qq.com | tom101950 |
| 496158 |    9 | 9387823606@qq.com | tom381372 |
| 496159 |    9 | 9387858664@qq.com | tom299227 |
| 496160 |    9 | 9387860986@qq.com | tom463222 |
| 496161 |    9 | 9388013107@qq.com | tom433025 |
| 496162 |    9 | 9388030579@qq.com | tom340605 |
| 496163 |    9 | 9388184195@qq.com | tom27330  |
| 496164 |    9 | 9388548820@qq.com | tom51227  |
| 496165 |    9 | 9388719059@qq.com | tom9133   |
| 496166 |    9 | 9388837030@qq.com | tom318240 |
| 496167 |    9 | 9388851195@qq.com | tom117353 |
| 496168 |    9 | 9388884226@qq.com | tom208446 |
| 496169 |    9 | 9389308592@qq.com | tom94937  |
| 496170 |    9 | 9389504622@qq.com | tom368684 |
| 496171 |    9 | 9389739797@qq.com | tom269284 |
| 496172 |    9 | 9390365050@qq.com | tom67379  |
| 496173 |    9 | 9390583293@qq.com | tom386802 |
| 496174 |    9 | 9390789346@qq.com | tom201457 |
| 496175 |    9 | 9390841326@qq.com | tom322250 |
| 496176 |    9 | 9391294603@qq.com | tom340028 |
| 496177 |    9 | 9391869196@qq.com | tom196941 |
| 496178 |    9 | 9392351888@qq.com | tom2994   |
| 496179 |    9 | 9392354417@qq.com | tom323379 |
| 496180 |    9 | 9392732627@qq.com | tom144118 |
| 496181 |    9 | 9392804363@qq.com | tom340267 |
| 496182 |    9 | 9392872330@qq.com | tom402490 |
| 496183 |    9 | 9392881118@qq.com | tom408446 |
| 496184 |    9 | 9393084165@qq.com | tom25688  |
| 496185 |    9 | 9393139065@qq.com | tom294688 |
| 496186 |    9 | 9393288630@qq.com | tom306874 |
| 496187 |    9 | 9393958353@qq.com | tom403662 |
| 496188 |    9 | 9394236521@qq.com | tom15707  |
| 496189 |    9 | 9394399034@qq.com | tom116240 |
| 496190 |    9 | 9394454665@qq.com | tom262107 |
| 496191 |    9 | 9394682949@qq.com | tom75161  |
| 496192 |    9 | 9394685034@qq.com | tom286467 |
| 496193 |    9 | 9394822655@qq.com | tom451688 |
| 496194 |    9 | 9394939541@qq.com | tom166785 |
| 496195 |    9 | 9395602519@qq.com | tom126342 |
| 496196 |    9 | 9395670065@qq.com | tom330556 |
| 496197 |    9 | 9395883316@qq.com | tom370797 |
| 496198 |    9 | 9395967869@qq.com | tom85835  |
| 496199 |    9 | 9396147175@qq.com | tom350385 |
| 496200 |    9 | 9396259153@qq.com | tom177567 |
| 496201 |    9 | 9396361461@qq.com | tom250657 |
| 496202 |    9 | 9396421264@qq.com | tom225759 |
| 496203 |    9 | 9396658792@qq.com | tom386934 |
| 496204 |    9 | 9396734605@qq.com | tom180822 |
| 496205 |    9 | 9396845794@qq.com | tom133044 |
| 496206 |    9 | 9396863401@qq.com | tom64061  |
| 496207 |    9 | 9397388164@qq.com | tom48912  |
| 496208 |    9 | 9397388426@qq.com | tom62583  |
| 496209 |    9 | 9397591558@qq.com | tom200376 |
| 496210 |    9 | 9397719342@qq.com | tom208013 |
| 496211 |    9 | 9397934174@qq.com | tom168861 |
| 496212 |    9 | 9398023982@qq.com | tom303326 |
| 496213 |    9 | 9398085963@qq.com | tom16656  |
| 496214 |    9 | 9398190253@qq.com | tom336997 |
| 496215 |    9 | 9398285751@qq.com | tom130521 |
| 496216 |    9 | 9398446106@qq.com | tom173490 |
| 496217 |    9 | 9398552265@qq.com | tom164880 |
| 496218 |    9 | 9398628441@qq.com | tom297528 |
| 496219 |    9 | 9398634008@qq.com | tom363211 |
| 496220 |    9 | 9398734954@qq.com | tom37643  |
| 496221 |    9 | 9398741743@qq.com | tom336228 |
| 496222 |    9 | 9399162879@qq.com | tom440972 |
| 496223 |    9 | 9399244779@qq.com | tom466870 |
| 496224 |    9 | 9399250483@qq.com | tom151565 |
| 496225 |    9 | 9399573051@qq.com | tom358549 |
| 496226 |    9 | 9399590799@qq.com | tom364477 |
| 496227 |    9 | 9399610483@qq.com | tom83177  |
| 496228 |    9 | 9399736188@qq.com | tom156110 |
| 496229 |    9 | 9399903744@qq.com | tom222958 |
| 496230 |    9 | 9400051097@qq.com | tom217157 |
| 496231 |    9 | 9400265171@qq.com | tom26739  |
| 496232 |    9 | 9400421370@qq.com | tom216268 |
| 496233 |    9 | 9400555403@qq.com | tom260696 |
| 496234 |    9 | 9400597160@qq.com | tom231647 |
| 496235 |    9 | 9400653639@qq.com | tom202477 |
| 496236 |    9 | 9400777358@qq.com | tom210911 |
| 496237 |    9 | 9400827245@qq.com | tom454197 |
| 496238 |    9 | 9400950108@qq.com | tom342621 |
| 496239 |    9 | 9401085471@qq.com | tom32912  |
| 496240 |    9 | 9401311842@qq.com | tom466343 |
| 496241 |    9 | 9401329961@qq.com | tom493118 |
| 496242 |    9 | 9401428400@qq.com | tom43151  |
| 496243 |    9 | 9401444175@qq.com | tom73072  |
| 496244 |    9 | 9401847660@qq.com | tom75528  |
| 496245 |    9 | 9401944398@qq.com | tom347508 |
| 496246 |    9 | 9402034629@qq.com | tom404685 |
| 496247 |    9 | 9402199978@qq.com | tom420154 |
| 496248 |    9 | 9402504006@qq.com | tom111722 |
| 496249 |    9 | 9402550693@qq.com | tom446312 |
| 496250 |    9 | 9402686129@qq.com | tom442363 |
| 496251 |    9 | 9402847850@qq.com | tom3765   |
| 496252 |    9 | 9402869216@qq.com | tom402877 |
| 496253 |    9 | 9402917804@qq.com | tom352746 |
| 496254 |    9 | 9402919919@qq.com | tom499147 |
| 496255 |    9 | 9403128967@qq.com | tom499110 |
| 496256 |    9 | 9403444879@qq.com | tom14665  |
| 496257 |    9 | 9403454224@qq.com | tom136246 |
| 496258 |    9 | 9403480845@qq.com | tom121778 |
| 496259 |    9 | 9403692826@qq.com | tom227645 |
| 496260 |    9 | 9403914804@qq.com | tom12747  |
| 496261 |    9 | 9403955461@qq.com | tom162858 |
| 496262 |    9 | 9404010076@qq.com | tom229096 |
| 496263 |    9 | 9404074146@qq.com | tom368482 |
| 496264 |    9 | 9404200597@qq.com | tom132312 |
| 496265 |    9 | 9404277166@qq.com | tom35098  |
| 496266 |    9 | 9404439098@qq.com | tom203594 |
| 496267 |    9 | 9404562948@qq.com | tom128678 |
| 496268 |    9 | 9404594153@qq.com | tom378500 |
| 496269 |    9 | 9404616124@qq.com | tom122499 |
| 496270 |    9 | 9404682732@qq.com | tom6313   |
| 496271 |    9 | 9404815672@qq.com | tom385691 |
| 496272 |    9 | 9404994215@qq.com | tom61920  |
| 496273 |    9 | 9405336383@qq.com | tom220583 |
| 496274 |    9 | 9405347875@qq.com | tom247468 |
| 496275 |    9 | 9405352242@qq.com | tom135066 |
| 496276 |    9 | 9405360861@qq.com | tom384307 |
| 496277 |    9 | 9405483705@qq.com | tom251144 |
| 496278 |    9 | 9405531521@qq.com | tom440723 |
| 496279 |    9 | 9405818111@qq.com | tom218878 |
| 496280 |    9 | 9405830121@qq.com | tom27869  |
| 496281 |    9 | 9405947263@qq.com | tom13345  |
| 496282 |    9 | 9405951680@qq.com | tom227310 |
| 496283 |    9 | 9406055968@qq.com | tom400473 |
| 496284 |    9 | 9406299395@qq.com | tom124024 |
| 496285 |    9 | 9406308884@qq.com | tom38382  |
| 496286 |    9 | 9406751878@qq.com | tom65403  |
| 496287 |    9 | 9406984819@qq.com | tom74871  |
| 496288 |    9 | 9407011425@qq.com | tom161062 |
| 496289 |    9 | 9407034281@qq.com | tom341504 |
| 496290 |    9 | 9407037828@qq.com | tom271418 |
| 496291 |    9 | 9407434023@qq.com | tom69740  |
| 496292 |    9 | 9407685263@qq.com | tom358263 |
| 496293 |    9 | 9407849386@qq.com | tom338341 |
| 496294 |    9 | 9407910903@qq.com | tom137165 |
| 496295 |    9 | 9407956392@qq.com | tom218969 |
| 496296 |    9 | 9408040894@qq.com | tom20942  |
| 496297 |    9 | 9408222246@qq.com | tom414290 |
| 496298 |    9 | 9408325043@qq.com | tom293625 |
| 496299 |    9 | 9408589710@qq.com | tom190303 |
| 496300 |    9 | 9408736304@qq.com | tom211664 |
| 496301 |    9 | 9408981826@qq.com | tom247466 |
| 496302 |    9 | 9409079896@qq.com | tom343986 |
| 496303 |    9 | 9409221288@qq.com | tom204980 |
| 496304 |    9 | 9409304720@qq.com | tom352818 |
| 496305 |    9 | 9409312026@qq.com | tom356167 |
| 496306 |    9 | 9409386300@qq.com | tom184968 |
| 496307 |    9 | 9409519503@qq.com | tom146145 |
| 496308 |    9 | 9409612950@qq.com | tom371149 |
| 496309 |    9 | 9409641321@qq.com | tom169651 |
| 496310 |    9 | 9409976932@qq.com | tom391873 |
| 496311 |    9 | 9410227898@qq.com | tom183967 |
| 496312 |    9 | 9410553679@qq.com | tom396797 |
| 496313 |    9 | 9410559649@qq.com | tom359332 |
| 496314 |    9 | 9410646717@qq.com | tom420020 |
| 496315 |    9 | 9410652656@qq.com | tom303562 |
| 496316 |    9 | 9410883346@qq.com | tom346774 |
| 496317 |    9 | 9410906336@qq.com | tom128158 |
| 496318 |    9 | 9410936046@qq.com | tom364998 |
| 496319 |    9 | 9410949842@qq.com | tom135129 |
| 496320 |    9 | 9411041840@qq.com | tom411093 |
| 496321 |    9 | 9411176490@qq.com | tom30050  |
| 496322 |    9 | 9411336495@qq.com | tom248888 |
| 496323 |    9 | 9411412236@qq.com | tom288739 |
| 496324 |    9 | 9411447326@qq.com | tom5514   |
| 496325 |    9 | 9411449882@qq.com | tom307485 |
| 496326 |    9 | 9411509753@qq.com | tom301639 |
| 496327 |    9 | 9411695242@qq.com | tom135679 |
| 496328 |    9 | 9411924692@qq.com | tom35290  |
| 496329 |    9 | 9412089638@qq.com | tom406296 |
| 496330 |    9 | 9412311093@qq.com | tom310768 |
| 496331 |    9 | 9412513698@qq.com | tom437958 |
| 496332 |    9 | 9412559416@qq.com | tom8999   |
| 496333 |    9 | 9412570593@qq.com | tom370602 |
| 496334 |    9 | 9412731627@qq.com | tom409827 |
| 496335 |    9 | 9412973720@qq.com | tom234443 |
| 496336 |    9 | 9413482004@qq.com | tom455663 |
| 496337 |    9 | 9413579959@qq.com | tom372910 |
| 496338 |    9 | 9413616972@qq.com | tom186294 |
| 496339 |    9 | 9413789837@qq.com | tom452730 |
| 496340 |    9 | 9413875624@qq.com | tom229285 |
| 496341 |    9 | 9413922562@qq.com | tom28408  |
| 496342 |    9 | 9413947014@qq.com | tom349476 |
| 496343 |    9 | 9414010402@qq.com | tom441402 |
| 496344 |    9 | 9414159081@qq.com | tom183141 |
| 496345 |    9 | 9414160712@qq.com | tom35407  |
| 496346 |    9 | 9414225196@qq.com | tom356418 |
| 496347 |    9 | 9414279178@qq.com | tom174972 |
| 496348 |    9 | 9414378760@qq.com | tom111620 |
| 496349 |    9 | 9414527819@qq.com | tom345907 |
| 496350 |    9 | 9414661514@qq.com | tom291717 |
| 496351 |    9 | 9414769901@qq.com | tom404638 |
| 496352 |    9 | 9414913382@qq.com | tom458647 |
| 496353 |    9 | 9415030959@qq.com | tom340564 |
| 496354 |    9 | 9415202956@qq.com | tom29031  |
| 496355 |    9 | 9415207861@qq.com | tom47258  |
| 496356 |    9 | 9415209741@qq.com | tom265125 |
| 496357 |    9 | 9415532582@qq.com | tom370292 |
| 496358 |    9 | 9415542670@qq.com | tom320432 |
| 496359 |    9 | 9415554696@qq.com | tom120436 |
| 496360 |    9 | 9415580395@qq.com | tom325999 |
| 496361 |    9 | 9416041792@qq.com | tom206218 |
| 496362 |    9 | 9416105310@qq.com | tom107558 |
| 496363 |    9 | 9416176651@qq.com | tom83803  |
| 496364 |    9 | 9416197557@qq.com | tom462196 |
| 496365 |    9 | 9416431060@qq.com | tom143568 |
| 496366 |    9 | 9416625841@qq.com | tom251554 |
| 496367 |    9 | 9416689483@qq.com | tom354256 |
| 496368 |    9 | 9417241830@qq.com | tom169478 |
| 496369 |    9 | 9417268274@qq.com | tom450216 |
| 496370 |    9 | 9417380543@qq.com | tom123674 |
| 496371 |    9 | 9417762615@qq.com | tom304712 |
| 496372 |    9 | 9417799403@qq.com | tom423049 |
| 496373 |    9 | 9417847762@qq.com | tom33285  |
| 496374 |    9 | 9418009431@qq.com | tom489812 |
| 496375 |    9 | 9418085449@qq.com | tom272272 |
| 496376 |    9 | 9418115329@qq.com | tom233501 |
| 496377 |    9 | 9418144840@qq.com | tom423487 |
| 496378 |    9 | 9418249337@qq.com | tom274958 |
| 496379 |    9 | 9418704155@qq.com | tom321275 |
| 496380 |    9 | 9418728616@qq.com | tom320793 |
| 496381 |    9 | 9418737508@qq.com | tom315387 |
| 496382 |    9 | 9418777131@qq.com | tom311945 |
| 496383 |    9 | 9418997000@qq.com | tom39341  |
| 496384 |    9 | 9419022539@qq.com | tom46253  |
| 496385 |    9 | 9419126480@qq.com | tom239139 |
| 496386 |    9 | 9419390229@qq.com | tom182525 |
| 496387 |    9 | 9419412825@qq.com | tom290309 |
| 496388 |    9 | 9419442492@qq.com | tom48119  |
| 496389 |    9 | 9419610177@qq.com | tom121870 |
| 496390 |    9 | 9419681610@qq.com | tom234499 |
| 496391 |    9 | 9419893263@qq.com | tom428525 |
| 496392 |    9 | 9420106851@qq.com | tom177178 |
| 496393 |    9 | 9420196346@qq.com | tom177204 |
| 496394 |    9 | 9420536995@qq.com | tom207136 |
| 496395 |    9 | 9420701228@qq.com | tom102309 |
| 496396 |    9 | 9420701324@qq.com | tom120715 |
| 496397 |    9 | 9421051929@qq.com | tom163566 |
| 496398 |    9 | 9421063831@qq.com | tom39657  |
| 496399 |    9 | 9421081015@qq.com | tom388899 |
| 496400 |    9 | 9421340964@qq.com | tom399908 |
| 496401 |    9 | 9421369745@qq.com | tom1515   |
| 496402 |    9 | 9421632876@qq.com | tom472919 |
| 496403 |    9 | 9421748014@qq.com | tom321926 |
| 496404 |    9 | 9421759658@qq.com | tom231634 |
| 496405 |    9 | 9421761525@qq.com | tom292173 |
| 496406 |    9 | 9421808661@qq.com | tom252928 |
| 496407 |    9 | 9421871273@qq.com | tom167833 |
| 496408 |    9 | 9421981940@qq.com | tom67556  |
| 496409 |    9 | 9422473079@qq.com | tom257848 |
| 496410 |    9 | 9422614564@qq.com | tom234073 |
| 496411 |    9 | 9422951544@qq.com | tom331604 |
| 496412 |    9 | 9423165140@qq.com | tom147834 |
| 496413 |    9 | 9423174162@qq.com | tom477786 |
| 496414 |    9 | 9423493058@qq.com | tom298829 |
| 496415 |    9 | 9423659718@qq.com | tom283006 |
| 496416 |    9 | 9423769443@qq.com | tom18757  |
| 496417 |    9 | 9423781983@qq.com | tom466834 |
| 496418 |    9 | 9423981175@qq.com | tom380190 |
| 496419 |    9 | 9424063515@qq.com | tom426476 |
| 496420 |    9 | 9424078470@qq.com | tom332193 |
| 496421 |    9 | 9424082728@qq.com | tom151601 |
| 496422 |    9 | 9424479000@qq.com | tom242744 |
| 496423 |    9 | 9424560119@qq.com | tom34891  |
| 496424 |    9 | 9424612037@qq.com | tom31062  |
| 496425 |    9 | 9424741030@qq.com | tom92676  |
| 496426 |    9 | 9424826255@qq.com | tom475251 |
| 496427 |    9 | 9424955094@qq.com | tom251264 |
| 496428 |    9 | 9425086867@qq.com | tom205162 |
| 496429 |    9 | 9425272520@qq.com | tom14786  |
| 496430 |    9 | 9425367711@qq.com | tom308321 |
| 496431 |    9 | 9425570016@qq.com | tom450317 |
| 496432 |    9 | 9425870068@qq.com | tom175469 |
| 496433 |    9 | 9425875303@qq.com | tom313498 |
| 496434 |    9 | 9425890270@qq.com | tom53690  |
| 496435 |    9 | 9426382839@qq.com | tom74708  |
| 496436 |    9 | 9426467224@qq.com | tom234109 |
| 496437 |    9 | 9426661634@qq.com | tom309015 |
| 496438 |    9 | 9427008288@qq.com | tom217729 |
| 496439 |    9 | 9427022963@qq.com | tom28117  |
| 496440 |    9 | 9427106577@qq.com | tom206055 |
| 496441 |    9 | 9427643560@qq.com | tom273696 |
| 496442 |    9 | 9427848691@qq.com | tom421067 |
| 496443 |    9 | 9427861727@qq.com | tom407717 |
| 496444 |    9 | 9428033600@qq.com | tom457061 |
| 496445 |    9 | 9428327672@qq.com | tom92749  |
| 496446 |    9 | 9428412389@qq.com | tom138201 |
| 496447 |    9 | 9428472447@qq.com | tom97660  |
| 496448 |    9 | 9428589425@qq.com | tom283919 |
| 496449 |    9 | 9428645538@qq.com | tom198615 |
| 496450 |    9 | 9428856023@qq.com | tom454161 |
| 496451 |    9 | 9428868764@qq.com | tom251039 |
| 496452 |    9 | 9429080771@qq.com | tom180378 |
| 496453 |    9 | 9429103258@qq.com | tom164303 |
| 496454 |    9 | 9429104050@qq.com | tom38695  |
| 496455 |    9 | 9429251472@qq.com | tom47607  |
| 496456 |    9 | 9429293353@qq.com | tom150145 |
| 496457 |    9 | 9429416403@qq.com | tom287153 |
| 496458 |    9 | 9429423340@qq.com | tom401961 |
| 496459 |    9 | 9429453847@qq.com | tom182004 |
| 496460 |    9 | 9429483200@qq.com | tom330969 |
| 496461 |    9 | 9429621769@qq.com | tom276945 |
| 496462 |    9 | 9429632390@qq.com | tom235474 |
| 496463 |    9 | 9429741649@qq.com | tom247671 |
| 496464 |    9 | 9430165202@qq.com | tom285766 |
| 496465 |    9 | 9430273491@qq.com | tom442710 |
| 496466 |    9 | 9430496877@qq.com | tom384782 |
| 496467 |    9 | 9430862756@qq.com | tom342772 |
| 496468 |    9 | 9430897941@qq.com | tom267788 |
| 496469 |    9 | 9431115729@qq.com | tom446426 |
| 496470 |    9 | 9431232113@qq.com | tom162222 |
| 496471 |    9 | 9431432258@qq.com | tom238211 |
| 496472 |    9 | 9431871176@qq.com | tom151610 |
| 496473 |    9 | 9431978457@qq.com | tom627    |
| 496474 |    9 | 9432006246@qq.com | tom18400  |
| 496475 |    9 | 9432011871@qq.com | tom310560 |
| 496476 |    9 | 9432190324@qq.com | tom284084 |
| 496477 |    9 | 9432255514@qq.com | tom105392 |
| 496478 |    9 | 9432657195@qq.com | tom128779 |
| 496479 |    9 | 9432708244@qq.com | tom480685 |
| 496480 |    9 | 9432771623@qq.com | tom497808 |
| 496481 |    9 | 9432842170@qq.com | tom103707 |
| 496482 |    9 | 9432964426@qq.com | tom167176 |
| 496483 |    9 | 9432988088@qq.com | tom28663  |
| 496484 |    9 | 9433308407@qq.com | tom320431 |
| 496485 |    9 | 9433636768@qq.com | tom229142 |
| 496486 |    9 | 9433696300@qq.com | tom65324  |
| 496487 |    9 | 9433778983@qq.com | tom251309 |
| 496488 |    9 | 9433837856@qq.com | tom432239 |
| 496489 |    9 | 9433856666@qq.com | tom144992 |
| 496490 |    9 | 9433869411@qq.com | tom80474  |
| 496491 |    9 | 9434277727@qq.com | tom141226 |
| 496492 |    9 | 9434401068@qq.com | tom184332 |
| 496493 |    9 | 9434429060@qq.com | tom153483 |
| 496494 |    9 | 9434448974@qq.com | tom37891  |
| 496495 |    9 | 9434557892@qq.com | tom134643 |
| 496496 |    9 | 9434675822@qq.com | tom112938 |
| 496497 |    9 | 9434706892@qq.com | tom453583 |
| 496498 |    9 | 9434765987@qq.com | tom406061 |
| 496499 |    9 | 9434925168@qq.com | tom25481  |
| 496500 |    9 | 9435708951@qq.com | tom339224 |
| 496501 |    9 | 9435753683@qq.com | tom154941 |
| 496502 |    9 | 9435945423@qq.com | tom465094 |
| 496503 |    9 | 9436056816@qq.com | tom172421 |
| 496504 |    9 | 9436063810@qq.com | tom40656  |
| 496505 |    9 | 9436259650@qq.com | tom394263 |
| 496506 |    9 | 9437198883@qq.com | tom399109 |
| 496507 |    9 | 9437326939@qq.com | tom173232 |
| 496508 |    9 | 9437493544@qq.com | tom115047 |
| 496509 |    9 | 9437505642@qq.com | tom143044 |
| 496510 |    9 | 9437577268@qq.com | tom192583 |
| 496511 |    9 | 9437962664@qq.com | tom195810 |
| 496512 |    9 | 9437966300@qq.com | tom137101 |
| 496513 |    9 | 9438197199@qq.com | tom30404  |
| 496514 |    9 | 9438443044@qq.com | tom472208 |
| 496515 |    9 | 9438605549@qq.com | tom32787  |
| 496516 |    9 | 9438955742@qq.com | tom324974 |
| 496517 |    9 | 9439057683@qq.com | tom489949 |
| 496518 |    9 | 9439123456@qq.com | tom212770 |
| 496519 |    9 | 9439395696@qq.com | tom104130 |
| 496520 |    9 | 9439438871@qq.com | tom382559 |
| 496521 |    9 | 9439465661@qq.com | tom399777 |
| 496522 |    9 | 9439545124@qq.com | tom403973 |
| 496523 |    9 | 9439636193@qq.com | tom194901 |
| 496524 |    9 | 9439743156@qq.com | tom30950  |
| 496525 |    9 | 9439972985@qq.com | tom323568 |
| 496526 |    9 | 9440039377@qq.com | tom62424  |
| 496527 |    9 | 9440248218@qq.com | tom269396 |
| 496528 |    9 | 9440507441@qq.com | tom355537 |
| 496529 |    9 | 9440580641@qq.com | tom2077   |
| 496530 |    9 | 9440601357@qq.com | tom93134  |
| 496531 |    9 | 9440786035@qq.com | tom429888 |
| 496532 |    9 | 9440924894@qq.com | tom226219 |
| 496533 |    9 | 9441005588@qq.com | tom23909  |
| 496534 |    9 | 9441042066@qq.com | tom449256 |
| 496535 |    9 | 9441100171@qq.com | tom335899 |
| 496536 |    9 | 9441141984@qq.com | tom454794 |
| 496537 |    9 | 9441148592@qq.com | tom440508 |
| 496538 |    9 | 9441470387@qq.com | tom136087 |
| 496539 |    9 | 9441566392@qq.com | tom451255 |
| 496540 |    9 | 9441646851@qq.com | tom4947   |
| 496541 |    9 | 9441809003@qq.com | tom265200 |
| 496542 |    9 | 9442205558@qq.com | tom438698 |
| 496543 |    9 | 9442213657@qq.com | tom223482 |
| 496544 |    9 | 9442532321@qq.com | tom275196 |
| 496545 |    9 | 9442783296@qq.com | tom221588 |
| 496546 |    9 | 9443105569@qq.com | tom157487 |
| 496547 |    9 | 9443488341@qq.com | tom443301 |
| 496548 |    9 | 9444205292@qq.com | tom458113 |
| 496549 |    9 | 9444256589@qq.com | tom348361 |
| 496550 |    9 | 9444294483@qq.com | tom65112  |
| 496551 |    9 | 9444479302@qq.com | tom323931 |
| 496552 |    9 | 9444846178@qq.com | tom82514  |
| 496553 |    9 | 9444919796@qq.com | tom481513 |
| 496554 |    9 | 9445022673@qq.com | tom242082 |
| 496555 |    9 | 9445141767@qq.com | tom403216 |
| 496556 |    9 | 9445165303@qq.com | tom317029 |
| 496557 |    9 | 9445191544@qq.com | tom374535 |
| 496558 |    9 | 9445240830@qq.com | tom62276  |
| 496559 |    9 | 9445315877@qq.com | tom221804 |
| 496560 |    9 | 9445376961@qq.com | tom290468 |
| 496561 |    9 | 9445668877@qq.com | tom204159 |
| 496562 |    9 | 9445732992@qq.com | tom44431  |
| 496563 |    9 | 9445784853@qq.com | tom253970 |
| 496564 |    9 | 9445872807@qq.com | tom190193 |
| 496565 |    9 | 9446045369@qq.com | tom81947  |
| 496566 |    9 | 9446053713@qq.com | tom458770 |
| 496567 |    9 | 9446425462@qq.com | tom419685 |
| 496568 |    9 | 9446746515@qq.com | tom479123 |
| 496569 |    9 | 9446877680@qq.com | tom131507 |
| 496570 |    9 | 9446879706@qq.com | tom203451 |
| 496571 |    9 | 9447422988@qq.com | tom157489 |
| 496572 |    9 | 9447700475@qq.com | tom465078 |
| 496573 |    9 | 9447784476@qq.com | tom159498 |
| 496574 |    9 | 9447838469@qq.com | tom394894 |
| 496575 |    9 | 9448212189@qq.com | tom243019 |
| 496576 |    9 | 9448246351@qq.com | tom134494 |
| 496577 |    9 | 9448362089@qq.com | tom333612 |
| 496578 |    9 | 9448398866@qq.com | tom480993 |
| 496579 |    9 | 9448567297@qq.com | tom21110  |
| 496580 |    9 | 9448593943@qq.com | tom196869 |
| 496581 |    9 | 9449607925@qq.com | tom22096  |
| 496582 |    9 | 9449645487@qq.com | tom499849 |
| 496583 |    9 | 9449770142@qq.com | tom396461 |
| 496584 |    9 | 9450006470@qq.com | tom293622 |
| 496585 |    9 | 9450202456@qq.com | tom251963 |
| 496586 |    9 | 9450396629@qq.com | tom60423  |
| 496587 |    9 | 9450679965@qq.com | tom223724 |
| 496588 |    9 | 9450729629@qq.com | tom296001 |
| 496589 |    9 | 9450763197@qq.com | tom302260 |
| 496590 |    9 | 9450885983@qq.com | tom459835 |
| 496591 |    9 | 9451213759@qq.com | tom133991 |
| 496592 |    9 | 9451259159@qq.com | tom148114 |
| 496593 |    9 | 9451287340@qq.com | tom152136 |
| 496594 |    9 | 9451320804@qq.com | tom288412 |
| 496595 |    9 | 9451701681@qq.com | tom400990 |
| 496596 |    9 | 9451711988@qq.com | tom130108 |
| 496597 |    9 | 9451715112@qq.com | tom298604 |
| 496598 |    9 | 9451726052@qq.com | tom62895  |
| 496599 |    9 | 9451733732@qq.com | tom396522 |
| 496600 |    9 | 9451748818@qq.com | tom471603 |
| 496601 |    9 | 9451802185@qq.com | tom195583 |
| 496602 |    9 | 9451955700@qq.com | tom88039  |
| 496603 |    9 | 9452004388@qq.com | tom161122 |
| 496604 |    9 | 9452209132@qq.com | tom418512 |
| 496605 |    9 | 9452369331@qq.com | tom183172 |
| 496606 |    9 | 9452479650@qq.com | tom135088 |
| 496607 |    9 | 9452602933@qq.com | tom165973 |
| 496608 |    9 | 9452679766@qq.com | tom277978 |
| 496609 |    9 | 9452698501@qq.com | tom322588 |
| 496610 |    9 | 9453050118@qq.com | tom188841 |
| 496611 |    9 | 9453083041@qq.com | tom113108 |
| 496612 |    9 | 9453178056@qq.com | tom15712  |
| 496613 |    9 | 9453182937@qq.com | tom478779 |
| 496614 |    9 | 9453203710@qq.com | tom119155 |
| 496615 |    9 | 9454129932@qq.com | tom41254  |
| 496616 |    9 | 9454184160@qq.com | tom366988 |
| 496617 |    9 | 9454241236@qq.com | tom162539 |
| 496618 |    9 | 9454400209@qq.com | tom307092 |
| 496619 |    9 | 9454512026@qq.com | tom311582 |
| 496620 |    9 | 9454516380@qq.com | tom383711 |
| 496621 |    9 | 9454663460@qq.com | tom171786 |
| 496622 |    9 | 9454848753@qq.com | tom106200 |
| 496623 |    9 | 9454949599@qq.com | tom368504 |
| 496624 |    9 | 9455194262@qq.com | tom276492 |
| 496625 |    9 | 9455333591@qq.com | tom104602 |
| 496626 |    9 | 9455601484@qq.com | tom189467 |
| 496627 |    9 | 9456070924@qq.com | tom26037  |
| 496628 |    9 | 9456083390@qq.com | tom201144 |
| 496629 |    9 | 9456158926@qq.com | tom483888 |
| 496630 |    9 | 9456619748@qq.com | tom34732  |
| 496631 |    9 | 9456657024@qq.com | tom98288  |
| 496632 |    9 | 9456807461@qq.com | tom231254 |
| 496633 |    9 | 9456849733@qq.com | tom358956 |
| 496634 |    9 | 9456857982@qq.com | tom274972 |
| 496635 |    9 | 9456981774@qq.com | tom340636 |
| 496636 |    9 | 9457080038@qq.com | tom22989  |
| 496637 |    9 | 9457270721@qq.com | tom367284 |
| 496638 |    9 | 9457366011@qq.com | tom486772 |
| 496639 |    9 | 9457378068@qq.com | tom187812 |
| 496640 |    9 | 9457431072@qq.com | tom113098 |
| 496641 |    9 | 9457585886@qq.com | tom290414 |
| 496642 |    9 | 9457607888@qq.com | tom33696  |
| 496643 |    9 | 9457628913@qq.com | tom197476 |
| 496644 |    9 | 9458509204@qq.com | tom172101 |
| 496645 |    9 | 9458717166@qq.com | tom454478 |
| 496646 |    9 | 9458809188@qq.com | tom173095 |
| 496647 |    9 | 9458812011@qq.com | tom219978 |
| 496648 |    9 | 9458936038@qq.com | tom103821 |
| 496649 |    9 | 9458948240@qq.com | tom280772 |
| 496650 |    9 | 9459051507@qq.com | tom18306  |
| 496651 |    9 | 9459150604@qq.com | tom354423 |
| 496652 |    9 | 9459339095@qq.com | tom189987 |
| 496653 |    9 | 9459351648@qq.com | tom203665 |
| 496654 |    9 | 9459407165@qq.com | tom200843 |
| 496655 |    9 | 9459412951@qq.com | tom97976  |
| 496656 |    9 | 9459457885@qq.com | tom261636 |
| 496657 |    9 | 9459509871@qq.com | tom229235 |
| 496658 |    9 | 9459536019@qq.com | tom304424 |
| 496659 |    9 | 9459730342@qq.com | tom26307  |
| 496660 |    9 | 9459843970@qq.com | tom403960 |
| 496661 |    9 | 9459913470@qq.com | tom24584  |
| 496662 |    9 | 9459962976@qq.com | tom162821 |
| 496663 |    9 | 9460223355@qq.com | tom52995  |
| 496664 |    9 | 9460282391@qq.com | tom217692 |
| 496665 |    9 | 9460297168@qq.com | tom50187  |
| 496666 |    9 | 9460427488@qq.com | tom275224 |
| 496667 |    9 | 9460499950@qq.com | tom132417 |
| 496668 |    9 | 9460828863@qq.com | tom295394 |
| 496669 |    9 | 9461107906@qq.com | tom5743   |
| 496670 |    9 | 9461194876@qq.com | tom275095 |
| 496671 |    9 | 9461270715@qq.com | tom158321 |
| 496672 |    9 | 9461296097@qq.com | tom372583 |
| 496673 |    9 | 9461818718@qq.com | tom483386 |
| 496674 |    9 | 9461968457@qq.com | tom223447 |
| 496675 |    9 | 9462048228@qq.com | tom107322 |
| 496676 |    9 | 9462372294@qq.com | tom21181  |
| 496677 |    9 | 9462390515@qq.com | tom373459 |
| 496678 |    9 | 9462600824@qq.com | tom13337  |
| 496679 |    9 | 9462830102@qq.com | tom239747 |
| 496680 |    9 | 9462899886@qq.com | tom128921 |
| 496681 |    9 | 9463120471@qq.com | tom32249  |
| 496682 |    9 | 9463183283@qq.com | tom64067  |
| 496683 |    9 | 9463252481@qq.com | tom205442 |
| 496684 |    9 | 9463340695@qq.com | tom44908  |
| 496685 |    9 | 9463413926@qq.com | tom120572 |
| 496686 |    9 | 9463601263@qq.com | tom242994 |
| 496687 |    9 | 9463664288@qq.com | tom108883 |
| 496688 |    9 | 9464106716@qq.com | tom9792   |
| 496689 |    9 | 9464132010@qq.com | tom82517  |
| 496690 |    9 | 9464243623@qq.com | tom487740 |
| 496691 |    9 | 9464276184@qq.com | tom226841 |
| 496692 |    9 | 9464352064@qq.com | tom414877 |
| 496693 |    9 | 9464834991@qq.com | tom233541 |
| 496694 |    9 | 9464884404@qq.com | tom174144 |
| 496695 |    9 | 9464938586@qq.com | tom402633 |
| 496696 |    9 | 9465128859@qq.com | tom384754 |
| 496697 |    9 | 9465816579@qq.com | tom2632   |
| 496698 |    9 | 9465834616@qq.com | tom107529 |
| 496699 |    9 | 9465935984@qq.com | tom291073 |
| 496700 |    9 | 9465945135@qq.com | tom63080  |
| 496701 |    9 | 9465960525@qq.com | tom475635 |
| 496702 |    9 | 9466034208@qq.com | tom85581  |
| 496703 |    9 | 9466178286@qq.com | tom356260 |
| 496704 |    9 | 9466269406@qq.com | tom443633 |
| 496705 |    9 | 9466315691@qq.com | tom166870 |
| 496706 |    9 | 9466343995@qq.com | tom54791  |
| 496707 |    9 | 9466360784@qq.com | tom216244 |
| 496708 |    9 | 9466957530@qq.com | tom356369 |
| 496709 |    9 | 9467006225@qq.com | tom488089 |
| 496710 |    9 | 9467031309@qq.com | tom94340  |
| 496711 |    9 | 9467105003@qq.com | tom272650 |
| 496712 |    9 | 9467117431@qq.com | tom229814 |
| 496713 |    9 | 9467213825@qq.com | tom307307 |
| 496714 |    9 | 9467337153@qq.com | tom346843 |
| 496715 |    9 | 9467411180@qq.com | tom241334 |
| 496716 |    9 | 9467527747@qq.com | tom249417 |
| 496717 |    9 | 9467742698@qq.com | tom397008 |
| 496718 |    9 | 9467749624@qq.com | tom330380 |
| 496719 |    9 | 9467759141@qq.com | tom20288  |
| 496720 |    9 | 9467874025@qq.com | tom452162 |
| 496721 |    9 | 9468033002@qq.com | tom309478 |
| 496722 |    9 | 9468042267@qq.com | tom52302  |
| 496723 |    9 | 9468067570@qq.com | tom455838 |
| 496724 |    9 | 9468166487@qq.com | tom379333 |
| 496725 |    9 | 9468454298@qq.com | tom130240 |
| 496726 |    9 | 9468484622@qq.com | tom141438 |
| 496727 |    9 | 9468586152@qq.com | tom171533 |
| 496728 |    9 | 9468853508@qq.com | tom21662  |
| 496729 |    9 | 9468877658@qq.com | tom56890  |
| 496730 |    9 | 9468954332@qq.com | tom85484  |
| 496731 |    9 | 9468963466@qq.com | tom405639 |
| 496732 |    9 | 9469272682@qq.com | tom418746 |
| 496733 |    9 | 9469304735@qq.com | tom47966  |
| 496734 |    9 | 9469368626@qq.com | tom465951 |
| 496735 |    9 | 9469582782@qq.com | tom111023 |
| 496736 |    9 | 9469678338@qq.com | tom450410 |
| 496737 |    9 | 9470047782@qq.com | tom235209 |
| 496738 |    9 | 9470125450@qq.com | tom244503 |
| 496739 |    9 | 9470154168@qq.com | tom468415 |
| 496740 |    9 | 9470226847@qq.com | tom276040 |
| 496741 |    9 | 9470270638@qq.com | tom238798 |
| 496742 |    9 | 9470274787@qq.com | tom116811 |
| 496743 |    9 | 9470414501@qq.com | tom191901 |
| 496744 |    9 | 9470678321@qq.com | tom172353 |
| 496745 |    9 | 9470775087@qq.com | tom379544 |
| 496746 |    9 | 9470779774@qq.com | tom65790  |
| 496747 |    9 | 9471450650@qq.com | tom218403 |
| 496748 |    9 | 9471489194@qq.com | tom476537 |
| 496749 |    9 | 9471659984@qq.com | tom118884 |
| 496750 |    9 | 9471820010@qq.com | tom417400 |
| 496751 |    9 | 9471863528@qq.com | tom468031 |
| 496752 |    9 | 9471873388@qq.com | tom344600 |
| 496753 |    9 | 9472013069@qq.com | tom399495 |
| 496754 |    9 | 9472039688@qq.com | tom455331 |
| 496755 |    9 | 9472048592@qq.com | tom248724 |
| 496756 |    9 | 9472632621@qq.com | tom282768 |
| 496757 |    9 | 9472655068@qq.com | tom145969 |
| 496758 |    9 | 9472962916@qq.com | tom228816 |
| 496759 |    9 | 9473013278@qq.com | tom373771 |
| 496760 |    9 | 9473096548@qq.com | tom330177 |
| 496761 |    9 | 9473200024@qq.com | tom400314 |
| 496762 |    9 | 9473309909@qq.com | tom452739 |
| 496763 |    9 | 9473385164@qq.com | tom395046 |
| 496764 |    9 | 9473614749@qq.com | tom91779  |
| 496765 |    9 | 9473650592@qq.com | tom46577  |
| 496766 |    9 | 9473805680@qq.com | tom50069  |
| 496767 |    9 | 9474374630@qq.com | tom112792 |
| 496768 |    9 | 9474703226@qq.com | tom445327 |
| 496769 |    9 | 9474714007@qq.com | tom428465 |
| 496770 |    9 | 9474802720@qq.com | tom473893 |
| 496771 |    9 | 9474835086@qq.com | tom298488 |
| 496772 |    9 | 9474893878@qq.com | tom46056  |
| 496773 |    9 | 9474916929@qq.com | tom344936 |
| 496774 |    9 | 9474980800@qq.com | tom93959  |
| 496775 |    9 | 9475704592@qq.com | tom78336  |
| 496776 |    9 | 9476001284@qq.com | tom27505  |
| 496777 |    9 | 9476705746@qq.com | tom331414 |
| 496778 |    9 | 9476865712@qq.com | tom213179 |
| 496779 |    9 | 9477033684@qq.com | tom281491 |
| 496780 |    9 | 9477082137@qq.com | tom268938 |
| 496781 |    9 | 9477233728@qq.com | tom264492 |
| 496782 |    9 | 9477356439@qq.com | tom260782 |
| 496783 |    9 | 9477548374@qq.com | tom249979 |
| 496784 |    9 | 9477561806@qq.com | tom118472 |
| 496785 |    9 | 9477669071@qq.com | tom243950 |
| 496786 |    9 | 9477784512@qq.com | tom355687 |
| 496787 |    9 | 9477958498@qq.com | tom153790 |
| 496788 |    9 | 9478067516@qq.com | tom435711 |
| 496789 |    9 | 9478177670@qq.com | tom110301 |
| 496790 |    9 | 9478589213@qq.com | tom211745 |
| 496791 |    9 | 9478830324@qq.com | tom412900 |
| 496792 |    9 | 9478852538@qq.com | tom261489 |
| 496793 |    9 | 9479165249@qq.com | tom352108 |
| 496794 |    9 | 9479687143@qq.com | tom228137 |
| 496795 |    9 | 9479762667@qq.com | tom35243  |
| 496796 |    9 | 9479793517@qq.com | tom376083 |
| 496797 |    9 | 9479847965@qq.com | tom333643 |
| 496798 |    9 | 9479963894@qq.com | tom368844 |
| 496799 |    9 | 9480422528@qq.com | tom130497 |
| 496800 |    9 | 9480664222@qq.com | tom285224 |
| 496801 |    9 | 9480767168@qq.com | tom139540 |
| 496802 |    9 | 9480767188@qq.com | tom115479 |
| 496803 |    9 | 9480840181@qq.com | tom166577 |
| 496804 |    9 | 9481024795@qq.com | tom283732 |
| 496805 |    9 | 9481096899@qq.com | tom367045 |
| 496806 |    9 | 9481147428@qq.com | tom273031 |
| 496807 |    9 | 9481311209@qq.com | tom52986  |
| 496808 |    9 | 9481357548@qq.com | tom453038 |
| 496809 |    9 | 9481374163@qq.com | tom184521 |
| 496810 |    9 | 9481455530@qq.com | tom450915 |
| 496811 |    9 | 9481630115@qq.com | tom482067 |
| 496812 |    9 | 9481678758@qq.com | tom410770 |
| 496813 |    9 | 9481682738@qq.com | tom254619 |
| 496814 |    9 | 9481933887@qq.com | tom382720 |
| 496815 |    9 | 9481954420@qq.com | tom427152 |
| 496816 |    9 | 9482003852@qq.com | tom379807 |
| 496817 |    9 | 9482014330@qq.com | tom371487 |
| 496818 |    9 | 9482070896@qq.com | tom336698 |
| 496819 |    9 | 9482198864@qq.com | tom131826 |
| 496820 |    9 | 9482267742@qq.com | tom128909 |
| 496821 |    9 | 9482574344@qq.com | tom228277 |
| 496822 |    9 | 9483017780@qq.com | tom1197   |
| 496823 |    9 | 9483128959@qq.com | tom411559 |
| 496824 |    9 | 9483149021@qq.com | tom187956 |
| 496825 |    9 | 9483416659@qq.com | tom107683 |
| 496826 |    9 | 9483666940@qq.com | tom412179 |
| 496827 |    9 | 9483762365@qq.com | tom369437 |
| 496828 |    9 | 9483847938@qq.com | tom21992  |
| 496829 |    9 | 9483934123@qq.com | tom497005 |
| 496830 |    9 | 9483985873@qq.com | tom156119 |
| 496831 |    9 | 9484133318@qq.com | tom264914 |
| 496832 |    9 | 9484320082@qq.com | tom278383 |
| 496833 |    9 | 9484483921@qq.com | tom172784 |
| 496834 |    9 | 9484961264@qq.com | tom282428 |
| 496835 |    9 | 9485363727@qq.com | tom151640 |
| 496836 |    9 | 9485407440@qq.com | tom236002 |
| 496837 |    9 | 9485515657@qq.com | tom321518 |
| 496838 |    9 | 9485578454@qq.com | tom380242 |
| 496839 |    9 | 9485621841@qq.com | tom353105 |
| 496840 |    9 | 9485849450@qq.com | tom405375 |
| 496841 |    9 | 9485926072@qq.com | tom12007  |
| 496842 |    9 | 9486039054@qq.com | tom465788 |
| 496843 |    9 | 9486048582@qq.com | tom8787   |
| 496844 |    9 | 9486159741@qq.com | tom419719 |
| 496845 |    9 | 9486211745@qq.com | tom14221  |
| 496846 |    9 | 9486216856@qq.com | tom191325 |
| 496847 |    9 | 9486225011@qq.com | tom128773 |
| 496848 |    9 | 9486480067@qq.com | tom389240 |
| 496849 |    9 | 9486725537@qq.com | tom56771  |
| 496850 |    9 | 9486860492@qq.com | tom134084 |
| 496851 |    9 | 9486867872@qq.com | tom495396 |
| 496852 |    9 | 9486931122@qq.com | tom414595 |
| 496853 |    9 | 9486970434@qq.com | tom158169 |
| 496854 |    9 | 9487058736@qq.com | tom456229 |
| 496855 |    9 | 9487097126@qq.com | tom84435  |
| 496856 |    9 | 9487347499@qq.com | tom418302 |
| 496857 |    9 | 9487383133@qq.com | tom219311 |
| 496858 |    9 | 9487945863@qq.com | tom179567 |
| 496859 |    9 | 9488110965@qq.com | tom103347 |
| 496860 |    9 | 9488421443@qq.com | tom361203 |
| 496861 |    9 | 9488423412@qq.com | tom98185  |
| 496862 |    9 | 9488455118@qq.com | tom157807 |
| 496863 |    9 | 9488832889@qq.com | tom156227 |
| 496864 |    9 | 9489095694@qq.com | tom100934 |
| 496865 |    9 | 9489158670@qq.com | tom185060 |
| 496866 |    9 | 9489164651@qq.com | tom36236  |
| 496867 |    9 | 9489254241@qq.com | tom376663 |
| 496868 |    9 | 9489430399@qq.com | tom163524 |
| 496869 |    9 | 9489795465@qq.com | tom234432 |
| 496870 |    9 | 9490217580@qq.com | tom176032 |
| 496871 |    9 | 9490559332@qq.com | tom361326 |
| 496872 |    9 | 9490780423@qq.com | tom317966 |
| 496873 |    9 | 9490950748@qq.com | tom119489 |
| 496874 |    9 | 9491007202@qq.com | tom21564  |
| 496875 |    9 | 9491441368@qq.com | tom5680   |
| 496876 |    9 | 9491662255@qq.com | tom149702 |
| 496877 |    9 | 9491684519@qq.com | tom205789 |
| 496878 |    9 | 9491713437@qq.com | tom226640 |
| 496879 |    9 | 9491775649@qq.com | tom225704 |
| 496880 |    9 | 9492025649@qq.com | tom180167 |
| 496881 |    9 | 9492073882@qq.com | tom385255 |
| 496882 |    9 | 9492099655@qq.com | tom85395  |
| 496883 |    9 | 9492226061@qq.com | tom154794 |
| 496884 |    9 | 9492494118@qq.com | tom96957  |
| 496885 |    9 | 9492712327@qq.com | tom290332 |
| 496886 |    9 | 9493560000@qq.com | tom262816 |
| 496887 |    9 | 9494419518@qq.com | tom323485 |
| 496888 |    9 | 9494473419@qq.com | tom411973 |
| 496889 |    9 | 9494628043@qq.com | tom408210 |
| 496890 |    9 | 9494900096@qq.com | tom326212 |
| 496891 |    9 | 9494908799@qq.com | tom471548 |
| 496892 |    9 | 9495136467@qq.com | tom49363  |
| 496893 |    9 | 9495580777@qq.com | tom282175 |
| 496894 |    9 | 9495640437@qq.com | tom226176 |
| 496895 |    9 | 9495727983@qq.com | tom396195 |
| 496896 |    9 | 9496046196@qq.com | tom448368 |
| 496897 |    9 | 9496176882@qq.com | tom173364 |
| 496898 |    9 | 9496395106@qq.com | tom111787 |
| 496899 |    9 | 9496780550@qq.com | tom222271 |
| 496900 |    9 | 9497001260@qq.com | tom474467 |
| 496901 |    9 | 9497506072@qq.com | tom344291 |
| 496902 |    9 | 9497891358@qq.com | tom280044 |
| 496903 |    9 | 9497984368@qq.com | tom65569  |
| 496904 |    9 | 9498571979@qq.com | tom110367 |
| 496905 |    9 | 9498587025@qq.com | tom460262 |
| 496906 |    9 | 9498797903@qq.com | tom113173 |
| 496907 |    9 | 9498884247@qq.com | tom288885 |
| 496908 |    9 | 9498993678@qq.com | tom323054 |
| 496909 |    9 | 9499020507@qq.com | tom407181 |
| 496910 |    9 | 9499486381@qq.com | tom38329  |
| 496911 |    9 | 9499645445@qq.com | tom479213 |
| 496912 |    9 | 9499705385@qq.com | tom400579 |
| 496913 |    9 | 9499797382@qq.com | tom10151  |
| 496914 |    9 | 9499910564@qq.com | tom409167 |
| 496915 |    9 | 9500057203@qq.com | tom331882 |
| 496916 |    9 | 9500144326@qq.com | tom308119 |
| 496917 |    9 | 9500206938@qq.com | tom40426  |
| 496918 |    9 | 9500624265@qq.com | tom220494 |
| 496919 |    9 | 9500854196@qq.com | tom254945 |
| 496920 |    9 | 9501022420@qq.com | tom477834 |
| 496921 |    9 | 9501092870@qq.com | tom198049 |
| 496922 |    9 | 9501490438@qq.com | tom297475 |
| 496923 |    9 | 9501676797@qq.com | tom215844 |
| 496924 |    9 | 9502094202@qq.com | tom486195 |
| 496925 |    9 | 9502175170@qq.com | tom7247   |
| 496926 |    9 | 9502396578@qq.com | tom186596 |
| 496927 |    9 | 9502440465@qq.com | tom260331 |
| 496928 |    9 | 9502468824@qq.com | tom464980 |
| 496929 |    9 | 9502656980@qq.com | tom220987 |
| 496930 |    9 | 9502826428@qq.com | tom309107 |
| 496931 |    9 | 9502972870@qq.com | tom431284 |
| 496932 |    9 | 9502999813@qq.com | tom308464 |
| 496933 |    9 | 9503020583@qq.com | tom471823 |
| 496934 |    9 | 9503088794@qq.com | tom127910 |
| 496935 |    9 | 9503132471@qq.com | tom295729 |
| 496936 |    9 | 9503356925@qq.com | tom85959  |
| 496937 |    9 | 9503519741@qq.com | tom454728 |
| 496938 |    9 | 9503730378@qq.com | tom379177 |
| 496939 |    9 | 9503863847@qq.com | tom247922 |
| 496940 |    9 | 9504014297@qq.com | tom261372 |
| 496941 |    9 | 9504067776@qq.com | tom192987 |
| 496942 |    9 | 9504386710@qq.com | tom431678 |
| 496943 |    9 | 9504534136@qq.com | tom122484 |
| 496944 |    9 | 9504541968@qq.com | tom260523 |
| 496945 |    9 | 9504579200@qq.com | tom230065 |
| 496946 |    9 | 9504763892@qq.com | tom433040 |
| 496947 |    9 | 9504913012@qq.com | tom186332 |
| 496948 |    9 | 9505025946@qq.com | tom366333 |
| 496949 |    9 | 9505039816@qq.com | tom113967 |
| 496950 |    9 | 9505137072@qq.com | tom205842 |
| 496951 |    9 | 9505225553@qq.com | tom94887  |
| 496952 |    9 | 9505235598@qq.com | tom430853 |
| 496953 |    9 | 9505286031@qq.com | tom487063 |
| 496954 |    9 | 9505345328@qq.com | tom334024 |
| 496955 |    9 | 9505395504@qq.com | tom159298 |
| 496956 |    9 | 9505716244@qq.com | tom426830 |
| 496957 |    9 | 9505730577@qq.com | tom282216 |
| 496958 |    9 | 9505995208@qq.com | tom37856  |
| 496959 |    9 | 9506147559@qq.com | tom233517 |
| 496960 |    9 | 9506269003@qq.com | tom408778 |
| 496961 |    9 | 9506313629@qq.com | tom420928 |
| 496962 |    9 | 9506337829@qq.com | tom166699 |
| 496963 |    9 | 9506517957@qq.com | tom2509   |
| 496964 |    9 | 9506765293@qq.com | tom172182 |
| 496965 |    9 | 9507018995@qq.com | tom250479 |
| 496966 |    9 | 9507144408@qq.com | tom251253 |
| 496967 |    9 | 9507178145@qq.com | tom339739 |
| 496968 |    9 | 9508138615@qq.com | tom241363 |
| 496969 |    9 | 9508247260@qq.com | tom260891 |
| 496970 |    9 | 9508363238@qq.com | tom462066 |
| 496971 |    9 | 9508494944@qq.com | tom223110 |
| 496972 |    9 | 9508725286@qq.com | tom417658 |
| 496973 |    9 | 9508734243@qq.com | tom151176 |
| 496974 |    9 | 9508932167@qq.com | tom319853 |
| 496975 |    9 | 9509073131@qq.com | tom194915 |
| 496976 |    9 | 9509174747@qq.com | tom177371 |
| 496977 |    9 | 9509223912@qq.com | tom215942 |
| 496978 |    9 | 9509436501@qq.com | tom396127 |
| 496979 |    9 | 9509495832@qq.com | tom211852 |
| 496980 |    9 | 9509536258@qq.com | tom161390 |
| 496981 |    9 | 9509578322@qq.com | tom356182 |
| 496982 |    9 | 9509714834@qq.com | tom392548 |
| 496983 |    9 | 9509824585@qq.com | tom240057 |
| 496984 |    9 | 9509839931@qq.com | tom426718 |
| 496985 |    9 | 9509880101@qq.com | tom272037 |
| 496986 |    9 | 9510093766@qq.com | tom42738  |
| 496987 |    9 | 9510107938@qq.com | tom132573 |
| 496988 |    9 | 9510255696@qq.com | tom477022 |
| 496989 |    9 | 9510278521@qq.com | tom370669 |
| 496990 |    9 | 9510356979@qq.com | tom37678  |
| 496991 |    9 | 9510428082@qq.com | tom265163 |
| 496992 |    9 | 9510796357@qq.com | tom350048 |
| 496993 |    9 | 9510843984@qq.com | tom56376  |
| 496994 |    9 | 9510985202@qq.com | tom170281 |
| 496995 |    9 | 9511238520@qq.com | tom121174 |
| 496996 |    9 | 9511347266@qq.com | tom435027 |
| 496997 |    9 | 9511442884@qq.com | tom19975  |
| 496998 |    9 | 9511462142@qq.com | tom65522  |
| 496999 |    9 | 9511462231@qq.com | tom376753 |
| 497000 |    9 | 9511622041@qq.com | tom241816 |
| 497001 |    9 | 9511651697@qq.com | tom249456 |
| 497002 |    9 | 9511711265@qq.com | tom190817 |
| 497003 |    9 | 9511883661@qq.com | tom40730  |
| 497004 |    9 | 9511952978@qq.com | tom343002 |
| 497005 |    9 | 9511981231@qq.com | tom91240  |
| 497006 |    9 | 9512069640@qq.com | tom134072 |
| 497007 |    9 | 9512203702@qq.com | tom6256   |
| 497008 |    9 | 9512245829@qq.com | tom270625 |
| 497009 |    9 | 9512624614@qq.com | tom32097  |
| 497010 |    9 | 9512749401@qq.com | tom59371  |
| 497011 |    9 | 9512767261@qq.com | tom374626 |
| 497012 |    9 | 9512964641@qq.com | tom328350 |
| 497013 |    9 | 9513320771@qq.com | tom289065 |
| 497014 |    9 | 9513763376@qq.com | tom416927 |
| 497015 |    9 | 9513859794@qq.com | tom17289  |
| 497016 |    9 | 9514037211@qq.com | tom390087 |
| 497017 |    9 | 9514382883@qq.com | tom400400 |
| 497018 |    9 | 9514625997@qq.com | tom254553 |
| 497019 |    9 | 9514903665@qq.com | tom431862 |
| 497020 |    9 | 9515015823@qq.com | tom334595 |
| 497021 |    9 | 9515055287@qq.com | tom118617 |
| 497022 |    9 | 9515089814@qq.com | tom458878 |
| 497023 |    9 | 9515225135@qq.com | tom142484 |
| 497024 |    9 | 9515307547@qq.com | tom391069 |
| 497025 |    9 | 9515641096@qq.com | tom367330 |
| 497026 |    9 | 9515776574@qq.com | tom90244  |
| 497027 |    9 | 9515814108@qq.com | tom90326  |
| 497028 |    9 | 9516060673@qq.com | tom258710 |
| 497029 |    9 | 9516197081@qq.com | tom363432 |
| 497030 |    9 | 9516422117@qq.com | tom285903 |
| 497031 |    9 | 9516444851@qq.com | tom399368 |
| 497032 |    9 | 9516614199@qq.com | tom326222 |
| 497033 |    9 | 9516695154@qq.com | tom116361 |
| 497034 |    9 | 9516729782@qq.com | tom357828 |
| 497035 |    9 | 9516855598@qq.com | tom229355 |
| 497036 |    9 | 9516884725@qq.com | tom188330 |
| 497037 |    9 | 9516990844@qq.com | tom431058 |
| 497038 |    9 | 9517199378@qq.com | tom203281 |
| 497039 |    9 | 9517372585@qq.com | tom319815 |
| 497040 |    9 | 9517707744@qq.com | tom343795 |
| 497041 |    9 | 9517718921@qq.com | tom103730 |
| 497042 |    9 | 9517731446@qq.com | tom238156 |
| 497043 |    9 | 9517789308@qq.com | tom16588  |
| 497044 |    9 | 9517911478@qq.com | tom321346 |
| 497045 |    9 | 9518452049@qq.com | tom435912 |
| 497046 |    9 | 9518479668@qq.com | tom258466 |
| 497047 |    9 | 9518499551@qq.com | tom249911 |
| 497048 |    9 | 9518538801@qq.com | tom107891 |
| 497049 |    9 | 9518575179@qq.com | tom472649 |
| 497050 |    9 | 9518683206@qq.com | tom342568 |
| 497051 |    9 | 9518780928@qq.com | tom375211 |
| 497052 |    9 | 9518837690@qq.com | tom204109 |
| 497053 |    9 | 9518903569@qq.com | tom163177 |
| 497054 |    9 | 9518962682@qq.com | tom35627  |
| 497055 |    9 | 9518974490@qq.com | tom142475 |
| 497056 |    9 | 9519347437@qq.com | tom494137 |
| 497057 |    9 | 9519374278@qq.com | tom418996 |
| 497058 |    9 | 9519625645@qq.com | tom256566 |
| 497059 |    9 | 9519689266@qq.com | tom276196 |
| 497060 |    9 | 9520211491@qq.com | tom105714 |
| 497061 |    9 | 9520283903@qq.com | tom479574 |
| 497062 |    9 | 9520390768@qq.com | tom331407 |
| 497063 |    9 | 9520452756@qq.com | tom109105 |
| 497064 |    9 | 9520611150@qq.com | tom464061 |
| 497065 |    9 | 9521225364@qq.com | tom220017 |
| 497066 |    9 | 9521376470@qq.com | tom246846 |
| 497067 |    9 | 9521688973@qq.com | tom494397 |
| 497068 |    9 | 9521704851@qq.com | tom200121 |
| 497069 |    9 | 9521731622@qq.com | tom163710 |
| 497070 |    9 | 9521913799@qq.com | tom147608 |
| 497071 |    9 | 9521917926@qq.com | tom322761 |
| 497072 |    9 | 9521952726@qq.com | tom342211 |
| 497073 |    9 | 9522030006@qq.com | tom118047 |
| 497074 |    9 | 9522034878@qq.com | tom400699 |
| 497075 |    9 | 9522667777@qq.com | tom391625 |
| 497076 |    9 | 9523611414@qq.com | tom470689 |
| 497077 |    9 | 9523632297@qq.com | tom355898 |
| 497078 |    9 | 9523678458@qq.com | tom224853 |
| 497079 |    9 | 9523846209@qq.com | tom330879 |
| 497080 |    9 | 9523938623@qq.com | tom469996 |
| 497081 |    9 | 9524171641@qq.com | tom187965 |
| 497082 |    9 | 9524252493@qq.com | tom209875 |
| 497083 |    9 | 9524513463@qq.com | tom375688 |
| 497084 |    9 | 9524654930@qq.com | tom143402 |
| 497085 |    9 | 9524899516@qq.com | tom271460 |
| 497086 |    9 | 9525227931@qq.com | tom66961  |
| 497087 |    9 | 9525927101@qq.com | tom356682 |
| 497088 |    9 | 9526028229@qq.com | tom366584 |
| 497089 |    9 | 9526042327@qq.com | tom338289 |
| 497090 |    9 | 9526535309@qq.com | tom356821 |
| 497091 |    9 | 9527057943@qq.com | tom205174 |
| 497092 |    9 | 9527068205@qq.com | tom170683 |
| 497093 |    9 | 9527595392@qq.com | tom461962 |
| 497094 |    9 | 9528002262@qq.com | tom197414 |
| 497095 |    9 | 9528119117@qq.com | tom215500 |
| 497096 |    9 | 9528203328@qq.com | tom12269  |
| 497097 |    9 | 9528278268@qq.com | tom316326 |
| 497098 |    9 | 9528403259@qq.com | tom56575  |
| 497099 |    9 | 9528921646@qq.com | tom139426 |
| 497100 |    9 | 9529028603@qq.com | tom5560   |
| 497101 |    9 | 9529043798@qq.com | tom457186 |
| 497102 |    9 | 9529320247@qq.com | tom223352 |
| 497103 |    9 | 9529432505@qq.com | tom99748  |
| 497104 |    9 | 9529511510@qq.com | tom165653 |
| 497105 |    9 | 9529862977@qq.com | tom144653 |
| 497106 |    9 | 9529909842@qq.com | tom45205  |
| 497107 |    9 | 9529967394@qq.com | tom140192 |
| 497108 |    9 | 9530160553@qq.com | tom43642  |
| 497109 |    9 | 9530512353@qq.com | tom274687 |
| 497110 |    9 | 9530914626@qq.com | tom130036 |
| 497111 |    9 | 9530990371@qq.com | tom197681 |
| 497112 |    9 | 9531109202@qq.com | tom264136 |
| 497113 |    9 | 9531350685@qq.com | tom356350 |
| 497114 |    9 | 9531465081@qq.com | tom41074  |
| 497115 |    9 | 9531774126@qq.com | tom296432 |
| 497116 |    9 | 9531813361@qq.com | tom333328 |
| 497117 |    9 | 9531841852@qq.com | tom481597 |
| 497118 |    9 | 9532050336@qq.com | tom63753  |
| 497119 |    9 | 9532233402@qq.com | tom72495  |
| 497120 |    9 | 9532410165@qq.com | tom178504 |
| 497121 |    9 | 9532905276@qq.com | tom59535  |
| 497122 |    9 | 9532959239@qq.com | tom412304 |
| 497123 |    9 | 9532999912@qq.com | tom444858 |
| 497124 |    9 | 9533433343@qq.com | tom499747 |
| 497125 |    9 | 9533606848@qq.com | tom466305 |
| 497126 |    9 | 9533663291@qq.com | tom417059 |
| 497127 |    9 | 9533862911@qq.com | tom393597 |
| 497128 |    9 | 9533976094@qq.com | tom94983  |
| 497129 |    9 | 9534221086@qq.com | tom18810  |
| 497130 |    9 | 9534228970@qq.com | tom416743 |
| 497131 |    9 | 9534618960@qq.com | tom405812 |
| 497132 |    9 | 9534701795@qq.com | tom130308 |
| 497133 |    9 | 9534918817@qq.com | tom174034 |
| 497134 |    9 | 9535036166@qq.com | tom327849 |
| 497135 |    9 | 9535144486@qq.com | tom207735 |
| 497136 |    9 | 9535239037@qq.com | tom234842 |
| 497137 |    9 | 9535314602@qq.com | tom184154 |
| 497138 |    9 | 9535428958@qq.com | tom203627 |
| 497139 |    9 | 9535560788@qq.com | tom192292 |
| 497140 |    9 | 9535604474@qq.com | tom294704 |
| 497141 |    9 | 9535702267@qq.com | tom337521 |
| 497142 |    9 | 9535718432@qq.com | tom275145 |
| 497143 |    9 | 9535857721@qq.com | tom114719 |
| 497144 |    9 | 9536075578@qq.com | tom103315 |
| 497145 |    9 | 9536112053@qq.com | tom20781  |
| 497146 |    9 | 9536260719@qq.com | tom166824 |
| 497147 |    9 | 9536291455@qq.com | tom45142  |
| 497148 |    9 | 9536391786@qq.com | tom372411 |
| 497149 |    9 | 9536403074@qq.com | tom162007 |
| 497150 |    9 | 9536429558@qq.com | tom7524   |
| 497151 |    9 | 9536585808@qq.com | tom390887 |
| 497152 |    9 | 9536707763@qq.com | tom150816 |
| 497153 |    9 | 9536728629@qq.com | tom460697 |
| 497154 |    9 | 9536767517@qq.com | tom287230 |
| 497155 |    9 | 9536852932@qq.com | tom59551  |
| 497156 |    9 | 9536858317@qq.com | tom26319  |
| 497157 |    9 | 9537000909@qq.com | tom229240 |
| 497158 |    9 | 9537315534@qq.com | tom332538 |
| 497159 |    9 | 9537754143@qq.com | tom402866 |
| 497160 |    9 | 9538118532@qq.com | tom261283 |
| 497161 |    9 | 9538134465@qq.com | tom353638 |
| 497162 |    9 | 9538314965@qq.com | tom237287 |
| 497163 |    9 | 9538425468@qq.com | tom161809 |
| 497164 |    9 | 9538474671@qq.com | tom227097 |
| 497165 |    9 | 9538564308@qq.com | tom487182 |
| 497166 |    9 | 9538704545@qq.com | tom308796 |
| 497167 |    9 | 9538961787@qq.com | tom236523 |
| 497168 |    9 | 9539155471@qq.com | tom219015 |
| 497169 |    9 | 9539194684@qq.com | tom37645  |
| 497170 |    9 | 9539300769@qq.com | tom285146 |
| 497171 |    9 | 9539386255@qq.com | tom296940 |
| 497172 |    9 | 9539442152@qq.com | tom299445 |
| 497173 |    9 | 9539452298@qq.com | tom419905 |
| 497174 |    9 | 9539686473@qq.com | tom487691 |
| 497175 |    9 | 9539695490@qq.com | tom304109 |
| 497176 |    9 | 9539856639@qq.com | tom164890 |
| 497177 |    9 | 9539898730@qq.com | tom404731 |
| 497178 |    9 | 9540078062@qq.com | tom147645 |
| 497179 |    9 | 9540390742@qq.com | tom274652 |
| 497180 |    9 | 9540747309@qq.com | tom115727 |
| 497181 |    9 | 9541197163@qq.com | tom38008  |
| 497182 |    9 | 9541397273@qq.com | tom243449 |
| 497183 |    9 | 9541658859@qq.com | tom425197 |
| 497184 |    9 | 9541860204@qq.com | tom373158 |
| 497185 |    9 | 9541898297@qq.com | tom141913 |
| 497186 |    9 | 9542101848@qq.com | tom207999 |
| 497187 |    9 | 9542211050@qq.com | tom71660  |
| 497188 |    9 | 9542815838@qq.com | tom222861 |
| 497189 |    9 | 9542913153@qq.com | tom250294 |
| 497190 |    9 | 9543241196@qq.com | tom22816  |
| 497191 |    9 | 9543356340@qq.com | tom306507 |
| 497192 |    9 | 9543528907@qq.com | tom418772 |
| 497193 |    9 | 9543981149@qq.com | tom223247 |
| 497194 |    9 | 9544141630@qq.com | tom445895 |
| 497195 |    9 | 9544200192@qq.com | tom416067 |
| 497196 |    9 | 9544487324@qq.com | tom33642  |
| 497197 |    9 | 9544585227@qq.com | tom143018 |
| 497198 |    9 | 9544913649@qq.com | tom136063 |
| 497199 |    9 | 9545261331@qq.com | tom190368 |
| 497200 |    9 | 9545335439@qq.com | tom390173 |
| 497201 |    9 | 9545390144@qq.com | tom130169 |
| 497202 |    9 | 9545490373@qq.com | tom420399 |
| 497203 |    9 | 9545892556@qq.com | tom412740 |
| 497204 |    9 | 9546340147@qq.com | tom60045  |
| 497205 |    9 | 9546475885@qq.com | tom359441 |
| 497206 |    9 | 9546569451@qq.com | tom494206 |
| 497207 |    9 | 9546676722@qq.com | tom310498 |
| 497208 |    9 | 9546753754@qq.com | tom200758 |
| 497209 |    9 | 9546803575@qq.com | tom104643 |
| 497210 |    9 | 9546907618@qq.com | tom19120  |
| 497211 |    9 | 9546908600@qq.com | tom473599 |
| 497212 |    9 | 9547269212@qq.com | tom23742  |
| 497213 |    9 | 9547344834@qq.com | tom159621 |
| 497214 |    9 | 9547910270@qq.com | tom104415 |
| 497215 |    9 | 9547971129@qq.com | tom118115 |
| 497216 |    9 | 9548032375@qq.com | tom32986  |
| 497217 |    9 | 9548137057@qq.com | tom4248   |
| 497218 |    9 | 9548375405@qq.com | tom338991 |
| 497219 |    9 | 9548522702@qq.com | tom376966 |
| 497220 |    9 | 9548526483@qq.com | tom492320 |
| 497221 |    9 | 9548544548@qq.com | tom10459  |
| 497222 |    9 | 9548577341@qq.com | tom440394 |
| 497223 |    9 | 9548612654@qq.com | tom260734 |
| 497224 |    9 | 9548734102@qq.com | tom443586 |
| 497225 |    9 | 9549029875@qq.com | tom215164 |
| 497226 |    9 | 9549108187@qq.com | tom176643 |
| 497227 |    9 | 9549183046@qq.com | tom467649 |
| 497228 |    9 | 9549338346@qq.com | tom403206 |
| 497229 |    9 | 9549444632@qq.com | tom136614 |
| 497230 |    9 | 9549675109@qq.com | tom79389  |
| 497231 |    9 | 9549876886@qq.com | tom426792 |
| 497232 |    9 | 9550945308@qq.com | tom231810 |
| 497233 |    9 | 9551138454@qq.com | tom122224 |
| 497234 |    9 | 9551286949@qq.com | tom439726 |
| 497235 |    9 | 9551490700@qq.com | tom288818 |
| 497236 |    9 | 9551617369@qq.com | tom238949 |
| 497237 |    9 | 9551623014@qq.com | tom31587  |
| 497238 |    9 | 9551749770@qq.com | tom144996 |
| 497239 |    9 | 9551851844@qq.com | tom109149 |
| 497240 |    9 | 9552207964@qq.com | tom35267  |
| 497241 |    9 | 9552259632@qq.com | tom38480  |
| 497242 |    9 | 9552527539@qq.com | tom464663 |
| 497243 |    9 | 9552533933@qq.com | tom338855 |
| 497244 |    9 | 9552603167@qq.com | tom55246  |
| 497245 |    9 | 9552610355@qq.com | tom58746  |
| 497246 |    9 | 9552754560@qq.com | tom86458  |
| 497247 |    9 | 9552864143@qq.com | tom5410   |
| 497248 |    9 | 9553229511@qq.com | tom3477   |
| 497249 |    9 | 9553464990@qq.com | tom466108 |
| 497250 |    9 | 9553691990@qq.com | tom222021 |
| 497251 |    9 | 9553745298@qq.com | tom372168 |
| 497252 |    9 | 9553930438@qq.com | tom120331 |
| 497253 |    9 | 9554130687@qq.com | tom39045  |
| 497254 |    9 | 9554402059@qq.com | tom182232 |
| 497255 |    9 | 9554670583@qq.com | tom10159  |
| 497256 |    9 | 9554814210@qq.com | tom119266 |
| 497257 |    9 | 9554911157@qq.com | tom289122 |
| 497258 |    9 | 9554916580@qq.com | tom70857  |
| 497259 |    9 | 9555009745@qq.com | tom138259 |
| 497260 |    9 | 9555026672@qq.com | tom215611 |
| 497261 |    9 | 9555045750@qq.com | tom18677  |
| 497262 |    9 | 9555539924@qq.com | tom336433 |
| 497263 |    9 | 9555631635@qq.com | tom200578 |
| 497264 |    9 | 9555646742@qq.com | tom186280 |
| 497265 |    9 | 9555907915@qq.com | tom219376 |
| 497266 |    9 | 9556275622@qq.com | tom108047 |
| 497267 |    9 | 9556312513@qq.com | tom372300 |
| 497268 |    9 | 9556371214@qq.com | tom125372 |
| 497269 |    9 | 9556960172@qq.com | tom442166 |
| 497270 |    9 | 9557061596@qq.com | tom429973 |
| 497271 |    9 | 9557384213@qq.com | tom379205 |
| 497272 |    9 | 9557496400@qq.com | tom299003 |
| 497273 |    9 | 9557698511@qq.com | tom433573 |
| 497274 |    9 | 9557894860@qq.com | tom201341 |
| 497275 |    9 | 9558230151@qq.com | tom212227 |
| 497276 |    9 | 9558414841@qq.com | tom481382 |
| 497277 |    9 | 9558439819@qq.com | tom337081 |
| 497278 |    9 | 9558777809@qq.com | tom315764 |
| 497279 |    9 | 9559060921@qq.com | tom84953  |
| 497280 |    9 | 9559201188@qq.com | tom473356 |
| 497281 |    9 | 9559768613@qq.com | tom119040 |
| 497282 |    9 | 9560072162@qq.com | tom408697 |
| 497283 |    9 | 9560225459@qq.com | tom27563  |
| 497284 |    9 | 9560610575@qq.com | tom433279 |
| 497285 |    9 | 9560691302@qq.com | tom141284 |
| 497286 |    9 | 9560785530@qq.com | tom281360 |
| 497287 |    9 | 9560864914@qq.com | tom306798 |
| 497288 |    9 | 9560941509@qq.com | tom78785  |
| 497289 |    9 | 9561247791@qq.com | tom96512  |
| 497290 |    9 | 9561337512@qq.com | tom306420 |
| 497291 |    9 | 9562085394@qq.com | tom1817   |
| 497292 |    9 | 9562109303@qq.com | tom212156 |
| 497293 |    9 | 9562117629@qq.com | tom469989 |
| 497294 |    9 | 9562146719@qq.com | tom472348 |
| 497295 |    9 | 9562298578@qq.com | tom213469 |
| 497296 |    9 | 9562306700@qq.com | tom232414 |
| 497297 |    9 | 9562358100@qq.com | tom268433 |
| 497298 |    9 | 9562376759@qq.com | tom280539 |
| 497299 |    9 | 9562512882@qq.com | tom193435 |
| 497300 |    9 | 9562802946@qq.com | tom82695  |
| 497301 |    9 | 9563019143@qq.com | tom282886 |
| 497302 |    9 | 9563245308@qq.com | tom290998 |
| 497303 |    9 | 9563321942@qq.com | tom251256 |
| 497304 |    9 | 9563564798@qq.com | tom54301  |
| 497305 |    9 | 9563660267@qq.com | tom180298 |
| 497306 |    9 | 9563726380@qq.com | tom252686 |
| 497307 |    9 | 9563736480@qq.com | tom400052 |
| 497308 |    9 | 9564244177@qq.com | tom280331 |
| 497309 |    9 | 9564335293@qq.com | tom380465 |
| 497310 |    9 | 9564517288@qq.com | tom305941 |
| 497311 |    9 | 9564552334@qq.com | tom407561 |
| 497312 |    9 | 9564587333@qq.com | tom29282  |
| 497313 |    9 | 9564595581@qq.com | tom203729 |
| 497314 |    9 | 9564736931@qq.com | tom38732  |
| 497315 |    9 | 9564801354@qq.com | tom187574 |
| 497316 |    9 | 9564910099@qq.com | tom174031 |
| 497317 |    9 | 9565053538@qq.com | tom193476 |
| 497318 |    9 | 9565109487@qq.com | tom338039 |
| 497319 |    9 | 9565170822@qq.com | tom215824 |
| 497320 |    9 | 9565280202@qq.com | tom165590 |
| 497321 |    9 | 9565582248@qq.com | tom96021  |
| 497322 |    9 | 9565753122@qq.com | tom370204 |
| 497323 |    9 | 9565908103@qq.com | tom21711  |
| 497324 |    9 | 9565968592@qq.com | tom2569   |
| 497325 |    9 | 9565978137@qq.com | tom47215  |
| 497326 |    9 | 9566014888@qq.com | tom398040 |
| 497327 |    9 | 9566300794@qq.com | tom411316 |
| 497328 |    9 | 9566520783@qq.com | tom276556 |
| 497329 |    9 | 9566545804@qq.com | tom328440 |
| 497330 |    9 | 9566556500@qq.com | tom156542 |
| 497331 |    9 | 9566607651@qq.com | tom452981 |
| 497332 |    9 | 9566742384@qq.com | tom415224 |
| 497333 |    9 | 9566773582@qq.com | tom131020 |
| 497334 |    9 | 9566801214@qq.com | tom388865 |
| 497335 |    9 | 9566832576@qq.com | tom332346 |
| 497336 |    9 | 9567186833@qq.com | tom58871  |
| 497337 |    9 | 9567254209@qq.com | tom219651 |
| 497338 |    9 | 9567401015@qq.com | tom266333 |
| 497339 |    9 | 9567496787@qq.com | tom181330 |
| 497340 |    9 | 9567853189@qq.com | tom494713 |
| 497341 |    9 | 9567874249@qq.com | tom82350  |
| 497342 |    9 | 9567987684@qq.com | tom299767 |
| 497343 |    9 | 9568309228@qq.com | tom259661 |
| 497344 |    9 | 9568333569@qq.com | tom106588 |
| 497345 |    9 | 9568359547@qq.com | tom211291 |
| 497346 |    9 | 9568586422@qq.com | tom450129 |
| 497347 |    9 | 9568880014@qq.com | tom412027 |
| 497348 |    9 | 9568894410@qq.com | tom461553 |
| 497349 |    9 | 9568932500@qq.com | tom191030 |
| 497350 |    9 | 9568962592@qq.com | tom140995 |
| 497351 |    9 | 9569015273@qq.com | tom41542  |
| 497352 |    9 | 9569257798@qq.com | tom150994 |
| 497353 |    9 | 9569277234@qq.com | tom259784 |
| 497354 |    9 | 9569392822@qq.com | tom420904 |
| 497355 |    9 | 9569513434@qq.com | tom62096  |
| 497356 |    9 | 9569815767@qq.com | tom376229 |
| 497357 |    9 | 9569892549@qq.com | tom411405 |
| 497358 |    9 | 9570124253@qq.com | tom199696 |
| 497359 |    9 | 9570244578@qq.com | tom247116 |
| 497360 |    9 | 9570312673@qq.com | tom95996  |
| 497361 |    9 | 9570391353@qq.com | tom191054 |
| 497362 |    9 | 9570518253@qq.com | tom312241 |
| 497363 |    9 | 9570537010@qq.com | tom186547 |
| 497364 |    9 | 9570636871@qq.com | tom28457  |
| 497365 |    9 | 9570674704@qq.com | tom463666 |
| 497366 |    9 | 9570692251@qq.com | tom129632 |
| 497367 |    9 | 9570863887@qq.com | tom264440 |
| 497368 |    9 | 9570997098@qq.com | tom212820 |
| 497369 |    9 | 9571012161@qq.com | tom208156 |
| 497370 |    9 | 9571085811@qq.com | tom456518 |
| 497371 |    9 | 9571216690@qq.com | tom245158 |
| 497372 |    9 | 9571328512@qq.com | tom324129 |
| 497373 |    9 | 9571678799@qq.com | tom483409 |
| 497374 |    9 | 9571692251@qq.com | tom396687 |
| 497375 |    9 | 9572092928@qq.com | tom450991 |
| 497376 |    9 | 9572185594@qq.com | tom337982 |
| 497377 |    9 | 9572593610@qq.com | tom279935 |
| 497378 |    9 | 9572670018@qq.com | tom231122 |
| 497379 |    9 | 9572818987@qq.com | tom153064 |
| 497380 |    9 | 9572849023@qq.com | tom369427 |
| 497381 |    9 | 9572922595@qq.com | tom59129  |
| 497382 |    9 | 9572951445@qq.com | tom28083  |
| 497383 |    9 | 9573012829@qq.com | tom263200 |
| 497384 |    9 | 9573133131@qq.com | tom427908 |
| 497385 |    9 | 9573171712@qq.com | tom363627 |
| 497386 |    9 | 9573477440@qq.com | tom338767 |
| 497387 |    9 | 9573576652@qq.com | tom236862 |
| 497388 |    9 | 9573632426@qq.com | tom113475 |
| 497389 |    9 | 9574029491@qq.com | tom179041 |
| 497390 |    9 | 9574183081@qq.com | tom473904 |
| 497391 |    9 | 9574456836@qq.com | tom114738 |
| 497392 |    9 | 9575098655@qq.com | tom69901  |
| 497393 |    9 | 9575130052@qq.com | tom95197  |
| 497394 |    9 | 9575261579@qq.com | tom467957 |
| 497395 |    9 | 9575286640@qq.com | tom95410  |
| 497396 |    9 | 9575354291@qq.com | tom6127   |
| 497397 |    9 | 9575685915@qq.com | tom167682 |
| 497398 |    9 | 9575711159@qq.com | tom499641 |
| 497399 |    9 | 9575762176@qq.com | tom8214   |
| 497400 |    9 | 9575818470@qq.com | tom268737 |
| 497401 |    9 | 9575981043@qq.com | tom173464 |
| 497402 |    9 | 9575988916@qq.com | tom456070 |
| 497403 |    9 | 9576014675@qq.com | tom1323   |
| 497404 |    9 | 9576037651@qq.com | tom50050  |
| 497405 |    9 | 9576295328@qq.com | tom100801 |
| 497406 |    9 | 9576607754@qq.com | tom190758 |
| 497407 |    9 | 9576671979@qq.com | tom418863 |
| 497408 |    9 | 9577309042@qq.com | tom159465 |
| 497409 |    9 | 9577601880@qq.com | tom472337 |
| 497410 |    9 | 9577615133@qq.com | tom499114 |
| 497411 |    9 | 9577635076@qq.com | tom348231 |
| 497412 |    9 | 9577833040@qq.com | tom494246 |
| 497413 |    9 | 9577891255@qq.com | tom143380 |
| 497414 |    9 | 9578111851@qq.com | tom81741  |
| 497415 |    9 | 9578135018@qq.com | tom198882 |
| 497416 |    9 | 9578179313@qq.com | tom10356  |
| 497417 |    9 | 9578251001@qq.com | tom389237 |
| 497418 |    9 | 9578277578@qq.com | tom254486 |
| 497419 |    9 | 9578578750@qq.com | tom275653 |
| 497420 |    9 | 9578674303@qq.com | tom315368 |
| 497421 |    9 | 9578874687@qq.com | tom468377 |
| 497422 |    9 | 9579029517@qq.com | tom367155 |
| 497423 |    9 | 9579031473@qq.com | tom32645  |
| 497424 |    9 | 9579111070@qq.com | tom47980  |
| 497425 |    9 | 9579173483@qq.com | tom264271 |
| 497426 |    9 | 9579601325@qq.com | tom481374 |
| 497427 |    9 | 9580508618@qq.com | tom397503 |
| 497428 |    9 | 9580649668@qq.com | tom96247  |
| 497429 |    9 | 9581133288@qq.com | tom284866 |
| 497430 |    9 | 9581142219@qq.com | tom479558 |
| 497431 |    9 | 9581178415@qq.com | tom422092 |
| 497432 |    9 | 9581235282@qq.com | tom37364  |
| 497433 |    9 | 9581277541@qq.com | tom207347 |
| 497434 |    9 | 9581465099@qq.com | tom285424 |
| 497435 |    9 | 9581606958@qq.com | tom46283  |
| 497436 |    9 | 9582160295@qq.com | tom69103  |
| 497437 |    9 | 9582222230@qq.com | tom90229  |
| 497438 |    9 | 9582255892@qq.com | tom230405 |
| 497439 |    9 | 9582294425@qq.com | tom321483 |
| 497440 |    9 | 9582672989@qq.com | tom278252 |
| 497441 |    9 | 9582718278@qq.com | tom462087 |
| 497442 |    9 | 9583022180@qq.com | tom271319 |
| 497443 |    9 | 9583083863@qq.com | tom412261 |
| 497444 |    9 | 9583176006@qq.com | tom728    |
| 497445 |    9 | 9583289333@qq.com | tom186128 |
| 497446 |    9 | 9583349030@qq.com | tom353637 |
| 497447 |    9 | 9583581701@qq.com | tom175782 |
| 497448 |    9 | 9583663897@qq.com | tom73498  |
| 497449 |    9 | 9583736197@qq.com | tom439406 |
| 497450 |    9 | 9583940338@qq.com | tom124492 |
| 497451 |    9 | 9583979422@qq.com | tom152161 |
| 497452 |    9 | 9584308650@qq.com | tom195874 |
| 497453 |    9 | 9584490814@qq.com | tom281288 |
| 497454 |    9 | 9584654067@qq.com | tom489272 |
| 497455 |    9 | 9584700552@qq.com | tom125637 |
| 497456 |    9 | 9584708044@qq.com | tom289059 |
| 497457 |    9 | 9584992666@qq.com | tom457161 |
| 497458 |    9 | 9585124110@qq.com | tom192491 |
| 497459 |    9 | 9585146751@qq.com | tom325650 |
| 497460 |    9 | 9585431461@qq.com | tom224564 |
| 497461 |    9 | 9585441747@qq.com | tom137725 |
| 497462 |    9 | 9585530033@qq.com | tom354326 |
| 497463 |    9 | 9585604716@qq.com | tom283915 |
| 497464 |    9 | 9586221134@qq.com | tom233139 |
| 497465 |    9 | 9586369325@qq.com | tom142473 |
| 497466 |    9 | 9586432888@qq.com | tom497234 |
| 497467 |    9 | 9586581132@qq.com | tom386272 |
| 497468 |    9 | 9586693857@qq.com | tom204475 |
| 497469 |    9 | 9586773369@qq.com | tom347848 |
| 497470 |    9 | 9587035672@qq.com | tom139254 |
| 497471 |    9 | 9587246281@qq.com | tom137558 |
| 497472 |    9 | 9587348251@qq.com | tom427829 |
| 497473 |    9 | 9587431611@qq.com | tom172501 |
| 497474 |    9 | 9587470876@qq.com | tom485966 |
| 497475 |    9 | 9587584889@qq.com | tom425955 |
| 497476 |    9 | 9588003289@qq.com | tom261798 |
| 497477 |    9 | 9588211700@qq.com | tom449025 |
| 497478 |    9 | 9588278325@qq.com | tom351081 |
| 497479 |    9 | 9588331768@qq.com | tom246669 |
| 497480 |    9 | 9588589949@qq.com | tom61343  |
| 497481 |    9 | 9588661970@qq.com | tom423607 |
| 497482 |    9 | 9588686182@qq.com | tom16621  |
| 497483 |    9 | 9589372916@qq.com | tom10393  |
| 497484 |    9 | 9589393802@qq.com | tom179046 |
| 497485 |    9 | 9589409951@qq.com | tom139676 |
| 497486 |    9 | 9589579473@qq.com | tom33329  |
| 497487 |    9 | 9589853015@qq.com | tom395366 |
| 497488 |    9 | 9589897825@qq.com | tom365545 |
| 497489 |    9 | 9590174086@qq.com | tom70456  |
| 497490 |    9 | 9590379872@qq.com | tom367757 |
| 497491 |    9 | 9590444804@qq.com | tom79496  |
| 497492 |    9 | 9590523259@qq.com | tom338445 |
| 497493 |    9 | 9590656550@qq.com | tom416652 |
| 497494 |    9 | 9590685490@qq.com | tom338920 |
| 497495 |    9 | 9590852447@qq.com | tom84915  |
| 497496 |    9 | 9591044360@qq.com | tom149090 |
| 497497 |    9 | 9591341052@qq.com | tom293519 |
| 497498 |    9 | 9591348353@qq.com | tom487638 |
| 497499 |    9 | 9591429076@qq.com | tom441148 |
| 497500 |    9 | 9591433350@qq.com | tom157874 |
| 497501 |    9 | 9591572110@qq.com | tom294262 |
| 497502 |    9 | 9591625591@qq.com | tom333549 |
| 497503 |    9 | 9591748055@qq.com | tom153435 |
| 497504 |    9 | 9591946448@qq.com | tom288381 |
| 497505 |    9 | 9592098361@qq.com | tom344265 |
| 497506 |    9 | 9592192798@qq.com | tom115573 |
| 497507 |    9 | 9592453198@qq.com | tom288531 |
| 497508 |    9 | 9592470132@qq.com | tom151975 |
| 497509 |    9 | 9592694652@qq.com | tom291432 |
| 497510 |    9 | 9592732437@qq.com | tom39505  |
| 497511 |    9 | 9592965270@qq.com | tom461693 |
| 497512 |    9 | 9593048756@qq.com | tom104873 |
| 497513 |    9 | 9593071165@qq.com | tom323479 |
| 497514 |    9 | 9593323372@qq.com | tom332043 |
| 497515 |    9 | 9593389484@qq.com | tom73445  |
| 497516 |    9 | 9593666753@qq.com | tom258683 |
| 497517 |    9 | 9593812742@qq.com | tom130999 |
| 497518 |    9 | 9593820028@qq.com | tom142935 |
| 497519 |    9 | 9593872243@qq.com | tom53273  |
| 497520 |    9 | 9593902937@qq.com | tom287006 |
| 497521 |    9 | 9594139270@qq.com | tom115550 |
| 497522 |    9 | 9594149275@qq.com | tom65541  |
| 497523 |    9 | 9594165224@qq.com | tom499104 |
| 497524 |    9 | 9594283110@qq.com | tom415096 |
| 497525 |    9 | 9594352052@qq.com | tom273422 |
| 497526 |    9 | 9594365416@qq.com | tom350736 |
| 497527 |    9 | 9594503883@qq.com | tom411338 |
| 497528 |    9 | 9594775516@qq.com | tom4167   |
| 497529 |    9 | 9594831874@qq.com | tom263586 |
| 497530 |    9 | 9594836810@qq.com | tom467614 |
| 497531 |    9 | 9594877769@qq.com | tom473740 |
| 497532 |    9 | 9594925875@qq.com | tom207219 |
| 497533 |    9 | 9595032183@qq.com | tom468782 |
| 497534 |    9 | 9595372978@qq.com | tom7977   |
| 497535 |    9 | 9595742521@qq.com | tom367585 |
| 497536 |    9 | 9595778290@qq.com | tom288067 |
| 497537 |    9 | 9595853753@qq.com | tom68798  |
| 497538 |    9 | 9596079394@qq.com | tom92673  |
| 497539 |    9 | 9596115435@qq.com | tom440893 |
| 497540 |    9 | 9596566652@qq.com | tom22079  |
| 497541 |    9 | 9596668443@qq.com | tom142650 |
| 497542 |    9 | 9596890129@qq.com | tom312667 |
| 497543 |    9 | 9597008815@qq.com | tom290793 |
| 497544 |    9 | 9597014940@qq.com | tom479342 |
| 497545 |    9 | 9597076279@qq.com | tom178532 |
| 497546 |    9 | 9597382052@qq.com | tom163892 |
| 497547 |    9 | 9597431862@qq.com | tom34582  |
| 497548 |    9 | 9597485616@qq.com | tom434394 |
| 497549 |    9 | 9597771870@qq.com | tom328765 |
| 497550 |    9 | 9597877588@qq.com | tom327083 |
| 497551 |    9 | 9597953688@qq.com | tom159741 |
| 497552 |    9 | 9597955257@qq.com | tom477550 |
| 497553 |    9 | 9598047306@qq.com | tom64761  |
| 497554 |    9 | 9598047852@qq.com | tom47105  |
| 497555 |    9 | 9598087289@qq.com | tom253463 |
| 497556 |    9 | 9598255772@qq.com | tom355800 |
| 497557 |    9 | 9598297959@qq.com | tom310790 |
| 497558 |    9 | 9598645869@qq.com | tom206403 |
| 497559 |    9 | 9599083674@qq.com | tom368492 |
| 497560 |    9 | 9599127184@qq.com | tom14233  |
| 497561 |    9 | 9599140496@qq.com | tom168535 |
| 497562 |    9 | 9599247833@qq.com | tom135924 |
| 497563 |    9 | 9599391867@qq.com | tom327028 |
| 497564 |    9 | 9599441697@qq.com | tom79139  |
| 497565 |    9 | 9599481704@qq.com | tom91692  |
| 497566 |    9 | 9599540030@qq.com | tom435926 |
| 497567 |    9 | 9599668835@qq.com | tom339868 |
| 497568 |    9 | 9599765946@qq.com | tom118167 |
| 497569 |    9 | 9599821911@qq.com | tom24986  |
| 497570 |    9 | 9600351378@qq.com | tom62630  |
| 497571 |    9 | 9600701980@qq.com | tom134035 |
| 497572 |    9 | 9600819970@qq.com | tom380645 |
| 497573 |    9 | 9600874682@qq.com | tom52306  |
| 497574 |    9 | 9601140919@qq.com | tom82545  |
| 497575 |    9 | 9601698053@qq.com | tom496340 |
| 497576 |    9 | 9602186627@qq.com | tom482596 |
| 497577 |    9 | 9602446020@qq.com | tom422455 |
| 497578 |    9 | 9602460463@qq.com | tom69347  |
| 497579 |    9 | 9602668686@qq.com | tom63834  |
| 497580 |    9 | 9602828893@qq.com | tom215661 |
| 497581 |    9 | 9602864785@qq.com | tom358747 |
| 497582 |    9 | 9602992248@qq.com | tom281891 |
| 497583 |    9 | 9603034062@qq.com | tom266349 |
| 497584 |    9 | 9603060923@qq.com | tom204822 |
| 497585 |    9 | 9603528968@qq.com | tom274681 |
| 497586 |    9 | 9603625475@qq.com | tom432240 |
| 497587 |    9 | 9604012387@qq.com | tom139266 |
| 497588 |    9 | 9604837671@qq.com | tom57778  |
| 497589 |    9 | 9604886251@qq.com | tom312207 |
| 497590 |    9 | 9605149022@qq.com | tom198077 |
| 497591 |    9 | 9605286709@qq.com | tom213566 |
| 497592 |    9 | 9605358361@qq.com | tom32666  |
| 497593 |    9 | 9605503192@qq.com | tom87808  |
| 497594 |    9 | 9605750886@qq.com | tom417409 |
| 497595 |    9 | 9605823951@qq.com | tom423148 |
| 497596 |    9 | 9605860099@qq.com | tom17729  |
| 497597 |    9 | 9605870000@qq.com | tom122535 |
| 497598 |    9 | 9606176102@qq.com | tom324913 |
| 497599 |    9 | 9606487411@qq.com | tom391046 |
| 497600 |    9 | 9606582510@qq.com | tom296757 |
| 497601 |    9 | 9606707835@qq.com | tom25553  |
| 497602 |    9 | 9606877663@qq.com | tom415813 |
| 497603 |    9 | 9606924847@qq.com | tom52655  |
| 497604 |    9 | 9606948444@qq.com | tom380837 |
| 497605 |    9 | 9606973088@qq.com | tom27078  |
| 497606 |    9 | 9607005583@qq.com | tom462322 |
| 497607 |    9 | 9607138059@qq.com | tom393459 |
| 497608 |    9 | 9607170433@qq.com | tom410794 |
| 497609 |    9 | 9607481769@qq.com | tom467973 |
| 497610 |    9 | 9607589955@qq.com | tom80750  |
| 497611 |    9 | 9607694979@qq.com | tom53875  |
| 497612 |    9 | 9607703026@qq.com | tom499524 |
| 497613 |    9 | 9607773775@qq.com | tom281931 |
| 497614 |    9 | 9607884678@qq.com | tom348274 |
| 497615 |    9 | 9608015163@qq.com | tom161005 |
| 497616 |    9 | 9608636964@qq.com | tom196769 |
| 497617 |    9 | 9608728511@qq.com | tom144131 |
| 497618 |    9 | 9608822814@qq.com | tom174075 |
| 497619 |    9 | 9608951158@qq.com | tom342939 |
| 497620 |    9 | 9608991060@qq.com | tom6600   |
| 497621 |    9 | 9609239471@qq.com | tom299150 |
| 497622 |    9 | 9609546814@qq.com | tom82535  |
| 497623 |    9 | 9609906053@qq.com | tom49785  |
| 497624 |    9 | 9610323483@qq.com | tom58125  |
| 497625 |    9 | 9610349627@qq.com | tom20217  |
| 497626 |    9 | 9610619480@qq.com | tom403842 |
| 497627 |    9 | 9610824953@qq.com | tom140963 |
| 497628 |    9 | 9610907957@qq.com | tom226644 |
| 497629 |    9 | 9611053824@qq.com | tom293417 |
| 497630 |    9 | 9611343402@qq.com | tom217019 |
| 497631 |    9 | 9611669707@qq.com | tom86039  |
| 497632 |    9 | 9611798954@qq.com | tom218622 |
| 497633 |    9 | 9612402967@qq.com | tom418552 |
| 497634 |    9 | 9612494980@qq.com | tom156922 |
| 497635 |    9 | 9612719922@qq.com | tom364967 |
| 497636 |    9 | 9612921898@qq.com | tom261188 |
| 497637 |    9 | 9613001688@qq.com | tom290075 |
| 497638 |    9 | 9613150904@qq.com | tom257827 |
| 497639 |    9 | 9613154609@qq.com | tom16873  |
| 497640 |    9 | 9613314684@qq.com | tom167064 |
| 497641 |    9 | 9613504931@qq.com | tom479514 |
| 497642 |    9 | 9613518022@qq.com | tom183052 |
| 497643 |    9 | 9614134562@qq.com | tom166017 |
| 497644 |    9 | 9614147040@qq.com | tom230350 |
| 497645 |    9 | 9614284692@qq.com | tom47673  |
| 497646 |    9 | 9614550137@qq.com | tom422779 |
| 497647 |    9 | 9614629191@qq.com | tom185979 |
| 497648 |    9 | 9614756903@qq.com | tom36506  |
| 497649 |    9 | 9614766139@qq.com | tom393287 |
| 497650 |    9 | 9614923246@qq.com | tom216718 |
| 497651 |    9 | 9614944200@qq.com | tom272016 |
| 497652 |    9 | 9614972502@qq.com | tom360636 |
| 497653 |    9 | 9614978548@qq.com | tom279483 |
| 497654 |    9 | 9614986316@qq.com | tom325091 |
| 497655 |    9 | 9615041715@qq.com | tom406141 |
| 497656 |    9 | 9615046633@qq.com | tom274516 |
| 497657 |    9 | 9615081793@qq.com | tom219397 |
| 497658 |    9 | 9615228619@qq.com | tom344938 |
| 497659 |    9 | 9615251577@qq.com | tom96106  |
| 497660 |    9 | 9615638151@qq.com | tom471595 |
| 497661 |    9 | 9615683497@qq.com | tom331180 |
| 497662 |    9 | 9615838491@qq.com | tom23259  |
| 497663 |    9 | 9616008533@qq.com | tom208371 |
| 497664 |    9 | 9616138002@qq.com | tom3884   |
| 497665 |    9 | 9616541317@qq.com | tom197751 |
| 497666 |    9 | 9617039787@qq.com | tom324242 |
| 497667 |    9 | 9617161349@qq.com | tom394283 |
| 497668 |    9 | 9617352690@qq.com | tom170002 |
| 497669 |    9 | 9617359423@qq.com | tom276758 |
| 497670 |    9 | 9617367441@qq.com | tom204164 |
| 497671 |    9 | 9617541335@qq.com | tom434319 |
| 497672 |    9 | 9617599577@qq.com | tom485250 |
| 497673 |    9 | 9617701789@qq.com | tom45739  |
| 497674 |    9 | 9618008496@qq.com | tom244098 |
| 497675 |    9 | 9618013260@qq.com | tom173405 |
| 497676 |    9 | 9618027753@qq.com | tom43087  |
| 497677 |    9 | 9619085416@qq.com | tom141922 |
| 497678 |    9 | 9619110048@qq.com | tom235546 |
| 497679 |    9 | 9619357916@qq.com | tom61319  |
| 497680 |    9 | 9619702427@qq.com | tom27435  |
| 497681 |    9 | 9619739980@qq.com | tom409955 |
| 497682 |    9 | 9619842464@qq.com | tom5351   |
| 497683 |    9 | 9620483800@qq.com | tom338315 |
| 497684 |    9 | 9620696710@qq.com | tom110315 |
| 497685 |    9 | 9620731355@qq.com | tom55926  |
| 497686 |    9 | 9620736883@qq.com | tom68124  |
| 497687 |    9 | 9621056043@qq.com | tom62393  |
| 497688 |    9 | 9621155005@qq.com | tom236822 |
| 497689 |    9 | 9621174857@qq.com | tom235610 |
| 497690 |    9 | 9621261789@qq.com | tom301325 |
| 497691 |    9 | 9621275817@qq.com | tom145342 |
| 497692 |    9 | 9621343822@qq.com | tom163721 |
| 497693 |    9 | 9621684320@qq.com | tom155922 |
| 497694 |    9 | 9622240938@qq.com | tom46188  |
| 497695 |    9 | 9622618074@qq.com | tom90036  |
| 497696 |    9 | 9622627736@qq.com | tom120328 |
| 497697 |    9 | 9622650474@qq.com | tom305474 |
| 497698 |    9 | 9622733101@qq.com | tom477405 |
| 497699 |    9 | 9622818002@qq.com | tom404473 |
| 497700 |    9 | 9622849134@qq.com | tom77265  |
| 497701 |    9 | 9622854113@qq.com | tom75086  |
| 497702 |    9 | 9623066483@qq.com | tom381487 |
| 497703 |    9 | 9623623049@qq.com | tom225045 |
| 497704 |    9 | 9623627396@qq.com | tom25492  |
| 497705 |    9 | 9623646665@qq.com | tom379038 |
| 497706 |    9 | 9623731402@qq.com | tom165187 |
| 497707 |    9 | 9623955410@qq.com | tom95491  |
| 497708 |    9 | 9624116861@qq.com | tom71129  |
| 497709 |    9 | 9624137868@qq.com | tom432231 |
| 497710 |    9 | 9624210004@qq.com | tom135283 |
| 497711 |    9 | 9624584555@qq.com | tom289595 |
| 497712 |    9 | 9624743413@qq.com | tom114954 |
| 497713 |    9 | 9624866345@qq.com | tom149914 |
| 497714 |    9 | 9625552390@qq.com | tom234964 |
| 497715 |    9 | 9625581132@qq.com | tom183024 |
| 497716 |    9 | 9625701709@qq.com | tom406907 |
| 497717 |    9 | 9625726344@qq.com | tom379106 |
| 497718 |    9 | 9625892459@qq.com | tom207284 |
| 497719 |    9 | 9626241479@qq.com | tom346833 |
| 497720 |    9 | 9626616920@qq.com | tom153306 |
| 497721 |    9 | 9626913123@qq.com | tom182584 |
| 497722 |    9 | 9626972815@qq.com | tom151945 |
| 497723 |    9 | 9627353596@qq.com | tom240155 |
| 497724 |    9 | 9627496626@qq.com | tom183046 |
| 497725 |    9 | 9627651619@qq.com | tom256865 |
| 497726 |    9 | 9627802420@qq.com | tom38378  |
| 497727 |    9 | 9627921144@qq.com | tom79429  |
| 497728 |    9 | 9627955144@qq.com | tom458478 |
| 497729 |    9 | 9628157604@qq.com | tom203492 |
| 497730 |    9 | 9628261775@qq.com | tom447296 |
| 497731 |    9 | 9628323066@qq.com | tom15310  |
| 497732 |    9 | 9628620177@qq.com | tom399139 |
| 497733 |    9 | 9628630297@qq.com | tom27029  |
| 497734 |    9 | 9628673591@qq.com | tom266653 |
| 497735 |    9 | 9628926711@qq.com | tom380341 |
| 497736 |    9 | 9628961187@qq.com | tom42379  |
| 497737 |    9 | 9629315634@qq.com | tom186656 |
| 497738 |    9 | 9629408378@qq.com | tom139404 |
| 497739 |    9 | 9629724286@qq.com | tom181961 |
| 497740 |    9 | 9629934971@qq.com | tom380004 |
| 497741 |    9 | 9630233166@qq.com | tom439873 |
| 497742 |    9 | 9630493673@qq.com | tom45296  |
| 497743 |    9 | 9630625100@qq.com | tom333918 |
| 497744 |    9 | 9630927534@qq.com | tom152221 |
| 497745 |    9 | 9631167259@qq.com | tom403825 |
| 497746 |    9 | 9631362550@qq.com | tom3866   |
| 497747 |    9 | 9631378952@qq.com | tom459917 |
| 497748 |    9 | 9631472497@qq.com | tom12255  |
| 497749 |    9 | 9631755695@qq.com | tom276147 |
| 497750 |    9 | 9631874066@qq.com | tom344828 |
| 497751 |    9 | 9632031314@qq.com | tom440349 |
| 497752 |    9 | 9632452966@qq.com | tom432981 |
| 497753 |    9 | 9632734988@qq.com | tom60602  |
| 497754 |    9 | 9633441395@qq.com | tom408081 |
| 497755 |    9 | 9633528792@qq.com | tom362372 |
| 497756 |    9 | 9633726784@qq.com | tom83447  |
| 497757 |    9 | 9633736264@qq.com | tom454931 |
| 497758 |    9 | 9633885912@qq.com | tom259124 |
| 497759 |    9 | 9634423656@qq.com | tom353895 |
| 497760 |    9 | 9634468986@qq.com | tom477978 |
| 497761 |    9 | 9634474129@qq.com | tom352575 |
| 497762 |    9 | 9635008148@qq.com | tom52483  |
| 497763 |    9 | 9635330893@qq.com | tom439831 |
| 497764 |    9 | 9635409712@qq.com | tom242825 |
| 497765 |    9 | 9635829279@qq.com | tom449749 |
| 497766 |    9 | 9636107741@qq.com | tom361723 |
| 497767 |    9 | 9636203008@qq.com | tom400584 |
| 497768 |    9 | 9637100836@qq.com | tom460729 |
| 497769 |    9 | 9637139905@qq.com | tom258384 |
| 497770 |    9 | 9637623400@qq.com | tom101768 |
| 497771 |    9 | 9637745691@qq.com | tom340318 |
| 497772 |    9 | 9638185782@qq.com | tom134556 |
| 497773 |    9 | 9638199588@qq.com | tom129166 |
| 497774 |    9 | 9638216681@qq.com | tom7971   |
| 497775 |    9 | 9638273680@qq.com | tom259033 |
| 497776 |    9 | 9638434188@qq.com | tom307348 |
| 497777 |    9 | 9638628271@qq.com | tom288660 |
| 497778 |    9 | 9638819288@qq.com | tom204130 |
| 497779 |    9 | 9639305690@qq.com | tom41890  |
| 497780 |    9 | 9639399647@qq.com | tom178033 |
| 497781 |    9 | 9639461963@qq.com | tom180893 |
| 497782 |    9 | 9639583833@qq.com | tom153328 |
| 497783 |    9 | 9639603650@qq.com | tom372495 |
| 497784 |    9 | 9639751269@qq.com | tom139257 |
| 497785 |    9 | 9639901552@qq.com | tom3465   |
| 497786 |    9 | 9639968407@qq.com | tom95448  |
| 497787 |    9 | 9640094022@qq.com | tom221546 |
| 497788 |    9 | 9640124015@qq.com | tom319860 |
| 497789 |    9 | 9640383197@qq.com | tom59792  |
| 497790 |    9 | 9640627134@qq.com | tom189581 |
| 497791 |    9 | 9640699573@qq.com | tom488108 |
| 497792 |    9 | 9640702247@qq.com | tom384739 |
| 497793 |    9 | 9640808644@qq.com | tom309375 |
| 497794 |    9 | 9640954391@qq.com | tom437252 |
| 497795 |    9 | 9640987928@qq.com | tom394097 |
| 497796 |    9 | 9641091866@qq.com | tom104899 |
| 497797 |    9 | 9641111147@qq.com | tom187028 |
| 497798 |    9 | 9641228127@qq.com | tom484901 |
| 497799 |    9 | 9641446767@qq.com | tom33042  |
| 497800 |    9 | 9641826635@qq.com | tom266623 |
| 497801 |    9 | 9642006105@qq.com | tom199314 |
| 497802 |    9 | 9642036211@qq.com | tom349457 |
| 497803 |    9 | 9642050570@qq.com | tom114507 |
| 497804 |    9 | 9642102860@qq.com | tom49092  |
| 497805 |    9 | 9642186013@qq.com | tom81943  |
| 497806 |    9 | 9642498473@qq.com | tom207908 |
| 497807 |    9 | 9642527685@qq.com | tom83437  |
| 497808 |    9 | 9642711447@qq.com | tom23219  |
| 497809 |    9 | 9642928391@qq.com | tom78738  |
| 497810 |    9 | 9643063300@qq.com | tom83105  |
| 497811 |    9 | 9643169514@qq.com | tom333411 |
| 497812 |    9 | 9643221353@qq.com | tom98059  |
| 497813 |    9 | 9643323683@qq.com | tom26457  |
| 497814 |    9 | 9643372159@qq.com | tom252758 |
| 497815 |    9 | 9643374315@qq.com | tom149898 |
| 497816 |    9 | 9643484843@qq.com | tom330677 |
| 497817 |    9 | 9643487624@qq.com | tom265197 |
| 497818 |    9 | 9643541280@qq.com | tom18778  |
| 497819 |    9 | 9643635747@qq.com | tom427454 |
| 497820 |    9 | 9643681111@qq.com | tom441015 |
| 497821 |    9 | 9643694492@qq.com | tom115493 |
| 497822 |    9 | 9643698069@qq.com | tom73593  |
| 497823 |    9 | 9643785458@qq.com | tom423522 |
| 497824 |    9 | 9643909366@qq.com | tom180379 |
| 497825 |    9 | 9644021654@qq.com | tom85081  |
| 497826 |    9 | 9644049690@qq.com | tom59831  |
| 497827 |    9 | 9644273658@qq.com | tom50091  |
| 497828 |    9 | 9644404783@qq.com | tom97611  |
| 497829 |    9 | 9644757990@qq.com | tom190641 |
| 497830 |    9 | 9644922947@qq.com | tom15193  |
| 497831 |    9 | 9645102760@qq.com | tom346469 |
| 497832 |    9 | 9645179762@qq.com | tom299171 |
| 497833 |    9 | 9645359245@qq.com | tom441662 |
| 497834 |    9 | 9645378609@qq.com | tom42479  |
| 497835 |    9 | 9645501982@qq.com | tom466582 |
| 497836 |    9 | 9645529097@qq.com | tom170544 |
| 497837 |    9 | 9645789749@qq.com | tom199097 |
| 497838 |    9 | 9645797515@qq.com | tom245026 |
| 497839 |    9 | 9645801575@qq.com | tom171480 |
| 497840 |    9 | 9645809699@qq.com | tom448484 |
| 497841 |    9 | 9646097763@qq.com | tom59323  |
| 497842 |    9 | 9646325861@qq.com | tom146133 |
| 497843 |    9 | 9646350378@qq.com | tom116033 |
| 497844 |    9 | 9646448713@qq.com | tom487751 |
| 497845 |    9 | 9646603407@qq.com | tom179962 |
| 497846 |    9 | 9646848318@qq.com | tom285414 |
| 497847 |    9 | 9646905636@qq.com | tom68272  |
| 497848 |    9 | 9646961144@qq.com | tom228751 |
| 497849 |    9 | 9646970995@qq.com | tom320559 |
| 497850 |    9 | 9647065758@qq.com | tom353687 |
| 497851 |    9 | 9647144818@qq.com | tom119075 |
| 497852 |    9 | 9647216355@qq.com | tom392447 |
| 497853 |    9 | 9647345486@qq.com | tom78624  |
| 497854 |    9 | 9647577524@qq.com | tom438016 |
| 497855 |    9 | 9647794195@qq.com | tom104825 |
| 497856 |    9 | 9647942912@qq.com | tom385273 |
| 497857 |    9 | 9647999137@qq.com | tom100347 |
| 497858 |    9 | 9648131978@qq.com | tom482426 |
| 497859 |    9 | 9648211443@qq.com | tom396844 |
| 497860 |    9 | 9648560833@qq.com | tom175909 |
| 497861 |    9 | 9648621278@qq.com | tom260306 |
| 497862 |    9 | 9648760902@qq.com | tom479142 |
| 497863 |    9 | 9648890103@qq.com | tom135633 |
| 497864 |    9 | 9649099070@qq.com | tom399571 |
| 497865 |    9 | 9649197194@qq.com | tom401957 |
| 497866 |    9 | 9649284265@qq.com | tom207486 |
| 497867 |    9 | 9649309581@qq.com | tom480347 |
| 497868 |    9 | 9649342671@qq.com | tom497560 |
| 497869 |    9 | 9649460734@qq.com | tom371210 |
| 497870 |    9 | 9649552681@qq.com | tom499066 |
| 497871 |    9 | 9649757352@qq.com | tom299505 |
| 497872 |    9 | 9649852318@qq.com | tom446157 |
| 497873 |    9 | 9649900226@qq.com | tom75630  |
| 497874 |    9 | 9649913294@qq.com | tom417728 |
| 497875 |    9 | 9650001502@qq.com | tom53996  |
| 497876 |    9 | 9650270195@qq.com | tom413299 |
| 497877 |    9 | 9650275362@qq.com | tom401425 |
| 497878 |    9 | 9650393705@qq.com | tom76540  |
| 497879 |    9 | 9650452858@qq.com | tom482706 |
| 497880 |    9 | 9650660823@qq.com | tom136230 |
| 497881 |    9 | 9651791396@qq.com | tom34259  |
| 497882 |    9 | 9652069913@qq.com | tom498844 |
| 497883 |    9 | 9652112203@qq.com | tom347871 |
| 497884 |    9 | 9652240976@qq.com | tom172823 |
| 497885 |    9 | 9652469308@qq.com | tom163082 |
| 497886 |    9 | 9652513559@qq.com | tom162221 |
| 497887 |    9 | 9653038487@qq.com | tom409730 |
| 497888 |    9 | 9653134609@qq.com | tom91751  |
| 497889 |    9 | 9653170085@qq.com | tom321785 |
| 497890 |    9 | 9653248552@qq.com | tom492889 |
| 497891 |    9 | 9653787927@qq.com | tom185431 |
| 497892 |    9 | 9653788200@qq.com | tom15952  |
| 497893 |    9 | 9653896792@qq.com | tom211312 |
| 497894 |    9 | 9654072071@qq.com | tom123051 |
| 497895 |    9 | 9654077061@qq.com | tom421338 |
| 497896 |    9 | 9654305506@qq.com | tom328798 |
| 497897 |    9 | 9654425687@qq.com | tom120018 |
| 497898 |    9 | 9654505355@qq.com | tom483954 |
| 497899 |    9 | 9654673472@qq.com | tom211123 |
| 497900 |    9 | 9654916291@qq.com | tom482149 |
| 497901 |    9 | 9655061762@qq.com | tom341266 |
| 497902 |    9 | 9655204393@qq.com | tom91442  |
| 497903 |    9 | 9655209681@qq.com | tom111293 |
| 497904 |    9 | 9655369240@qq.com | tom155619 |
| 497905 |    9 | 9656528510@qq.com | tom36143  |
| 497906 |    9 | 9656868828@qq.com | tom73929  |
| 497907 |    9 | 9656891539@qq.com | tom293309 |
| 497908 |    9 | 9656963018@qq.com | tom257262 |
| 497909 |    9 | 9657153653@qq.com | tom406408 |
| 497910 |    9 | 9657160708@qq.com | tom209462 |
| 497911 |    9 | 9657460980@qq.com | tom266480 |
| 497912 |    9 | 9657506803@qq.com | tom435212 |
| 497913 |    9 | 9657590060@qq.com | tom106235 |
| 497914 |    9 | 9657621508@qq.com | tom33390  |
| 497915 |    9 | 9657680009@qq.com | tom217792 |
| 497916 |    9 | 9657831692@qq.com | tom139899 |
| 497917 |    9 | 9657965822@qq.com | tom381839 |
| 497918 |    9 | 9658136002@qq.com | tom325930 |
| 497919 |    9 | 9658317011@qq.com | tom400265 |
| 497920 |    9 | 9658412048@qq.com | tom132266 |
| 497921 |    9 | 9658462683@qq.com | tom429562 |
| 497922 |    9 | 9658571452@qq.com | tom206101 |
| 497923 |    9 | 9658706517@qq.com | tom376425 |
| 497924 |    9 | 9658719770@qq.com | tom162199 |
| 497925 |    9 | 9658814632@qq.com | tom206629 |
| 497926 |    9 | 9658895272@qq.com | tom50159  |
| 497927 |    9 | 9659159513@qq.com | tom104854 |
| 497928 |    9 | 9659465273@qq.com | tom476569 |
| 497929 |    9 | 9659474570@qq.com | tom423196 |
| 497930 |    9 | 9659593040@qq.com | tom88629  |
| 497931 |    9 | 9659627660@qq.com | tom410047 |
| 497932 |    9 | 9659860707@qq.com | tom54877  |
| 497933 |    9 | 9659926487@qq.com | tom204103 |
| 497934 |    9 | 9660151319@qq.com | tom15783  |
| 497935 |    9 | 9660399431@qq.com | tom117158 |
| 497936 |    9 | 9660405571@qq.com | tom174074 |
| 497937 |    9 | 9660464491@qq.com | tom440849 |
| 497938 |    9 | 9660664102@qq.com | tom105078 |
| 497939 |    9 | 9661270686@qq.com | tom2197   |
| 497940 |    9 | 9661420097@qq.com | tom113979 |
| 497941 |    9 | 9661516657@qq.com | tom84554  |
| 497942 |    9 | 9661551924@qq.com | tom40024  |
| 497943 |    9 | 9661563998@qq.com | tom313003 |
| 497944 |    9 | 9661567438@qq.com | tom12531  |
| 497945 |    9 | 9661889468@qq.com | tom256281 |
| 497946 |    9 | 9661910688@qq.com | tom436711 |
| 497947 |    9 | 9662424924@qq.com | tom424057 |
| 497948 |    9 | 9662672916@qq.com | tom352972 |
| 497949 |    9 | 9662684819@qq.com | tom407479 |
| 497950 |    9 | 9663165375@qq.com | tom127328 |
| 497951 |    9 | 9663469564@qq.com | tom424935 |
| 497952 |    9 | 9663710883@qq.com | tom364529 |
| 497953 |    9 | 9663796131@qq.com | tom123493 |
| 497954 |    9 | 9663862444@qq.com | tom218368 |
| 497955 |    9 | 9663882498@qq.com | tom176511 |
| 497956 |    9 | 9664145324@qq.com | tom456370 |
| 497957 |    9 | 9664176706@qq.com | tom59851  |
| 497958 |    9 | 9664423869@qq.com | tom126473 |
| 497959 |    9 | 9664651723@qq.com | tom100462 |
| 497960 |    9 | 9664714880@qq.com | tom71273  |
| 497961 |    9 | 9664842984@qq.com | tom200672 |
| 497962 |    9 | 9664972516@qq.com | tom267082 |
| 497963 |    9 | 9664990001@qq.com | tom214385 |
| 497964 |    9 | 9664991131@qq.com | tom22941  |
| 497965 |    9 | 9665040540@qq.com | tom454175 |
| 497966 |    9 | 9665068154@qq.com | tom235853 |
| 497967 |    9 | 9665341121@qq.com | tom13255  |
| 497968 |    9 | 9665491504@qq.com | tom180280 |
| 497969 |    9 | 9665543339@qq.com | tom134292 |
| 497970 |    9 | 9665675717@qq.com | tom79463  |
| 497971 |    9 | 9665770238@qq.com | tom363600 |
| 497972 |    9 | 9665793914@qq.com | tom110021 |
| 497973 |    9 | 9665798084@qq.com | tom260469 |
| 497974 |    9 | 9665860181@qq.com | tom131704 |
| 497975 |    9 | 9665958796@qq.com | tom192305 |
| 497976 |    9 | 9666067685@qq.com | tom479357 |
| 497977 |    9 | 9666226352@qq.com | tom355815 |
| 497978 |    9 | 9666478916@qq.com | tom494395 |
| 497979 |    9 | 9666552377@qq.com | tom213295 |
| 497980 |    9 | 9666566132@qq.com | tom157502 |
| 497981 |    9 | 9666581531@qq.com | tom352599 |
| 497982 |    9 | 9666607109@qq.com | tom111684 |
| 497983 |    9 | 9666680489@qq.com | tom141904 |
| 497984 |    9 | 9666873296@qq.com | tom160994 |
| 497985 |    9 | 9666909173@qq.com | tom65803  |
| 497986 |    9 | 9666962812@qq.com | tom140475 |
| 497987 |    9 | 9667006388@qq.com | tom91089  |
| 497988 |    9 | 9667034364@qq.com | tom330872 |
| 497989 |    9 | 9667176113@qq.com | tom434002 |
| 497990 |    9 | 9667282603@qq.com | tom40258  |
| 497991 |    9 | 9667301844@qq.com | tom360114 |
| 497992 |    9 | 9667302991@qq.com | tom363524 |
| 497993 |    9 | 9667317588@qq.com | tom127884 |
| 497994 |    9 | 9667399260@qq.com | tom482261 |
| 497995 |    9 | 9667450643@qq.com | tom35914  |
| 497996 |    9 | 9667596305@qq.com | tom44892  |
| 497997 |    9 | 9667671965@qq.com | tom309280 |
| 497998 |    9 | 9667760717@qq.com | tom78004  |
| 497999 |    9 | 9667982461@qq.com | tom298574 |
| 498000 |    9 | 9668017673@qq.com | tom481700 |
| 498001 |    9 | 9668128739@qq.com | tom291467 |
| 498002 |    9 | 9668205752@qq.com | tom250086 |
| 498003 |    9 | 9668283058@qq.com | tom162061 |
| 498004 |    9 | 9668404846@qq.com | tom395087 |
| 498005 |    9 | 9668577191@qq.com | tom174122 |
| 498006 |    9 | 9668610092@qq.com | tom213845 |
| 498007 |    9 | 9668693028@qq.com | tom89509  |
| 498008 |    9 | 9668790532@qq.com | tom291172 |
| 498009 |    9 | 9668976364@qq.com | tom385670 |
| 498010 |    9 | 9669294723@qq.com | tom65509  |
| 498011 |    9 | 9669568096@qq.com | tom165929 |
| 498012 |    9 | 9669616214@qq.com | tom1305   |
| 498013 |    9 | 9669657006@qq.com | tom237462 |
| 498014 |    9 | 9669691692@qq.com | tom488604 |
| 498015 |    9 | 9669721321@qq.com | tom410707 |
| 498016 |    9 | 9670165855@qq.com | tom292983 |
| 498017 |    9 | 9670247422@qq.com | tom172058 |
| 498018 |    9 | 9670412147@qq.com | tom466714 |
| 498019 |    9 | 9670646256@qq.com | tom114573 |
| 498020 |    9 | 9670790527@qq.com | tom443186 |
| 498021 |    9 | 9671070031@qq.com | tom258396 |
| 498022 |    9 | 9671172583@qq.com | tom68517  |
| 498023 |    9 | 9671300385@qq.com | tom162799 |
| 498024 |    9 | 9671733656@qq.com | tom390526 |
| 498025 |    9 | 9671785587@qq.com | tom393432 |
| 498026 |    9 | 9671898470@qq.com | tom61476  |
| 498027 |    9 | 9671961353@qq.com | tom330764 |
| 498028 |    9 | 9672295883@qq.com | tom198708 |
| 498029 |    9 | 9672313526@qq.com | tom37762  |
| 498030 |    9 | 9672516626@qq.com | tom186069 |
| 498031 |    9 | 9672531564@qq.com | tom352312 |
| 498032 |    9 | 9672588529@qq.com | tom262472 |
| 498033 |    9 | 9672634940@qq.com | tom113672 |
| 498034 |    9 | 9672642391@qq.com | tom335819 |
| 498035 |    9 | 9672811996@qq.com | tom249731 |
| 498036 |    9 | 9672879749@qq.com | tom144520 |
| 498037 |    9 | 9673162438@qq.com | tom473420 |
| 498038 |    9 | 9673279153@qq.com | tom167490 |
| 498039 |    9 | 9673428817@qq.com | tom245138 |
| 498040 |    9 | 9673523653@qq.com | tom271679 |
| 498041 |    9 | 9673622899@qq.com | tom23532  |
| 498042 |    9 | 9673680967@qq.com | tom281423 |
| 498043 |    9 | 9673917978@qq.com | tom388228 |
| 498044 |    9 | 9674077921@qq.com | tom346370 |
| 498045 |    9 | 9674181261@qq.com | tom74677  |
| 498046 |    9 | 9674409737@qq.com | tom133150 |
| 498047 |    9 | 9674488558@qq.com | tom16755  |
| 498048 |    9 | 9674603687@qq.com | tom325713 |
| 498049 |    9 | 9674916107@qq.com | tom314576 |
| 498050 |    9 | 9675422964@qq.com | tom104048 |
| 498051 |    9 | 9675575417@qq.com | tom387240 |
| 498052 |    9 | 9675829592@qq.com | tom7269   |
| 498053 |    9 | 9676194098@qq.com | tom183686 |
| 498054 |    9 | 9676222317@qq.com | tom423621 |
| 498055 |    9 | 9676312144@qq.com | tom220149 |
| 498056 |    9 | 9676402121@qq.com | tom384635 |
| 498057 |    9 | 9676501219@qq.com | tom104950 |
| 498058 |    9 | 9676575175@qq.com | tom422743 |
| 498059 |    9 | 9676651210@qq.com | tom205724 |
| 498060 |    9 | 9677334938@qq.com | tom391460 |
| 498061 |    9 | 9677427824@qq.com | tom98169  |
| 498062 |    9 | 9677499679@qq.com | tom245614 |
| 498063 |    9 | 9677619766@qq.com | tom371202 |
| 498064 |    9 | 9678028679@qq.com | tom365974 |
| 498065 |    9 | 9678182983@qq.com | tom444702 |
| 498066 |    9 | 9678274346@qq.com | tom373368 |
| 498067 |    9 | 9678575227@qq.com | tom78085  |
| 498068 |    9 | 9678814023@qq.com | tom121621 |
| 498069 |    9 | 9678914810@qq.com | tom105500 |
| 498070 |    9 | 9679101196@qq.com | tom332933 |
| 498071 |    9 | 9679494826@qq.com | tom394218 |
| 498072 |    9 | 9679786593@qq.com | tom261609 |
| 498073 |    9 | 9679943637@qq.com | tom385466 |
| 498074 |    9 | 9679949451@qq.com | tom48344  |
| 498075 |    9 | 9680824787@qq.com | tom336724 |
| 498076 |    9 | 9681097255@qq.com | tom61659  |
| 498077 |    9 | 9681246288@qq.com | tom127649 |
| 498078 |    9 | 9681302923@qq.com | tom33150  |
| 498079 |    9 | 9681569589@qq.com | tom101240 |
| 498080 |    9 | 9681667908@qq.com | tom179264 |
| 498081 |    9 | 9682079445@qq.com | tom118784 |
| 498082 |    9 | 9682230975@qq.com | tom435053 |
| 498083 |    9 | 9682372235@qq.com | tom279237 |
| 498084 |    9 | 9682557852@qq.com | tom473671 |
| 498085 |    9 | 9682616177@qq.com | tom168624 |
| 498086 |    9 | 9682709057@qq.com | tom168204 |
| 498087 |    9 | 9683189449@qq.com | tom336422 |
| 498088 |    9 | 9683478336@qq.com | tom346259 |
| 498089 |    9 | 9683962909@qq.com | tom463520 |
| 498090 |    9 | 9684005045@qq.com | tom38632  |
| 498091 |    9 | 9684371142@qq.com | tom78354  |
| 498092 |    9 | 9684407824@qq.com | tom215986 |
| 498093 |    9 | 9684676215@qq.com | tom145818 |
| 498094 |    9 | 9684676710@qq.com | tom338350 |
| 498095 |    9 | 9684843424@qq.com | tom325307 |
| 498096 |    9 | 9684904158@qq.com | tom293691 |
| 498097 |    9 | 9685393102@qq.com | tom273637 |
| 498098 |    9 | 9685461669@qq.com | tom358642 |
| 498099 |    9 | 9685476445@qq.com | tom349525 |
| 498100 |    9 | 9685543521@qq.com | tom2958   |
| 498101 |    9 | 9686044515@qq.com | tom271646 |
| 498102 |    9 | 9686064403@qq.com | tom307947 |
| 498103 |    9 | 9686095402@qq.com | tom452031 |
| 498104 |    9 | 9686115556@qq.com | tom205209 |
| 498105 |    9 | 9686138176@qq.com | tom202740 |
| 498106 |    9 | 9686408803@qq.com | tom35456  |
| 498107 |    9 | 9686705134@qq.com | tom116599 |
| 498108 |    9 | 9686715239@qq.com | tom492450 |
| 498109 |    9 | 9686778846@qq.com | tom357535 |
| 498110 |    9 | 9687044163@qq.com | tom323461 |
| 498111 |    9 | 9687328825@qq.com | tom360307 |
| 498112 |    9 | 9687527158@qq.com | tom171312 |
| 498113 |    9 | 9687646528@qq.com | tom286398 |
| 498114 |    9 | 9687652256@qq.com | tom219853 |
| 498115 |    9 | 9687727062@qq.com | tom343768 |
| 498116 |    9 | 9687811707@qq.com | tom423206 |
| 498117 |    9 | 9687968777@qq.com | tom54417  |
| 498118 |    9 | 9688237584@qq.com | tom319205 |
| 498119 |    9 | 9688497884@qq.com | tom412903 |
| 498120 |    9 | 9688646425@qq.com | tom386980 |
| 498121 |    9 | 9688646800@qq.com | tom210527 |
| 498122 |    9 | 9688677548@qq.com | tom376692 |
| 498123 |    9 | 9689039721@qq.com | tom317705 |
| 498124 |    9 | 9689187348@qq.com | tom227949 |
| 498125 |    9 | 9689427242@qq.com | tom229115 |
| 498126 |    9 | 9689815061@qq.com | tom58102  |
| 498127 |    9 | 9689823968@qq.com | tom216267 |
| 498128 |    9 | 9689954501@qq.com | tom238677 |
| 498129 |    9 | 9690174234@qq.com | tom205682 |
| 498130 |    9 | 9690216873@qq.com | tom311341 |
| 498131 |    9 | 9690396789@qq.com | tom361011 |
| 498132 |    9 | 9690515336@qq.com | tom27399  |
| 498133 |    9 | 9690753475@qq.com | tom214472 |
| 498134 |    9 | 9690853202@qq.com | tom360959 |
| 498135 |    9 | 9691116618@qq.com | tom147124 |
| 498136 |    9 | 9691334216@qq.com | tom367223 |
| 498137 |    9 | 9691755449@qq.com | tom448780 |
| 498138 |    9 | 9691804967@qq.com | tom270440 |
| 498139 |    9 | 9691904886@qq.com | tom323630 |
| 498140 |    9 | 9691911623@qq.com | tom394794 |
| 498141 |    9 | 9692096995@qq.com | tom254284 |
| 498142 |    9 | 9692134010@qq.com | tom335318 |
| 498143 |    9 | 9692170913@qq.com | tom210753 |
| 498144 |    9 | 9692325070@qq.com | tom329298 |
| 498145 |    9 | 9692377194@qq.com | tom411694 |
| 498146 |    9 | 9692401703@qq.com | tom494534 |
| 498147 |    9 | 9692826505@qq.com | tom436274 |
| 498148 |    9 | 9693092186@qq.com | tom150476 |
| 498149 |    9 | 9693104317@qq.com | tom449896 |
| 498150 |    9 | 9693258795@qq.com | tom222019 |
| 498151 |    9 | 9693356838@qq.com | tom142557 |
| 498152 |    9 | 9693468392@qq.com | tom495671 |
| 498153 |    9 | 9693876173@qq.com | tom346053 |
| 498154 |    9 | 9694397240@qq.com | tom300903 |
| 498155 |    9 | 9694437295@qq.com | tom102421 |
| 498156 |    9 | 9694554261@qq.com | tom170725 |
| 498157 |    9 | 9694562354@qq.com | tom209274 |
| 498158 |    9 | 9694772351@qq.com | tom300463 |
| 498159 |    9 | 9694845904@qq.com | tom418569 |
| 498160 |    9 | 9694886699@qq.com | tom192140 |
| 498161 |    9 | 9694920784@qq.com | tom68044  |
| 498162 |    9 | 9695037962@qq.com | tom341996 |
| 498163 |    9 | 9695158337@qq.com | tom392439 |
| 498164 |    9 | 9695197542@qq.com | tom326072 |
| 498165 |    9 | 9695222733@qq.com | tom245898 |
| 498166 |    9 | 9695399541@qq.com | tom373068 |
| 498167 |    9 | 9695709962@qq.com | tom495309 |
| 498168 |    9 | 9695805535@qq.com | tom315074 |
| 498169 |    9 | 9695883072@qq.com | tom427158 |
| 498170 |    9 | 9695965330@qq.com | tom314320 |
| 498171 |    9 | 9696010762@qq.com | tom178493 |
| 498172 |    9 | 9696353365@qq.com | tom346225 |
| 498173 |    9 | 9696727318@qq.com | tom247628 |
| 498174 |    9 | 9696998838@qq.com | tom477778 |
| 498175 |    9 | 9697044102@qq.com | tom235019 |
| 498176 |    9 | 9697117122@qq.com | tom460714 |
| 498177 |    9 | 9697211803@qq.com | tom416649 |
| 498178 |    9 | 9697453559@qq.com | tom58236  |
| 498179 |    9 | 9697470156@qq.com | tom31498  |
| 498180 |    9 | 9697521369@qq.com | tom65863  |
| 498181 |    9 | 9697811901@qq.com | tom340484 |
| 498182 |    9 | 9698065329@qq.com | tom489389 |
| 498183 |    9 | 9698080339@qq.com | tom24078  |
| 498184 |    9 | 9698781606@qq.com | tom67236  |
| 498185 |    9 | 9698924156@qq.com | tom178074 |
| 498186 |    9 | 9699585609@qq.com | tom71014  |
| 498187 |    9 | 9699706032@qq.com | tom251623 |
| 498188 |    9 | 9699774809@qq.com | tom409284 |
| 498189 |    9 | 9699920260@qq.com | tom484576 |
| 498190 |    9 | 9700166298@qq.com | tom319070 |
| 498191 |    9 | 9700167910@qq.com | tom367827 |
| 498192 |    9 | 9700335729@qq.com | tom386830 |
| 498193 |    9 | 9700542672@qq.com | tom381409 |
| 498194 |    9 | 9700582852@qq.com | tom68128  |
| 498195 |    9 | 9700743104@qq.com | tom69040  |
| 498196 |    9 | 9700905829@qq.com | tom149481 |
| 498197 |    9 | 9701035764@qq.com | tom484241 |
| 498198 |    9 | 9701040734@qq.com | tom296064 |
| 498199 |    9 | 9701154568@qq.com | tom315384 |
| 498200 |    9 | 9701266508@qq.com | tom142577 |
| 498201 |    9 | 9701482738@qq.com | tom26297  |
| 498202 |    9 | 9701491872@qq.com | tom479961 |
| 498203 |    9 | 9701700089@qq.com | tom284187 |
| 498204 |    9 | 9701710927@qq.com | tom190614 |
| 498205 |    9 | 9701854858@qq.com | tom350683 |
| 498206 |    9 | 9702082090@qq.com | tom20834  |
| 498207 |    9 | 9702098945@qq.com | tom390869 |
| 498208 |    9 | 9702139166@qq.com | tom401790 |
| 498209 |    9 | 9702221045@qq.com | tom114799 |
| 498210 |    9 | 9702335790@qq.com | tom43844  |
| 498211 |    9 | 9702380022@qq.com | tom409982 |
| 498212 |    9 | 9702438441@qq.com | tom312827 |
| 498213 |    9 | 9702565721@qq.com | tom479693 |
| 498214 |    9 | 9702683950@qq.com | tom163063 |
| 498215 |    9 | 9702758826@qq.com | tom293872 |
| 498216 |    9 | 9702902845@qq.com | tom224556 |
| 498217 |    9 | 9702911178@qq.com | tom201156 |
| 498218 |    9 | 9703040095@qq.com | tom297667 |
| 498219 |    9 | 9703204766@qq.com | tom430697 |
| 498220 |    9 | 9703254485@qq.com | tom315946 |
| 498221 |    9 | 9703468898@qq.com | tom136214 |
| 498222 |    9 | 9703496549@qq.com | tom220819 |
| 498223 |    9 | 9703836722@qq.com | tom446222 |
| 498224 |    9 | 9704054386@qq.com | tom232339 |
| 498225 |    9 | 9704072946@qq.com | tom487926 |
| 498226 |    9 | 9704157416@qq.com | tom493215 |
| 498227 |    9 | 9704180753@qq.com | tom144877 |
| 498228 |    9 | 9704598868@qq.com | tom320281 |
| 498229 |    9 | 9704862066@qq.com | tom439049 |
| 498230 |    9 | 9704980985@qq.com | tom316822 |
| 498231 |    9 | 9705128138@qq.com | tom76087  |
| 498232 |    9 | 9705231770@qq.com | tom144388 |
| 498233 |    9 | 9706136891@qq.com | tom390251 |
| 498234 |    9 | 9706328541@qq.com | tom368899 |
| 498235 |    9 | 9706342231@qq.com | tom234440 |
| 498236 |    9 | 9706384875@qq.com | tom102699 |
| 498237 |    9 | 9706995962@qq.com | tom437818 |
| 498238 |    9 | 9707609186@qq.com | tom345839 |
| 498239 |    9 | 9707753457@qq.com | tom477710 |
| 498240 |    9 | 9707879410@qq.com | tom182640 |
| 498241 |    9 | 9708385151@qq.com | tom188431 |
| 498242 |    9 | 9708806736@qq.com | tom252492 |
| 498243 |    9 | 9709055247@qq.com | tom167899 |
| 498244 |    9 | 9709148331@qq.com | tom189061 |
| 498245 |    9 | 9709319930@qq.com | tom364152 |
| 498246 |    9 | 9709633756@qq.com | tom453746 |
| 498247 |    9 | 9710026549@qq.com | tom199977 |
| 498248 |    9 | 9710193614@qq.com | tom42400  |
| 498249 |    9 | 9710336592@qq.com | tom249756 |
| 498250 |    9 | 9710374779@qq.com | tom335424 |
| 498251 |    9 | 9710548042@qq.com | tom210337 |
| 498252 |    9 | 9710650784@qq.com | tom92732  |
| 498253 |    9 | 9710827848@qq.com | tom158732 |
| 498254 |    9 | 9710953466@qq.com | tom6943   |
| 498255 |    9 | 9711057864@qq.com | tom249866 |
| 498256 |    9 | 9711138772@qq.com | tom288489 |
| 498257 |    9 | 9711165973@qq.com | tom454813 |
| 498258 |    9 | 9711171498@qq.com | tom294599 |
| 498259 |    9 | 9711405051@qq.com | tom78801  |
| 498260 |    9 | 9711609611@qq.com | tom284521 |
| 498261 |    9 | 9711905427@qq.com | tom305881 |
| 498262 |    9 | 9712022914@qq.com | tom26484  |
| 498263 |    9 | 9712278635@qq.com | tom356878 |
| 498264 |    9 | 9712511915@qq.com | tom229059 |
| 498265 |    9 | 9713298452@qq.com | tom471651 |
| 498266 |    9 | 9713331517@qq.com | tom199517 |
| 498267 |    9 | 9713578984@qq.com | tom227212 |
| 498268 |    9 | 9713721197@qq.com | tom400136 |
| 498269 |    9 | 9714172078@qq.com | tom294267 |
| 498270 |    9 | 9714306817@qq.com | tom45685  |
| 498271 |    9 | 9714447972@qq.com | tom364938 |
| 498272 |    9 | 9714560172@qq.com | tom178517 |
| 498273 |    9 | 9714583251@qq.com | tom34190  |
| 498274 |    9 | 9714615551@qq.com | tom103153 |
| 498275 |    9 | 9714666392@qq.com | tom391075 |
| 498276 |    9 | 9714702724@qq.com | tom289155 |
| 498277 |    9 | 9714742456@qq.com | tom361005 |
| 498278 |    9 | 9715025060@qq.com | tom269009 |
| 498279 |    9 | 9715198798@qq.com | tom426279 |
| 498280 |    9 | 9715244109@qq.com | tom463744 |
| 498281 |    9 | 9715399978@qq.com | tom419214 |
| 498282 |    9 | 9715512599@qq.com | tom334743 |
| 498283 |    9 | 9715678786@qq.com | tom339284 |
| 498284 |    9 | 9716058815@qq.com | tom101945 |
| 498285 |    9 | 9716207237@qq.com | tom428570 |
| 498286 |    9 | 9716257907@qq.com | tom94332  |
| 498287 |    9 | 9716284409@qq.com | tom111806 |
| 498288 |    9 | 9716345640@qq.com | tom377256 |
| 498289 |    9 | 9716464271@qq.com | tom26108  |
| 498290 |    9 | 9716538802@qq.com | tom474000 |
| 498291 |    9 | 9716605310@qq.com | tom123953 |
| 498292 |    9 | 9716719438@qq.com | tom144591 |
| 498293 |    9 | 9716917469@qq.com | tom331866 |
| 498294 |    9 | 9717105328@qq.com | tom365562 |
| 498295 |    9 | 9717221298@qq.com | tom93012  |
| 498296 |    9 | 9717221764@qq.com | tom309153 |
| 498297 |    9 | 9717361275@qq.com | tom498567 |
| 498298 |    9 | 9717707244@qq.com | tom424015 |
| 498299 |    9 | 9717803217@qq.com | tom190431 |
| 498300 |    9 | 9718324066@qq.com | tom10499  |
| 498301 |    9 | 9718446865@qq.com | tom177287 |
| 498302 |    9 | 9718682658@qq.com | tom70536  |
| 498303 |    9 | 9718684324@qq.com | tom325209 |
| 498304 |    9 | 9718779349@qq.com | tom339737 |
| 498305 |    9 | 9718891368@qq.com | tom17050  |
| 498306 |    9 | 9719122576@qq.com | tom179500 |
| 498307 |    9 | 9719429118@qq.com | tom293824 |
| 498308 |    9 | 9719429879@qq.com | tom313437 |
| 498309 |    9 | 9719572003@qq.com | tom95149  |
| 498310 |    9 | 9720045668@qq.com | tom477832 |
| 498311 |    9 | 9720054851@qq.com | tom216182 |
| 498312 |    9 | 9720127248@qq.com | tom388601 |
| 498313 |    9 | 9720872921@qq.com | tom62604  |
| 498314 |    9 | 9721397983@qq.com | tom284276 |
| 498315 |    9 | 9721569767@qq.com | tom172760 |
| 498316 |    9 | 9721748429@qq.com | tom377274 |
| 498317 |    9 | 9722114214@qq.com | tom392335 |
| 498318 |    9 | 9722265064@qq.com | tom255360 |
| 498319 |    9 | 9722311072@qq.com | tom483312 |
| 498320 |    9 | 9722359932@qq.com | tom263053 |
| 498321 |    9 | 9722680717@qq.com | tom101265 |
| 498322 |    9 | 9722721113@qq.com | tom315488 |
| 498323 |    9 | 9722850984@qq.com | tom361430 |
| 498324 |    9 | 9722853027@qq.com | tom462109 |
| 498325 |    9 | 9722871910@qq.com | tom479978 |
| 498326 |    9 | 9722882043@qq.com | tom454401 |
| 498327 |    9 | 9723033892@qq.com | tom254631 |
| 498328 |    9 | 9723242619@qq.com | tom26784  |
| 498329 |    9 | 9723654637@qq.com | tom144146 |
| 498330 |    9 | 9723678818@qq.com | tom79657  |
| 498331 |    9 | 9723928312@qq.com | tom338398 |
| 498332 |    9 | 9723943118@qq.com | tom85865  |
| 498333 |    9 | 9724028889@qq.com | tom159420 |
| 498334 |    9 | 9724042795@qq.com | tom79016  |
| 498335 |    9 | 9724107403@qq.com | tom374625 |
| 498336 |    9 | 9724280197@qq.com | tom415586 |
| 498337 |    9 | 9724546394@qq.com | tom434383 |
| 498338 |    9 | 9725073898@qq.com | tom373463 |
| 498339 |    9 | 9725082910@qq.com | tom12271  |
| 498340 |    9 | 9725305870@qq.com | tom309047 |
| 498341 |    9 | 9725383543@qq.com | tom387421 |
| 498342 |    9 | 9725423879@qq.com | tom58638  |
| 498343 |    9 | 9725641186@qq.com | tom72677  |
| 498344 |    9 | 9725919947@qq.com | tom436825 |
| 498345 |    9 | 9726356467@qq.com | tom74842  |
| 498346 |    9 | 9726448124@qq.com | tom429993 |
| 498347 |    9 | 9726562786@qq.com | tom71431  |
| 498348 |    9 | 9726624537@qq.com | tom51007  |
| 498349 |    9 | 9726784983@qq.com | tom435767 |
| 498350 |    9 | 9726818355@qq.com | tom127833 |
| 498351 |    9 | 9726977143@qq.com | tom74338  |
| 498352 |    9 | 9727031043@qq.com | tom107075 |
| 498353 |    9 | 9727417722@qq.com | tom395921 |
| 498354 |    9 | 9727486533@qq.com | tom169642 |
| 498355 |    9 | 9727509139@qq.com | tom171002 |
| 498356 |    9 | 9727537699@qq.com | tom13065  |
| 498357 |    9 | 9727567810@qq.com | tom92213  |
| 498358 |    9 | 9728021505@qq.com | tom409510 |
| 498359 |    9 | 9728096597@qq.com | tom156618 |
| 498360 |    9 | 9728101613@qq.com | tom179911 |
| 498361 |    9 | 9728704339@qq.com | tom138340 |
| 498362 |    9 | 9728803741@qq.com | tom198747 |
| 498363 |    9 | 9729094377@qq.com | tom131293 |
| 498364 |    9 | 9729174046@qq.com | tom182657 |
| 498365 |    9 | 9729574613@qq.com | tom414511 |
| 498366 |    9 | 9729613554@qq.com | tom302005 |
| 498367 |    9 | 9729939237@qq.com | tom54854  |
| 498368 |    9 | 9730431739@qq.com | tom181246 |
| 498369 |    9 | 9730464498@qq.com | tom149341 |
| 498370 |    9 | 9730466084@qq.com | tom477651 |
| 498371 |    9 | 9730781944@qq.com | tom274466 |
| 498372 |    9 | 9730974685@qq.com | tom403351 |
| 498373 |    9 | 9730975279@qq.com | tom49741  |
| 498374 |    9 | 9731566835@qq.com | tom132749 |
| 498375 |    9 | 9731614279@qq.com | tom360375 |
| 498376 |    9 | 9731828739@qq.com | tom462809 |
| 498377 |    9 | 9731951259@qq.com | tom338148 |
| 498378 |    9 | 9732087752@qq.com | tom463748 |
| 498379 |    9 | 9732487106@qq.com | tom397070 |
| 498380 |    9 | 9732554216@qq.com | tom140601 |
| 498381 |    9 | 9732709076@qq.com | tom310253 |
| 498382 |    9 | 9732809108@qq.com | tom48423  |
| 498383 |    9 | 9732872681@qq.com | tom416222 |
| 498384 |    9 | 9732877771@qq.com | tom309945 |
| 498385 |    9 | 9732963517@qq.com | tom439245 |
| 498386 |    9 | 9732995304@qq.com | tom312492 |
| 498387 |    9 | 9733100401@qq.com | tom103257 |
| 498388 |    9 | 9733169693@qq.com | tom209454 |
| 498389 |    9 | 9733216646@qq.com | tom481324 |
| 498390 |    9 | 9733328880@qq.com | tom31259  |
| 498391 |    9 | 9733987361@qq.com | tom174284 |
| 498392 |    9 | 9734017370@qq.com | tom94282  |
| 498393 |    9 | 9734191057@qq.com | tom433008 |
| 498394 |    9 | 9734251170@qq.com | tom393850 |
| 498395 |    9 | 9734544492@qq.com | tom395670 |
| 498396 |    9 | 9734648909@qq.com | tom73421  |
| 498397 |    9 | 9734700140@qq.com | tom78784  |
| 498398 |    9 | 9734706847@qq.com | tom452808 |
| 498399 |    9 | 9734920999@qq.com | tom339771 |
| 498400 |    9 | 9734963608@qq.com | tom482485 |
| 498401 |    9 | 9735029473@qq.com | tom243932 |
| 498402 |    9 | 9735181362@qq.com | tom35107  |
| 498403 |    9 | 9735271037@qq.com | tom90152  |
| 498404 |    9 | 9735630886@qq.com | tom459777 |
| 498405 |    9 | 9735695746@qq.com | tom13313  |
| 498406 |    9 | 9735778187@qq.com | tom89998  |
| 498407 |    9 | 9736047226@qq.com | tom8241   |
| 498408 |    9 | 9736316192@qq.com | tom346640 |
| 498409 |    9 | 9736371080@qq.com | tom369808 |
| 498410 |    9 | 9736392625@qq.com | tom18624  |
| 498411 |    9 | 9736476867@qq.com | tom2760   |
| 498412 |    9 | 9736514080@qq.com | tom272138 |
| 498413 |    9 | 9736538513@qq.com | tom48502  |
| 498414 |    9 | 9736604629@qq.com | tom387668 |
| 498415 |    9 | 9736605794@qq.com | tom127025 |
| 498416 |    9 | 9736769622@qq.com | tom63547  |
| 498417 |    9 | 9736966428@qq.com | tom470780 |
| 498418 |    9 | 9737027878@qq.com | tom235986 |
| 498419 |    9 | 9737150394@qq.com | tom434134 |
| 498420 |    9 | 9737656081@qq.com | tom384489 |
| 498421 |    9 | 9738006829@qq.com | tom217047 |
| 498422 |    9 | 9738340462@qq.com | tom165099 |
| 498423 |    9 | 9738471155@qq.com | tom18896  |
| 498424 |    9 | 9738673522@qq.com | tom440576 |
| 498425 |    9 | 9738969127@qq.com | tom411158 |
| 498426 |    9 | 9739150544@qq.com | tom272747 |
| 498427 |    9 | 9739179488@qq.com | tom369400 |
| 498428 |    9 | 9739346088@qq.com | tom282391 |
| 498429 |    9 | 9739465376@qq.com | tom259163 |
| 498430 |    9 | 9739572656@qq.com | tom136854 |
| 498431 |    9 | 9739586303@qq.com | tom449777 |
| 498432 |    9 | 9740163829@qq.com | tom329160 |
| 498433 |    9 | 9740356550@qq.com | tom383116 |
| 498434 |    9 | 9740577764@qq.com | tom71233  |
| 498435 |    9 | 9741002738@qq.com | tom68495  |
| 498436 |    9 | 9741075806@qq.com | tom435157 |
| 498437 |    9 | 9741171369@qq.com | tom15322  |
| 498438 |    9 | 9741891830@qq.com | tom63127  |
| 498439 |    9 | 9742063559@qq.com | tom480410 |
| 498440 |    9 | 9742067214@qq.com | tom58218  |
| 498441 |    9 | 9742137990@qq.com | tom401252 |
| 498442 |    9 | 9742708198@qq.com | tom230155 |
| 498443 |    9 | 9742771467@qq.com | tom60619  |
| 498444 |    9 | 9742836604@qq.com | tom170356 |
| 498445 |    9 | 9743109592@qq.com | tom467373 |
| 498446 |    9 | 9743159604@qq.com | tom110719 |
| 498447 |    9 | 9743202497@qq.com | tom494690 |
| 498448 |    9 | 9743328106@qq.com | tom42101  |
| 498449 |    9 | 9743711244@qq.com | tom132306 |
| 498450 |    9 | 9743976432@qq.com | tom297463 |
| 498451 |    9 | 9744024130@qq.com | tom29793  |
| 498452 |    9 | 9744209975@qq.com | tom39480  |
| 498453 |    9 | 9744649817@qq.com | tom73683  |
| 498454 |    9 | 9744691995@qq.com | tom254142 |
| 498455 |    9 | 9744796858@qq.com | tom277000 |
| 498456 |    9 | 9744893675@qq.com | tom104289 |
| 498457 |    9 | 9745161389@qq.com | tom352923 |
| 498458 |    9 | 9745369417@qq.com | tom340821 |
| 498459 |    9 | 9745625881@qq.com | tom284751 |
| 498460 |    9 | 9745667775@qq.com | tom209340 |
| 498461 |    9 | 9745829205@qq.com | tom200273 |
| 498462 |    9 | 9745974743@qq.com | tom371800 |
| 498463 |    9 | 9746067118@qq.com | tom464454 |
| 498464 |    9 | 9746074045@qq.com | tom342571 |
| 498465 |    9 | 9746175438@qq.com | tom15987  |
| 498466 |    9 | 9746203234@qq.com | tom84338  |
| 498467 |    9 | 9746453647@qq.com | tom247066 |
| 498468 |    9 | 9746623135@qq.com | tom339817 |
| 498469 |    9 | 9746678377@qq.com | tom79849  |
| 498470 |    9 | 9746816297@qq.com | tom230982 |
| 498471 |    9 | 9746948807@qq.com | tom101970 |
| 498472 |    9 | 9747154241@qq.com | tom340650 |
| 498473 |    9 | 9747181086@qq.com | tom76486  |
| 498474 |    9 | 9747433301@qq.com | tom75278  |
| 498475 |    9 | 9747441071@qq.com | tom349807 |
| 498476 |    9 | 9747458254@qq.com | tom429290 |
| 498477 |    9 | 9747490579@qq.com | tom234863 |
| 498478 |    9 | 9747982404@qq.com | tom202184 |
| 498479 |    9 | 9748010701@qq.com | tom88424  |
| 498480 |    9 | 9748037982@qq.com | tom458967 |
| 498481 |    9 | 9748178007@qq.com | tom475015 |
| 498482 |    9 | 9748450560@qq.com | tom185458 |
| 498483 |    9 | 9748467945@qq.com | tom463815 |
| 498484 |    9 | 9748491211@qq.com | tom488166 |
| 498485 |    9 | 9748551540@qq.com | tom488788 |
| 498486 |    9 | 9748597138@qq.com | tom360405 |
| 498487 |    9 | 9748840979@qq.com | tom321586 |
| 498488 |    9 | 9748997296@qq.com | tom240479 |
| 498489 |    9 | 9749513250@qq.com | tom450574 |
| 498490 |    9 | 9749575280@qq.com | tom214139 |
| 498491 |    9 | 9749700761@qq.com | tom351775 |
| 498492 |    9 | 9749843778@qq.com | tom462828 |
| 498493 |    9 | 9750081083@qq.com | tom430735 |
| 498494 |    9 | 9750562303@qq.com | tom414766 |
| 498495 |    9 | 9750624555@qq.com | tom220558 |
| 498496 |    9 | 9750662757@qq.com | tom256589 |
| 498497 |    9 | 9750854808@qq.com | tom191144 |
| 498498 |    9 | 9750982723@qq.com | tom160318 |
| 498499 |    9 | 9751037642@qq.com | tom489122 |
| 498500 |    9 | 9751143210@qq.com | tom188140 |
| 498501 |    9 | 9751229898@qq.com | tom441726 |
| 498502 |    9 | 9751510017@qq.com | tom188656 |
| 498503 |    9 | 9751623687@qq.com | tom327153 |
| 498504 |    9 | 9751794367@qq.com | tom108975 |
| 498505 |    9 | 9751813472@qq.com | tom234084 |
| 498506 |    9 | 9752039770@qq.com | tom428227 |
| 498507 |    9 | 9752243352@qq.com | tom192234 |
| 498508 |    9 | 9752366768@qq.com | tom14982  |
| 498509 |    9 | 9752486097@qq.com | tom59410  |
| 498510 |    9 | 9752769494@qq.com | tom195439 |
| 498511 |    9 | 9752816904@qq.com | tom81102  |
| 498512 |    9 | 9752972291@qq.com | tom475088 |
| 498513 |    9 | 9753035839@qq.com | tom158374 |
| 498514 |    9 | 9753602677@qq.com | tom387364 |
| 498515 |    9 | 9753986816@qq.com | tom122121 |
| 498516 |    9 | 9753989033@qq.com | tom343405 |
| 498517 |    9 | 9754089407@qq.com | tom219412 |
| 498518 |    9 | 9754091989@qq.com | tom265640 |
| 498519 |    9 | 9754128787@qq.com | tom453226 |
| 498520 |    9 | 9754144185@qq.com | tom357729 |
| 498521 |    9 | 9754356258@qq.com | tom168783 |
| 498522 |    9 | 9754361976@qq.com | tom191654 |
| 498523 |    9 | 9754563595@qq.com | tom286993 |
| 498524 |    9 | 9754679053@qq.com | tom286244 |
| 498525 |    9 | 9755338540@qq.com | tom276003 |
| 498526 |    9 | 9755437151@qq.com | tom437186 |
| 498527 |    9 | 9755489552@qq.com | tom382611 |
| 498528 |    9 | 9755522322@qq.com | tom362223 |
| 498529 |    9 | 9755786875@qq.com | tom411131 |
| 498530 |    9 | 9755995366@qq.com | tom41681  |
| 498531 |    9 | 9756148869@qq.com | tom57493  |
| 498532 |    9 | 9756304633@qq.com | tom329183 |
| 498533 |    9 | 9756357910@qq.com | tom29325  |
| 498534 |    9 | 9756785859@qq.com | tom337109 |
| 498535 |    9 | 9756811480@qq.com | tom241592 |
| 498536 |    9 | 9757079994@qq.com | tom15332  |
| 498537 |    9 | 9757119467@qq.com | tom354213 |
| 498538 |    9 | 9757453577@qq.com | tom364757 |
| 498539 |    9 | 9757666526@qq.com | tom239122 |
| 498540 |    9 | 9757889117@qq.com | tom131389 |
| 498541 |    9 | 9758042209@qq.com | tom411047 |
| 498542 |    9 | 9758141115@qq.com | tom398241 |
| 498543 |    9 | 9758236205@qq.com | tom247026 |
| 498544 |    9 | 9758579472@qq.com | tom58667  |
| 498545 |    9 | 9758807706@qq.com | tom323366 |
| 498546 |    9 | 9759188852@qq.com | tom165356 |
| 498547 |    9 | 9759390252@qq.com | tom352042 |
| 498548 |    9 | 9759680840@qq.com | tom123272 |
| 498549 |    9 | 9759725690@qq.com | tom94326  |
| 498550 |    9 | 9760039615@qq.com | tom316477 |
| 498551 |    9 | 9761020112@qq.com | tom481933 |
| 498552 |    9 | 9761060941@qq.com | tom112780 |
| 498553 |    9 | 9761547398@qq.com | tom358070 |
| 498554 |    9 | 9761704644@qq.com | tom54096  |
| 498555 |    9 | 9761752347@qq.com | tom50771  |
| 498556 |    9 | 9762023026@qq.com | tom402155 |
| 498557 |    9 | 9762125239@qq.com | tom51605  |
| 498558 |    9 | 9762260838@qq.com | tom131206 |
| 498559 |    9 | 9762298249@qq.com | tom398565 |
| 498560 |    9 | 9762638087@qq.com | tom332008 |
| 498561 |    9 | 9762642049@qq.com | tom393388 |
| 498562 |    9 | 9762692859@qq.com | tom197130 |
| 498563 |    9 | 9762716227@qq.com | tom418128 |
| 498564 |    9 | 9763034292@qq.com | tom465885 |
| 498565 |    9 | 9763083060@qq.com | tom184935 |
| 498566 |    9 | 9763527956@qq.com | tom72329  |
| 498567 |    9 | 9763712946@qq.com | tom118473 |
| 498568 |    9 | 9763723556@qq.com | tom179769 |
| 498569 |    9 | 9763764719@qq.com | tom365632 |
| 498570 |    9 | 9763869575@qq.com | tom293653 |
| 498571 |    9 | 9763888140@qq.com | tom112861 |
| 498572 |    9 | 9764223057@qq.com | tom4683   |
| 498573 |    9 | 9764564757@qq.com | tom358959 |
| 498574 |    9 | 9764642209@qq.com | tom142235 |
| 498575 |    9 | 9764917047@qq.com | tom78238  |
| 498576 |    9 | 9765207192@qq.com | tom475927 |
| 498577 |    9 | 9765360960@qq.com | tom423783 |
| 498578 |    9 | 9765407962@qq.com | tom204126 |
| 498579 |    9 | 9765412807@qq.com | tom479629 |
| 498580 |    9 | 9765522637@qq.com | tom87400  |
| 498581 |    9 | 9765717341@qq.com | tom140389 |
| 498582 |    9 | 9765758184@qq.com | tom299967 |
| 498583 |    9 | 9765831625@qq.com | tom395754 |
| 498584 |    9 | 9765882576@qq.com | tom49586  |
| 498585 |    9 | 9766317976@qq.com | tom219294 |
| 498586 |    9 | 9766475360@qq.com | tom83836  |
| 498587 |    9 | 9767281397@qq.com | tom360776 |
| 498588 |    9 | 9767673382@qq.com | tom392995 |
| 498589 |    9 | 9767755425@qq.com | tom356856 |
| 498590 |    9 | 9767771077@qq.com | tom230143 |
| 498591 |    9 | 9767913493@qq.com | tom482001 |
| 498592 |    9 | 9768255440@qq.com | tom36858  |
| 498593 |    9 | 9768323749@qq.com | tom342832 |
| 498594 |    9 | 9768415922@qq.com | tom328132 |
| 498595 |    9 | 9768662878@qq.com | tom247513 |
| 498596 |    9 | 9768707785@qq.com | tom25547  |
| 498597 |    9 | 9768805502@qq.com | tom252227 |
| 498598 |    9 | 9768817510@qq.com | tom34914  |
| 498599 |    9 | 9768832268@qq.com | tom952    |
| 498600 |    9 | 9768837435@qq.com | tom335946 |
| 498601 |    9 | 9768880384@qq.com | tom331266 |
| 498602 |    9 | 9768909377@qq.com | tom492471 |
| 498603 |    9 | 9768959567@qq.com | tom268700 |
| 498604 |    9 | 9769182499@qq.com | tom330238 |
| 498605 |    9 | 9769247368@qq.com | tom116295 |
| 498606 |    9 | 9769248241@qq.com | tom243403 |
| 498607 |    9 | 9769392147@qq.com | tom99010  |
| 498608 |    9 | 9769768125@qq.com | tom231650 |
| 498609 |    9 | 9769845977@qq.com | tom367877 |
| 498610 |    9 | 9770058897@qq.com | tom54216  |
| 498611 |    9 | 9770200363@qq.com | tom96802  |
| 498612 |    9 | 9770335081@qq.com | tom95526  |
| 498613 |    9 | 9770516176@qq.com | tom477554 |
| 498614 |    9 | 9770668122@qq.com | tom417932 |
| 498615 |    9 | 9770866938@qq.com | tom382236 |
| 498616 |    9 | 9770954901@qq.com | tom22047  |
| 498617 |    9 | 9771169897@qq.com | tom367396 |
| 498618 |    9 | 9771178436@qq.com | tom435593 |
| 498619 |    9 | 9771194014@qq.com | tom297480 |
| 498620 |    9 | 9771292991@qq.com | tom474574 |
| 498621 |    9 | 9771294160@qq.com | tom272298 |
| 498622 |    9 | 9771332049@qq.com | tom375108 |
| 498623 |    9 | 9771400387@qq.com | tom348888 |
| 498624 |    9 | 9771411772@qq.com | tom86997  |
| 498625 |    9 | 9771615978@qq.com | tom40158  |
| 498626 |    9 | 9772049195@qq.com | tom63325  |
| 498627 |    9 | 9772250019@qq.com | tom197426 |
| 498628 |    9 | 9772389475@qq.com | tom393799 |
| 498629 |    9 | 9772509884@qq.com | tom379996 |
| 498630 |    9 | 9772582266@qq.com | tom114256 |
| 498631 |    9 | 9772751354@qq.com | tom470157 |
| 498632 |    9 | 9772888131@qq.com | tom288530 |
| 498633 |    9 | 9772895608@qq.com | tom218758 |
| 498634 |    9 | 9773247695@qq.com | tom284423 |
| 498635 |    9 | 9773306969@qq.com | tom471065 |
| 498636 |    9 | 9773360024@qq.com | tom3014   |
| 498637 |    9 | 9773373593@qq.com | tom316443 |
| 498638 |    9 | 9773609374@qq.com | tom26801  |
| 498639 |    9 | 9773623164@qq.com | tom70738  |
| 498640 |    9 | 9773792505@qq.com | tom2376   |
| 498641 |    9 | 9773903619@qq.com | tom216701 |
| 498642 |    9 | 9773947106@qq.com | tom373218 |
| 498643 |    9 | 9774413332@qq.com | tom200929 |
| 498644 |    9 | 9774463294@qq.com | tom458382 |
| 498645 |    9 | 9774545394@qq.com | tom251739 |
| 498646 |    9 | 9775168447@qq.com | tom356809 |
| 498647 |    9 | 9775335586@qq.com | tom423626 |
| 498648 |    9 | 9775431020@qq.com | tom490482 |
| 498649 |    9 | 9775438406@qq.com | tom85628  |
| 498650 |    9 | 9775635546@qq.com | tom102614 |
| 498651 |    9 | 9775811889@qq.com | tom480572 |
| 498652 |    9 | 9775936677@qq.com | tom322099 |
| 498653 |    9 | 9776037152@qq.com | tom79587  |
| 498654 |    9 | 9776390746@qq.com | tom248502 |
| 498655 |    9 | 9776447522@qq.com | tom67118  |
| 498656 |    9 | 9776449316@qq.com | tom43865  |
| 498657 |    9 | 9776750841@qq.com | tom359502 |
| 498658 |    9 | 9777049411@qq.com | tom64460  |
| 498659 |    9 | 9777066179@qq.com | tom95638  |
| 498660 |    9 | 9777269987@qq.com | tom304349 |
| 498661 |    9 | 9777990817@qq.com | tom257458 |
| 498662 |    9 | 9778485066@qq.com | tom418790 |
| 498663 |    9 | 9778534330@qq.com | tom30954  |
| 498664 |    9 | 9778647422@qq.com | tom108229 |
| 498665 |    9 | 9778652474@qq.com | tom492702 |
| 498666 |    9 | 9778711648@qq.com | tom370975 |
| 498667 |    9 | 9779277722@qq.com | tom418030 |
| 498668 |    9 | 9779292456@qq.com | tom492756 |
| 498669 |    9 | 9779347712@qq.com | tom398231 |
| 498670 |    9 | 9779367777@qq.com | tom377934 |
| 498671 |    9 | 9779530301@qq.com | tom439931 |
| 498672 |    9 | 9779666516@qq.com | tom257434 |
| 498673 |    9 | 9779716582@qq.com | tom77636  |
| 498674 |    9 | 9779775446@qq.com | tom439272 |
| 498675 |    9 | 9779803160@qq.com | tom457770 |
| 498676 |    9 | 9779952351@qq.com | tom104230 |
| 498677 |    9 | 9780048402@qq.com | tom423864 |
| 498678 |    9 | 9780330715@qq.com | tom226868 |
| 498679 |    9 | 9780638792@qq.com | tom27020  |
| 498680 |    9 | 9780924479@qq.com | tom402517 |
| 498681 |    9 | 9780980851@qq.com | tom119905 |
| 498682 |    9 | 9781137313@qq.com | tom13849  |
| 498683 |    9 | 9781345372@qq.com | tom423880 |
| 498684 |    9 | 9781613858@qq.com | tom55434  |
| 498685 |    9 | 9781749319@qq.com | tom54078  |
| 498686 |    9 | 9781799506@qq.com | tom468217 |
| 498687 |    9 | 9781965778@qq.com | tom77524  |
| 498688 |    9 | 9782103975@qq.com | tom133817 |
| 498689 |    9 | 9782236643@qq.com | tom98402  |
| 498690 |    9 | 9782499132@qq.com | tom454905 |
| 498691 |    9 | 9782767497@qq.com | tom121966 |
| 498692 |    9 | 9783322923@qq.com | tom476005 |
| 498693 |    9 | 9783389056@qq.com | tom292132 |
| 498694 |    9 | 9783568720@qq.com | tom499222 |
| 498695 |    9 | 9783984965@qq.com | tom196402 |
| 498696 |    9 | 9783998069@qq.com | tom317708 |
| 498697 |    9 | 9784504588@qq.com | tom304573 |
| 498698 |    9 | 9784824175@qq.com | tom127226 |
| 498699 |    9 | 9784869691@qq.com | tom85048  |
| 498700 |    9 | 9784905945@qq.com | tom310607 |
| 498701 |    9 | 9785054900@qq.com | tom134415 |
| 498702 |    9 | 9785314086@qq.com | tom317677 |
| 498703 |    9 | 9785526887@qq.com | tom399616 |
| 498704 |    9 | 9785742538@qq.com | tom1134   |
| 498705 |    9 | 9785817214@qq.com | tom222690 |
| 498706 |    9 | 9785823992@qq.com | tom26970  |
| 498707 |    9 | 9786150384@qq.com | tom169083 |
| 498708 |    9 | 9786168438@qq.com | tom147914 |
| 498709 |    9 | 9786591617@qq.com | tom8305   |
| 498710 |    9 | 9786666582@qq.com | tom106369 |
| 498711 |    9 | 9786931612@qq.com | tom368720 |
| 498712 |    9 | 9787115011@qq.com | tom396636 |
| 498713 |    9 | 9787604876@qq.com | tom239922 |
| 498714 |    9 | 9787751657@qq.com | tom483379 |
| 498715 |    9 | 9787849169@qq.com | tom151358 |
| 498716 |    9 | 9788149613@qq.com | tom147251 |
| 498717 |    9 | 9788376483@qq.com | tom172677 |
| 498718 |    9 | 9788382013@qq.com | tom358043 |
| 498719 |    9 | 9788460215@qq.com | tom378704 |
| 498720 |    9 | 9788466204@qq.com | tom179393 |
| 498721 |    9 | 9788540838@qq.com | tom170351 |
| 498722 |    9 | 9788879226@qq.com | tom446914 |
| 498723 |    9 | 9788945002@qq.com | tom88547  |
| 498724 |    9 | 9789020860@qq.com | tom221555 |
| 498725 |    9 | 9789079255@qq.com | tom149088 |
| 498726 |    9 | 9789254512@qq.com | tom279907 |
| 498727 |    9 | 9789442846@qq.com | tom414232 |
| 498728 |    9 | 9789460035@qq.com | tom42391  |
| 498729 |    9 | 9789537098@qq.com | tom185602 |
| 498730 |    9 | 9789799820@qq.com | tom463484 |
| 498731 |    9 | 9789912720@qq.com | tom271248 |
| 498732 |    9 | 9790333163@qq.com | tom487593 |
| 498733 |    9 | 9790649046@qq.com | tom212277 |
| 498734 |    9 | 9790650431@qq.com | tom163049 |
| 498735 |    9 | 9790663375@qq.com | tom217627 |
| 498736 |    9 | 9790852836@qq.com | tom387750 |
| 498737 |    9 | 9790962401@qq.com | tom400424 |
| 498738 |    9 | 9791350872@qq.com | tom250208 |
| 498739 |    9 | 9791432741@qq.com | tom414325 |
| 498740 |    9 | 9791446324@qq.com | tom287639 |
| 498741 |    9 | 9791929060@qq.com | tom419862 |
| 498742 |    9 | 9791942350@qq.com | tom209443 |
| 498743 |    9 | 9792033758@qq.com | tom139595 |
| 498744 |    9 | 9792201193@qq.com | tom457015 |
| 498745 |    9 | 9792534748@qq.com | tom290517 |
| 498746 |    9 | 9792725318@qq.com | tom31945  |
| 498747 |    9 | 9792782097@qq.com | tom77043  |
| 498748 |    9 | 9793589345@qq.com | tom414019 |
| 498749 |    9 | 9793676154@qq.com | tom242512 |
| 498750 |    9 | 9793704138@qq.com | tom39799  |
| 498751 |    9 | 9793725187@qq.com | tom462221 |
| 498752 |    9 | 9794100660@qq.com | tom193627 |
| 498753 |    9 | 9794530449@qq.com | tom232067 |
| 498754 |    9 | 9794712184@qq.com | tom150350 |
| 498755 |    9 | 9794791485@qq.com | tom268685 |
| 498756 |    9 | 9794827226@qq.com | tom385241 |
| 498757 |    9 | 9794933432@qq.com | tom147861 |
| 498758 |    9 | 9795180742@qq.com | tom221469 |
| 498759 |    9 | 9795220397@qq.com | tom113565 |
| 498760 |    9 | 9795711474@qq.com | tom408021 |
| 498761 |    9 | 9795803571@qq.com | tom39117  |
| 498762 |    9 | 9795839261@qq.com | tom177332 |
| 498763 |    9 | 9795872649@qq.com | tom129663 |
| 498764 |    9 | 9796144808@qq.com | tom118630 |
| 498765 |    9 | 9796162706@qq.com | tom127176 |
| 498766 |    9 | 9796306185@qq.com | tom104404 |
| 498767 |    9 | 9796644903@qq.com | tom486526 |
| 498768 |    9 | 9796871568@qq.com | tom293179 |
| 498769 |    9 | 9796904786@qq.com | tom319754 |
| 498770 |    9 | 9796959631@qq.com | tom192206 |
| 498771 |    9 | 9797320104@qq.com | tom110526 |
| 498772 |    9 | 9797373711@qq.com | tom476250 |
| 498773 |    9 | 9797443833@qq.com | tom217011 |
| 498774 |    9 | 9797617212@qq.com | tom54498  |
| 498775 |    9 | 9797621105@qq.com | tom128246 |
| 498776 |    9 | 9797948726@qq.com | tom111226 |
| 498777 |    9 | 9798150627@qq.com | tom332129 |
| 498778 |    9 | 9798356985@qq.com | tom312326 |
| 498779 |    9 | 9798552791@qq.com | tom419390 |
| 498780 |    9 | 9798625429@qq.com | tom111742 |
| 498781 |    9 | 9798718040@qq.com | tom306160 |
| 498782 |    9 | 9798857690@qq.com | tom85450  |
| 498783 |    9 | 9798895584@qq.com | tom225961 |
| 498784 |    9 | 9799033153@qq.com | tom34615  |
| 498785 |    9 | 9799034839@qq.com | tom198200 |
| 498786 |    9 | 9799128272@qq.com | tom96449  |
| 498787 |    9 | 9799159965@qq.com | tom108430 |
| 498788 |    9 | 9799357115@qq.com | tom23880  |
| 498789 |    9 | 9799383872@qq.com | tom69200  |
| 498790 |    9 | 9799663268@qq.com | tom273262 |
| 498791 |    9 | 9799876898@qq.com | tom113559 |
| 498792 |    9 | 9800009950@qq.com | tom46453  |
| 498793 |    9 | 9800099378@qq.com | tom45927  |
| 498794 |    9 | 9800112245@qq.com | tom156394 |
| 498795 |    9 | 9800197543@qq.com | tom271928 |
| 498796 |    9 | 9800633419@qq.com | tom411936 |
| 498797 |    9 | 9800659909@qq.com | tom403027 |
| 498798 |    9 | 9800724964@qq.com | tom155586 |
| 498799 |    9 | 9800817421@qq.com | tom107908 |
| 498800 |    9 | 9800836601@qq.com | tom86722  |
| 498801 |    9 | 9801655811@qq.com | tom37764  |
| 498802 |    9 | 9801773395@qq.com | tom336787 |
| 498803 |    9 | 9802625849@qq.com | tom116657 |
| 498804 |    9 | 9802862884@qq.com | tom5000   |
| 498805 |    9 | 9803056902@qq.com | tom54770  |
| 498806 |    9 | 9803134692@qq.com | tom8459   |
| 498807 |    9 | 9803220030@qq.com | tom235254 |
| 498808 |    9 | 9803486228@qq.com | tom99913  |
| 498809 |    9 | 9803517322@qq.com | tom422809 |
| 498810 |    9 | 9803529863@qq.com | tom53540  |
| 498811 |    9 | 9803569707@qq.com | tom350412 |
| 498812 |    9 | 9803700521@qq.com | tom170910 |
| 498813 |    9 | 9803819090@qq.com | tom352009 |
| 498814 |    9 | 9804190250@qq.com | tom349667 |
| 498815 |    9 | 9804495420@qq.com | tom358489 |
| 498816 |    9 | 9804902552@qq.com | tom324354 |
| 498817 |    9 | 9804988216@qq.com | tom112489 |
| 498818 |    9 | 9805002437@qq.com | tom187512 |
| 498819 |    9 | 9805395395@qq.com | tom124586 |
| 498820 |    9 | 9805395738@qq.com | tom272554 |
| 498821 |    9 | 9805474359@qq.com | tom140913 |
| 498822 |    9 | 9805488398@qq.com | tom159230 |
| 498823 |    9 | 9805556303@qq.com | tom304249 |
| 498824 |    9 | 9805678294@qq.com | tom282910 |
| 498825 |    9 | 9805901253@qq.com | tom94157  |
| 498826 |    9 | 9806159883@qq.com | tom116706 |
| 498827 |    9 | 9806296330@qq.com | tom356626 |
| 498828 |    9 | 9806498678@qq.com | tom497738 |
| 498829 |    9 | 9806511690@qq.com | tom145850 |
| 498830 |    9 | 9806562449@qq.com | tom43904  |
| 498831 |    9 | 9806955214@qq.com | tom388664 |
| 498832 |    9 | 9807032500@qq.com | tom47082  |
| 498833 |    9 | 9807067982@qq.com | tom255539 |
| 498834 |    9 | 9807292650@qq.com | tom382127 |
| 498835 |    9 | 9807480217@qq.com | tom177357 |
| 498836 |    9 | 9807549831@qq.com | tom467817 |
| 498837 |    9 | 9807833515@qq.com | tom271052 |
| 498838 |    9 | 9807918171@qq.com | tom235277 |
| 498839 |    9 | 9808052044@qq.com | tom493854 |
| 498840 |    9 | 9808451956@qq.com | tom38316  |
| 498841 |    9 | 9808611824@qq.com | tom375642 |
| 498842 |    9 | 9808628325@qq.com | tom341268 |
| 498843 |    9 | 9808735856@qq.com | tom19821  |
| 498844 |    9 | 9808785957@qq.com | tom147296 |
| 498845 |    9 | 9808829821@qq.com | tom360885 |
| 498846 |    9 | 9809207986@qq.com | tom421672 |
| 498847 |    9 | 9809234890@qq.com | tom431999 |
| 498848 |    9 | 9809390788@qq.com | tom489596 |
| 498849 |    9 | 9809439849@qq.com | tom154222 |
| 498850 |    9 | 9809984747@qq.com | tom135450 |
| 498851 |    9 | 9809996016@qq.com | tom290509 |
| 498852 |    9 | 9810415482@qq.com | tom348117 |
| 498853 |    9 | 9810421181@qq.com | tom114158 |
| 498854 |    9 | 9810556884@qq.com | tom238496 |
| 498855 |    9 | 9810771685@qq.com | tom125399 |
| 498856 |    9 | 9810867438@qq.com | tom266254 |
| 498857 |    9 | 9811003898@qq.com | tom166869 |
| 498858 |    9 | 9811028307@qq.com | tom281596 |
| 498859 |    9 | 9811329064@qq.com | tom164051 |
| 498860 |    9 | 9811783493@qq.com | tom334185 |
| 498861 |    9 | 9811931498@qq.com | tom107708 |
| 498862 |    9 | 9812306823@qq.com | tom414571 |
| 498863 |    9 | 9812404588@qq.com | tom39570  |
| 498864 |    9 | 9812415372@qq.com | tom77222  |
| 498865 |    9 | 9812562709@qq.com | tom428031 |
| 498866 |    9 | 9812782899@qq.com | tom438357 |
| 498867 |    9 | 9812945288@qq.com | tom27207  |
| 498868 |    9 | 9813043678@qq.com | tom187516 |
| 498869 |    9 | 9813059002@qq.com | tom178118 |
| 498870 |    9 | 9813109545@qq.com | tom161406 |
| 498871 |    9 | 9813178270@qq.com | tom272751 |
| 498872 |    9 | 9813203026@qq.com | tom249311 |
| 498873 |    9 | 9813304389@qq.com | tom193657 |
| 498874 |    9 | 9813364715@qq.com | tom111424 |
| 498875 |    9 | 9813400862@qq.com | tom104306 |
| 498876 |    9 | 9813899896@qq.com | tom496665 |
| 498877 |    9 | 9813999843@qq.com | tom322848 |
| 498878 |    9 | 9814198902@qq.com | tom381703 |
| 498879 |    9 | 9814227788@qq.com | tom213761 |
| 498880 |    9 | 9814306355@qq.com | tom422813 |
| 498881 |    9 | 9814488803@qq.com | tom95826  |
| 498882 |    9 | 9814889133@qq.com | tom177656 |
| 498883 |    9 | 9814916017@qq.com | tom246206 |
| 498884 |    9 | 9815000987@qq.com | tom13960  |
| 498885 |    9 | 9815066931@qq.com | tom2052   |
| 498886 |    9 | 9815273537@qq.com | tom482631 |
| 498887 |    9 | 9815448737@qq.com | tom492597 |
| 498888 |    9 | 9815832963@qq.com | tom415968 |
| 498889 |    9 | 9815965238@qq.com | tom29236  |
| 498890 |    9 | 9816439080@qq.com | tom438075 |
| 498891 |    9 | 9816600745@qq.com | tom75645  |
| 498892 |    9 | 9816775715@qq.com | tom311151 |
| 498893 |    9 | 9817936908@qq.com | tom135838 |
| 498894 |    9 | 9818185567@qq.com | tom495111 |
| 498895 |    9 | 9818224171@qq.com | tom256429 |
| 498896 |    9 | 9818276019@qq.com | tom359659 |
| 498897 |    9 | 9818663991@qq.com | tom351010 |
| 498898 |    9 | 9818728155@qq.com | tom106542 |
| 498899 |    9 | 9818758360@qq.com | tom352310 |
| 498900 |    9 | 9818778472@qq.com | tom121372 |
| 498901 |    9 | 9818939568@qq.com | tom227043 |
| 498902 |    9 | 9819237100@qq.com | tom318937 |
| 498903 |    9 | 9819309003@qq.com | tom285985 |
| 498904 |    9 | 9819457003@qq.com | tom222495 |
| 498905 |    9 | 9819539139@qq.com | tom420627 |
| 498906 |    9 | 9819915502@qq.com | tom158815 |
| 498907 |    9 | 9819944321@qq.com | tom62233  |
| 498908 |    9 | 9820005041@qq.com | tom281074 |
| 498909 |    9 | 9820016604@qq.com | tom422248 |
| 498910 |    9 | 9820141369@qq.com | tom317552 |
| 498911 |    9 | 9820310997@qq.com | tom291069 |
| 498912 |    9 | 9820430741@qq.com | tom283068 |
| 498913 |    9 | 9820448696@qq.com | tom178604 |
| 498914 |    9 | 9820703935@qq.com | tom108272 |
| 498915 |    9 | 9820799962@qq.com | tom493381 |
| 498916 |    9 | 9820811355@qq.com | tom180288 |
| 498917 |    9 | 9820999394@qq.com | tom29626  |
| 498918 |    9 | 9821062711@qq.com | tom383882 |
| 498919 |    9 | 9821447386@qq.com | tom6716   |
| 498920 |    9 | 9821499488@qq.com | tom402272 |
| 498921 |    9 | 9821608534@qq.com | tom423525 |
| 498922 |    9 | 9821831366@qq.com | tom94679  |
| 498923 |    9 | 9821844152@qq.com | tom103161 |
| 498924 |    9 | 9822337976@qq.com | tom416097 |
| 498925 |    9 | 9822372726@qq.com | tom295840 |
| 498926 |    9 | 9822429837@qq.com | tom275842 |
| 498927 |    9 | 9822981283@qq.com | tom285513 |
| 498928 |    9 | 9823312776@qq.com | tom52989  |
| 498929 |    9 | 9823452588@qq.com | tom407260 |
| 498930 |    9 | 9823461932@qq.com | tom34328  |
| 498931 |    9 | 9823650452@qq.com | tom13307  |
| 498932 |    9 | 9823814978@qq.com | tom275985 |
| 498933 |    9 | 9823962278@qq.com | tom256126 |
| 498934 |    9 | 9823988473@qq.com | tom245728 |
| 498935 |    9 | 9824551847@qq.com | tom155077 |
| 498936 |    9 | 9825112827@qq.com | tom121708 |
| 498937 |    9 | 9825121731@qq.com | tom294375 |
| 498938 |    9 | 9825127417@qq.com | tom317652 |
| 498939 |    9 | 9825159996@qq.com | tom15305  |
| 498940 |    9 | 9825222963@qq.com | tom106218 |
| 498941 |    9 | 9825414250@qq.com | tom18576  |
| 498942 |    9 | 9825731715@qq.com | tom239200 |
| 498943 |    9 | 9825882449@qq.com | tom230718 |
| 498944 |    9 | 9825949578@qq.com | tom1405   |
| 498945 |    9 | 9826065152@qq.com | tom187199 |
| 498946 |    9 | 9826383347@qq.com | tom348192 |
| 498947 |    9 | 9826428084@qq.com | tom291334 |
| 498948 |    9 | 9826482750@qq.com | tom146931 |
| 498949 |    9 | 9826679589@qq.com | tom133297 |
| 498950 |    9 | 9826872120@qq.com | tom292955 |
| 498951 |    9 | 9827281437@qq.com | tom343431 |
| 498952 |    9 | 9827356727@qq.com | tom231809 |
| 498953 |    9 | 9827379913@qq.com | tom226287 |
| 498954 |    9 | 9827439214@qq.com | tom55412  |
| 498955 |    9 | 9827722802@qq.com | tom242572 |
| 498956 |    9 | 9827925096@qq.com | tom283895 |
| 498957 |    9 | 9828293949@qq.com | tom180453 |
| 498958 |    9 | 9828390681@qq.com | tom441996 |
| 498959 |    9 | 9828427031@qq.com | tom273380 |
| 498960 |    9 | 9828446159@qq.com | tom32201  |
| 498961 |    9 | 9828465706@qq.com | tom246462 |
| 498962 |    9 | 9828926153@qq.com | tom393096 |
| 498963 |    9 | 9829030130@qq.com | tom337349 |
| 498964 |    9 | 9829125148@qq.com | tom75110  |
| 498965 |    9 | 9829207744@qq.com | tom293305 |
| 498966 |    9 | 9829265881@qq.com | tom374402 |
| 498967 |    9 | 9829518479@qq.com | tom197244 |
| 498968 |    9 | 9829524408@qq.com | tom460186 |
| 498969 |    9 | 9829539152@qq.com | tom106316 |
| 498970 |    9 | 9829817754@qq.com | tom139019 |
| 498971 |    9 | 9830668712@qq.com | tom85235  |
| 498972 |    9 | 9830804359@qq.com | tom321098 |
| 498973 |    9 | 9830817832@qq.com | tom494450 |
| 498974 |    9 | 9830978150@qq.com | tom161148 |
| 498975 |    9 | 9830990765@qq.com | tom277459 |
| 498976 |    9 | 9831145829@qq.com | tom384992 |
| 498977 |    9 | 9831171854@qq.com | tom493410 |
| 498978 |    9 | 9831571884@qq.com | tom287436 |
| 498979 |    9 | 9831742590@qq.com | tom313114 |
| 498980 |    9 | 9831878560@qq.com | tom308361 |
| 498981 |    9 | 9831961583@qq.com | tom97580  |
| 498982 |    9 | 9832030707@qq.com | tom489987 |
| 498983 |    9 | 9832168803@qq.com | tom327653 |
| 498984 |    9 | 9832316756@qq.com | tom109628 |
| 498985 |    9 | 9832340019@qq.com | tom54751  |
| 498986 |    9 | 9832382435@qq.com | tom54348  |
| 498987 |    9 | 9832710922@qq.com | tom363246 |
| 498988 |    9 | 9832719039@qq.com | tom29115  |
| 498989 |    9 | 9832840489@qq.com | tom106920 |
| 498990 |    9 | 9833002847@qq.com | tom497198 |
| 498991 |    9 | 9833023641@qq.com | tom277325 |
| 498992 |    9 | 9833030572@qq.com | tom13334  |
| 498993 |    9 | 9833352778@qq.com | tom86158  |
| 498994 |    9 | 9833368005@qq.com | tom166652 |
| 498995 |    9 | 9833407194@qq.com | tom459423 |
| 498996 |    9 | 9833488397@qq.com | tom342167 |
| 498997 |    9 | 9834201351@qq.com | tom79184  |
| 498998 |    9 | 9834681256@qq.com | tom329793 |
| 498999 |    9 | 9834724847@qq.com | tom336111 |
| 499000 |    9 | 9834770316@qq.com | tom399333 |
| 499001 |    9 | 9835163161@qq.com | tom160111 |
| 499002 |    9 | 9835563275@qq.com | tom242266 |
| 499003 |    9 | 9835603262@qq.com | tom227493 |
| 499004 |    9 | 9835609290@qq.com | tom148401 |
| 499005 |    9 | 9835807409@qq.com | tom191188 |
| 499006 |    9 | 9836358772@qq.com | tom92828  |
| 499007 |    9 | 9836510108@qq.com | tom188900 |
| 499008 |    9 | 9836533932@qq.com | tom75445  |
| 499009 |    9 | 9836870706@qq.com | tom94798  |
| 499010 |    9 | 9837060129@qq.com | tom182535 |
| 499011 |    9 | 9837315281@qq.com | tom11729  |
| 499012 |    9 | 9837399203@qq.com | tom115945 |
| 499013 |    9 | 9837422589@qq.com | tom423154 |
| 499014 |    9 | 9837424682@qq.com | tom24314  |
| 499015 |    9 | 9837475783@qq.com | tom444519 |
| 499016 |    9 | 9837536085@qq.com | tom280022 |
| 499017 |    9 | 9837829284@qq.com | tom392905 |
| 499018 |    9 | 9837854881@qq.com | tom342756 |
| 499019 |    9 | 9838081085@qq.com | tom52151  |
| 499020 |    9 | 9838266020@qq.com | tom447190 |
| 499021 |    9 | 9838462555@qq.com | tom486224 |
| 499022 |    9 | 9838495122@qq.com | tom220571 |
| 499023 |    9 | 9838626948@qq.com | tom219234 |
| 499024 |    9 | 9838686054@qq.com | tom381598 |
| 499025 |    9 | 9838940306@qq.com | tom23390  |
| 499026 |    9 | 9838941174@qq.com | tom33937  |
| 499027 |    9 | 9838956621@qq.com | tom445083 |
| 499028 |    9 | 9839012536@qq.com | tom196307 |
| 499029 |    9 | 9839433286@qq.com | tom352740 |
| 499030 |    9 | 9839558055@qq.com | tom320666 |
| 499031 |    9 | 9839576269@qq.com | tom144993 |
| 499032 |    9 | 9839730030@qq.com | tom467512 |
| 499033 |    9 | 9839987851@qq.com | tom413279 |
| 499034 |    9 | 9840235333@qq.com | tom429938 |
| 499035 |    9 | 9840349449@qq.com | tom124653 |
| 499036 |    9 | 9840569975@qq.com | tom265428 |
| 499037 |    9 | 9840600748@qq.com | tom27821  |
| 499038 |    9 | 9840703964@qq.com | tom349678 |
| 499039 |    9 | 9840717166@qq.com | tom386707 |
| 499040 |    9 | 9840970858@qq.com | tom264129 |
| 499041 |    9 | 9841324150@qq.com | tom316220 |
| 499042 |    9 | 9841377745@qq.com | tom468254 |
| 499043 |    9 | 9841385100@qq.com | tom268101 |
| 499044 |    9 | 9841441594@qq.com | tom228466 |
| 499045 |    9 | 9841449634@qq.com | tom193481 |
| 499046 |    9 | 9841475432@qq.com | tom207685 |
| 499047 |    9 | 9841551873@qq.com | tom15088  |
| 499048 |    9 | 9841614850@qq.com | tom112379 |
| 499049 |    9 | 9841631072@qq.com | tom24302  |
| 499050 |    9 | 9841673399@qq.com | tom226129 |
| 499051 |    9 | 9841901826@qq.com | tom452287 |
| 499052 |    9 | 9842190797@qq.com | tom357129 |
| 499053 |    9 | 9842554076@qq.com | tom194783 |
| 499054 |    9 | 9842778312@qq.com | tom46573  |
| 499055 |    9 | 9843072153@qq.com | tom475004 |
| 499056 |    9 | 9843103071@qq.com | tom65030  |
| 499057 |    9 | 9843519358@qq.com | tom350648 |
| 499058 |    9 | 9843796000@qq.com | tom139249 |
| 499059 |    9 | 9843818853@qq.com | tom121630 |
| 499060 |    9 | 9844302241@qq.com | tom269976 |
| 499061 |    9 | 9844318762@qq.com | tom18283  |
| 499062 |    9 | 9844511614@qq.com | tom93778  |
| 499063 |    9 | 9844592798@qq.com | tom374133 |
| 499064 |    9 | 9844776905@qq.com | tom435655 |
| 499065 |    9 | 9844819193@qq.com | tom212405 |
| 499066 |    9 | 9844895406@qq.com | tom223663 |
| 499067 |    9 | 9844937847@qq.com | tom216128 |
| 499068 |    9 | 9844965178@qq.com | tom86220  |
| 499069 |    9 | 9845272632@qq.com | tom309255 |
| 499070 |    9 | 9845274733@qq.com | tom48801  |
| 499071 |    9 | 9845316445@qq.com | tom278400 |
| 499072 |    9 | 9845371720@qq.com | tom288199 |
| 499073 |    9 | 9845440175@qq.com | tom476233 |
| 499074 |    9 | 9845707313@qq.com | tom36860  |
| 499075 |    9 | 9845912910@qq.com | tom285134 |
| 499076 |    9 | 9846037074@qq.com | tom306116 |
| 499077 |    9 | 9846094033@qq.com | tom201987 |
| 499078 |    9 | 9846654586@qq.com | tom221114 |
| 499079 |    9 | 9846722646@qq.com | tom257312 |
| 499080 |    9 | 9846871947@qq.com | tom9493   |
| 499081 |    9 | 9847127831@qq.com | tom108899 |
| 499082 |    9 | 9847175461@qq.com | tom128551 |
| 499083 |    9 | 9847236904@qq.com | tom493927 |
| 499084 |    9 | 9848194086@qq.com | tom83013  |
| 499085 |    9 | 9848737628@qq.com | tom221301 |
| 499086 |    9 | 9849170966@qq.com | tom429246 |
| 499087 |    9 | 9849462810@qq.com | tom327658 |
| 499088 |    9 | 9849735333@qq.com | tom89805  |
| 499089 |    9 | 9849974390@qq.com | tom61644  |
| 499090 |    9 | 9849995451@qq.com | tom64249  |
| 499091 |    9 | 9850309818@qq.com | tom347709 |
| 499092 |    9 | 9850329356@qq.com | tom188597 |
| 499093 |    9 | 9850386973@qq.com | tom302986 |
| 499094 |    9 | 9850429451@qq.com | tom72176  |
| 499095 |    9 | 9850490480@qq.com | tom389439 |
| 499096 |    9 | 9850651764@qq.com | tom461705 |
| 499097 |    9 | 9850656587@qq.com | tom408026 |
| 499098 |    9 | 9851043540@qq.com | tom248024 |
| 499099 |    9 | 9851117003@qq.com | tom442250 |
| 499100 |    9 | 9851187700@qq.com | tom30407  |
| 499101 |    9 | 9851290458@qq.com | tom491573 |
| 499102 |    9 | 9851337484@qq.com | tom497966 |
| 499103 |    9 | 9851382550@qq.com | tom431745 |
| 499104 |    9 | 9851686079@qq.com | tom436558 |
| 499105 |    9 | 9851826579@qq.com | tom122297 |
| 499106 |    9 | 9851846559@qq.com | tom197390 |
| 499107 |    9 | 9852039566@qq.com | tom107724 |
| 499108 |    9 | 9852048819@qq.com | tom83250  |
| 499109 |    9 | 9852149394@qq.com | tom396798 |
| 499110 |    9 | 9852353397@qq.com | tom367819 |
| 499111 |    9 | 9852514829@qq.com | tom175245 |
| 499112 |    9 | 9852583197@qq.com | tom193749 |
| 499113 |    9 | 9852604204@qq.com | tom250203 |
| 499114 |    9 | 9852607461@qq.com | tom11769  |
| 499115 |    9 | 9852720879@qq.com | tom485031 |
| 499116 |    9 | 9852852123@qq.com | tom467448 |
| 499117 |    9 | 9852918165@qq.com | tom452126 |
| 499118 |    9 | 9853251472@qq.com | tom181704 |
| 499119 |    9 | 9853280313@qq.com | tom25444  |
| 499120 |    9 | 9853280924@qq.com | tom440490 |
| 499121 |    9 | 9853453380@qq.com | tom22308  |
| 499122 |    9 | 9853688037@qq.com | tom18174  |
| 499123 |    9 | 9853728196@qq.com | tom326748 |
| 499124 |    9 | 9854040293@qq.com | tom80475  |
| 499125 |    9 | 9854096926@qq.com | tom461870 |
| 499126 |    9 | 9854123393@qq.com | tom184796 |
| 499127 |    9 | 9854152993@qq.com | tom367641 |
| 499128 |    9 | 9854564807@qq.com | tom410083 |
| 499129 |    9 | 9854692561@qq.com | tom95461  |
| 499130 |    9 | 9854988654@qq.com | tom68228  |
| 499131 |    9 | 9855058791@qq.com | tom356794 |
| 499132 |    9 | 9855179533@qq.com | tom49968  |
| 499133 |    9 | 9855205061@qq.com | tom440151 |
| 499134 |    9 | 9855261143@qq.com | tom326827 |
| 499135 |    9 | 9855349685@qq.com | tom44325  |
| 499136 |    9 | 9855851582@qq.com | tom70584  |
| 499137 |    9 | 9855854271@qq.com | tom117204 |
| 499138 |    9 | 9856102410@qq.com | tom77218  |
| 499139 |    9 | 9856330757@qq.com | tom407627 |
| 499140 |    9 | 9856412818@qq.com | tom319200 |
| 499141 |    9 | 9856713437@qq.com | tom486710 |
| 499142 |    9 | 9856747538@qq.com | tom20119  |
| 499143 |    9 | 9856772386@qq.com | tom34292  |
| 499144 |    9 | 9856820712@qq.com | tom243336 |
| 499145 |    9 | 9857047111@qq.com | tom186727 |
| 499146 |    9 | 9857256324@qq.com | tom348336 |
| 499147 |    9 | 9857257317@qq.com | tom344927 |
| 499148 |    9 | 9857443402@qq.com | tom213289 |
| 499149 |    9 | 9857448471@qq.com | tom109465 |
| 499150 |    9 | 9857515276@qq.com | tom30741  |
| 499151 |    9 | 9857527894@qq.com | tom291008 |
| 499152 |    9 | 9857701531@qq.com | tom474282 |
| 499153 |    9 | 9857710553@qq.com | tom405059 |
| 499154 |    9 | 9857871414@qq.com | tom45856  |
| 499155 |    9 | 9858095402@qq.com | tom438827 |
| 499156 |    9 | 9858137076@qq.com | tom305400 |
| 499157 |    9 | 9858189443@qq.com | tom349867 |
| 499158 |    9 | 9858205561@qq.com | tom24538  |
| 499159 |    9 | 9858402612@qq.com | tom149437 |
| 499160 |    9 | 9858560602@qq.com | tom401371 |
| 499161 |    9 | 9859223700@qq.com | tom156099 |
| 499162 |    9 | 9860727855@qq.com | tom93013  |
| 499163 |    9 | 9860901102@qq.com | tom183458 |
| 499164 |    9 | 9861075234@qq.com | tom385571 |
| 499165 |    9 | 9861418489@qq.com | tom247501 |
| 499166 |    9 | 9861438437@qq.com | tom494535 |
| 499167 |    9 | 9861459016@qq.com | tom96282  |
| 499168 |    9 | 9861497357@qq.com | tom328464 |
| 499169 |    9 | 9861591912@qq.com | tom319722 |
| 499170 |    9 | 9861598829@qq.com | tom419364 |
| 499171 |    9 | 9861740509@qq.com | tom116309 |
| 499172 |    9 | 9861837493@qq.com | tom492731 |
| 499173 |    9 | 9862000437@qq.com | tom159670 |
| 499174 |    9 | 9862278427@qq.com | tom238955 |
| 499175 |    9 | 9862318630@qq.com | tom37408  |
| 499176 |    9 | 9862334505@qq.com | tom433534 |
| 499177 |    9 | 9862643772@qq.com | tom95018  |
| 499178 |    9 | 9863162499@qq.com | tom117458 |
| 499179 |    9 | 9863241712@qq.com | tom355658 |
| 499180 |    9 | 9863518268@qq.com | tom138884 |
| 499181 |    9 | 9863655149@qq.com | tom42780  |
| 499182 |    9 | 9863662375@qq.com | tom40946  |
| 499183 |    9 | 9863861634@qq.com | tom314758 |
| 499184 |    9 | 9864265367@qq.com | tom326641 |
| 499185 |    9 | 9864427854@qq.com | tom428563 |
| 499186 |    9 | 9864709521@qq.com | tom446902 |
| 499187 |    9 | 9864849202@qq.com | tom149617 |
| 499188 |    9 | 9864892458@qq.com | tom146142 |
| 499189 |    9 | 9864966117@qq.com | tom438563 |
| 499190 |    9 | 9865063836@qq.com | tom427879 |
| 499191 |    9 | 9865320744@qq.com | tom176475 |
| 499192 |    9 | 9865383947@qq.com | tom194170 |
| 499193 |    9 | 9865491404@qq.com | tom159537 |
| 499194 |    9 | 9865554519@qq.com | tom201708 |
| 499195 |    9 | 9865789849@qq.com | tom295131 |
| 499196 |    9 | 9866102147@qq.com | tom272064 |
| 499197 |    9 | 9866257026@qq.com | tom103101 |
| 499198 |    9 | 9866493643@qq.com | tom285775 |
| 499199 |    9 | 9866679536@qq.com | tom103160 |
| 499200 |    9 | 9866780454@qq.com | tom224018 |
| 499201 |    9 | 9867380275@qq.com | tom236332 |
| 499202 |    9 | 9867480560@qq.com | tom175276 |
| 499203 |    9 | 9867549366@qq.com | tom68590  |
| 499204 |    9 | 9867779263@qq.com | tom371053 |
| 499205 |    9 | 9868008777@qq.com | tom185421 |
| 499206 |    9 | 9868106111@qq.com | tom14293  |
| 499207 |    9 | 9868156043@qq.com | tom212469 |
| 499208 |    9 | 9868576910@qq.com | tom498057 |
| 499209 |    9 | 9868612126@qq.com | tom364116 |
| 499210 |    9 | 9868752688@qq.com | tom336511 |
| 499211 |    9 | 9868842994@qq.com | tom374216 |
| 499212 |    9 | 9868869809@qq.com | tom408567 |
| 499213 |    9 | 9869267592@qq.com | tom261835 |
| 499214 |    9 | 9869364323@qq.com | tom330638 |
| 499215 |    9 | 9869422171@qq.com | tom75407  |
| 499216 |    9 | 9869624894@qq.com | tom439721 |
| 499217 |    9 | 9869625472@qq.com | tom191573 |
| 499218 |    9 | 9869626954@qq.com | tom451782 |
| 499219 |    9 | 9869892604@qq.com | tom265484 |
| 499220 |    9 | 9870004651@qq.com | tom156794 |
| 499221 |    9 | 9870016942@qq.com | tom312537 |
| 499222 |    9 | 9870171328@qq.com | tom190650 |
| 499223 |    9 | 9870221839@qq.com | tom397581 |
| 499224 |    9 | 9870324939@qq.com | tom176673 |
| 499225 |    9 | 9870468509@qq.com | tom474734 |
| 499226 |    9 | 9870528343@qq.com | tom8643   |
| 499227 |    9 | 9870895516@qq.com | tom396131 |
| 499228 |    9 | 9870917692@qq.com | tom338419 |
| 499229 |    9 | 9871135760@qq.com | tom358986 |
| 499230 |    9 | 9871237545@qq.com | tom374174 |
| 499231 |    9 | 9871389686@qq.com | tom421829 |
| 499232 |    9 | 9871417164@qq.com | tom278663 |
| 499233 |    9 | 9871498573@qq.com | tom429488 |
| 499234 |    9 | 9871558879@qq.com | tom489188 |
| 499235 |    9 | 9871604177@qq.com | tom24154  |
| 499236 |    9 | 9871622865@qq.com | tom79754  |
| 499237 |    9 | 9871804603@qq.com | tom287903 |
| 499238 |    9 | 9871900310@qq.com | tom315054 |
| 499239 |    9 | 9871941567@qq.com | tom881    |
| 499240 |    9 | 9872272464@qq.com | tom371386 |
| 499241 |    9 | 9872345649@qq.com | tom106711 |
| 499242 |    9 | 9872384511@qq.com | tom408222 |
| 499243 |    9 | 9872516888@qq.com | tom166658 |
| 499244 |    9 | 9872968130@qq.com | tom249752 |
| 499245 |    9 | 9873667187@qq.com | tom463759 |
| 499246 |    9 | 9873677054@qq.com | tom30239  |
| 499247 |    9 | 9873785771@qq.com | tom81284  |
| 499248 |    9 | 9873795457@qq.com | tom326727 |
| 499249 |    9 | 9873907591@qq.com | tom410024 |
| 499250 |    9 | 9873938868@qq.com | tom236902 |
| 499251 |    9 | 9873989349@qq.com | tom238305 |
| 499252 |    9 | 9874013644@qq.com | tom474797 |
| 499253 |    9 | 9874023162@qq.com | tom317610 |
| 499254 |    9 | 9874355754@qq.com | tom363852 |
| 499255 |    9 | 9874389899@qq.com | tom453457 |
| 499256 |    9 | 9874451821@qq.com | tom324511 |
| 499257 |    9 | 9874566183@qq.com | tom468583 |
| 499258 |    9 | 9874634509@qq.com | tom498509 |
| 499259 |    9 | 9874827618@qq.com | tom410325 |
| 499260 |    9 | 9874928175@qq.com | tom335208 |
| 499261 |    9 | 9875023939@qq.com | tom9974   |
| 499262 |    9 | 9875157911@qq.com | tom304228 |
| 499263 |    9 | 9875161751@qq.com | tom56497  |
| 499264 |    9 | 9875222215@qq.com | tom419769 |
| 499265 |    9 | 9875373634@qq.com | tom267828 |
| 499266 |    9 | 9875380161@qq.com | tom149934 |
| 499267 |    9 | 9875383341@qq.com | tom253132 |
| 499268 |    9 | 9875421067@qq.com | tom32965  |
| 499269 |    9 | 9875520044@qq.com | tom229159 |
| 499270 |    9 | 9875996197@qq.com | tom119469 |
| 499271 |    9 | 9875998593@qq.com | tom440750 |
| 499272 |    9 | 9876398830@qq.com | tom266348 |
| 499273 |    9 | 9876399521@qq.com | tom158194 |
| 499274 |    9 | 9876491902@qq.com | tom296895 |
| 499275 |    9 | 9876618163@qq.com | tom372798 |
| 499276 |    9 | 9876752316@qq.com | tom424196 |
| 499277 |    9 | 9876793804@qq.com | tom362885 |
| 499278 |    9 | 9876817309@qq.com | tom93350  |
| 499279 |    9 | 9876932552@qq.com | tom366712 |
| 499280 |    9 | 9877381356@qq.com | tom293084 |
| 499281 |    9 | 9877527666@qq.com | tom469077 |
| 499282 |    9 | 9877622667@qq.com | tom340934 |
| 499283 |    9 | 9877713634@qq.com | tom342666 |
| 499284 |    9 | 9877771646@qq.com | tom392366 |
| 499285 |    9 | 9877772129@qq.com | tom189629 |
| 499286 |    9 | 9877942375@qq.com | tom110019 |
| 499287 |    9 | 9878245734@qq.com | tom234652 |
| 499288 |    9 | 9878289983@qq.com | tom494147 |
| 499289 |    9 | 9878364655@qq.com | tom159470 |
| 499290 |    9 | 9878366633@qq.com | tom123704 |
| 499291 |    9 | 9879055932@qq.com | tom386692 |
| 499292 |    9 | 9879331038@qq.com | tom275392 |
| 499293 |    9 | 9879456261@qq.com | tom469299 |
| 499294 |    9 | 9879750604@qq.com | tom7383   |
| 499295 |    9 | 9879777831@qq.com | tom58015  |
| 499296 |    9 | 9880024941@qq.com | tom10736  |
| 499297 |    9 | 9880218291@qq.com | tom368381 |
| 499298 |    9 | 9880224417@qq.com | tom441085 |
| 499299 |    9 | 9880256181@qq.com | tom9012   |
| 499300 |    9 | 9880494846@qq.com | tom118999 |
| 499301 |    9 | 9880512648@qq.com | tom291771 |
| 499302 |    9 | 9880708568@qq.com | tom479798 |
| 499303 |    9 | 9880779783@qq.com | tom357240 |
| 499304 |    9 | 9880819923@qq.com | tom451436 |
| 499305 |    9 | 9881002149@qq.com | tom51040  |
| 499306 |    9 | 9881170132@qq.com | tom499217 |
| 499307 |    9 | 9881200961@qq.com | tom478653 |
| 499308 |    9 | 9881228691@qq.com | tom450191 |
| 499309 |    9 | 9881310083@qq.com | tom147747 |
| 499310 |    9 | 9881335298@qq.com | tom460806 |
| 499311 |    9 | 9881375235@qq.com | tom45696  |
| 499312 |    9 | 9881678033@qq.com | tom97478  |
| 499313 |    9 | 9881989221@qq.com | tom372183 |
| 499314 |    9 | 9882154039@qq.com | tom348598 |
| 499315 |    9 | 9882433921@qq.com | tom208764 |
| 499316 |    9 | 9882574152@qq.com | tom257849 |
| 499317 |    9 | 9882661383@qq.com | tom336157 |
| 499318 |    9 | 9882817703@qq.com | tom58723  |
| 499319 |    9 | 9882836177@qq.com | tom452028 |
| 499320 |    9 | 9883199131@qq.com | tom316560 |
| 499321 |    9 | 9883394198@qq.com | tom483164 |
| 499322 |    9 | 9883465808@qq.com | tom71221  |
| 499323 |    9 | 9883524159@qq.com | tom37505  |
| 499324 |    9 | 9883553738@qq.com | tom278    |
| 499325 |    9 | 9883689708@qq.com | tom495446 |
| 499326 |    9 | 9883698748@qq.com | tom225539 |
| 499327 |    9 | 9883813578@qq.com | tom451286 |
| 499328 |    9 | 9884113183@qq.com | tom203274 |
| 499329 |    9 | 9884133841@qq.com | tom106816 |
| 499330 |    9 | 9884328614@qq.com | tom33268  |
| 499331 |    9 | 9884451128@qq.com | tom370215 |
| 499332 |    9 | 9884542778@qq.com | tom393690 |
| 499333 |    9 | 9884596355@qq.com | tom45008  |
| 499334 |    9 | 9884718375@qq.com | tom331389 |
| 499335 |    9 | 9885341555@qq.com | tom253999 |
| 499336 |    9 | 9885379330@qq.com | tom199865 |
| 499337 |    9 | 9885393476@qq.com | tom406615 |
| 499338 |    9 | 9885680060@qq.com | tom394948 |
| 499339 |    9 | 9885723795@qq.com | tom227621 |
| 499340 |    9 | 9886093849@qq.com | tom116881 |
| 499341 |    9 | 9886133116@qq.com | tom304178 |
| 499342 |    9 | 9886239074@qq.com | tom225639 |
| 499343 |    9 | 9886475250@qq.com | tom160819 |
| 499344 |    9 | 9886565842@qq.com | tom477734 |
| 499345 |    9 | 9886567121@qq.com | tom256969 |
| 499346 |    9 | 9886735539@qq.com | tom38125  |
| 499347 |    9 | 9887019364@qq.com | tom418565 |
| 499348 |    9 | 9887345586@qq.com | tom249321 |
| 499349 |    9 | 9887417456@qq.com | tom127385 |
| 499350 |    9 | 9887531343@qq.com | tom290774 |
| 499351 |    9 | 9887608641@qq.com | tom44853  |
| 499352 |    9 | 9887682029@qq.com | tom179030 |
| 499353 |    9 | 9887748901@qq.com | tom137176 |
| 499354 |    9 | 9887755558@qq.com | tom54486  |
| 499355 |    9 | 9888129511@qq.com | tom309383 |
| 499356 |    9 | 9888667314@qq.com | tom216164 |
| 499357 |    9 | 9888777818@qq.com | tom263012 |
| 499358 |    9 | 9888880301@qq.com | tom106146 |
| 499359 |    9 | 9888916473@qq.com | tom113618 |
| 499360 |    9 | 9889114001@qq.com | tom472084 |
| 499361 |    9 | 9889227609@qq.com | tom356367 |
| 499362 |    9 | 9889284069@qq.com | tom287261 |
| 499363 |    9 | 9889518740@qq.com | tom111624 |
| 499364 |    9 | 9889619471@qq.com | tom462162 |
| 499365 |    9 | 9889759023@qq.com | tom414604 |
| 499366 |    9 | 9889896734@qq.com | tom276264 |
| 499367 |    9 | 9890264284@qq.com | tom118651 |
| 499368 |    9 | 9890481513@qq.com | tom230422 |
| 499369 |    9 | 9890658893@qq.com | tom440817 |
| 499370 |    9 | 9890716223@qq.com | tom376306 |
| 499371 |    9 | 9890845647@qq.com | tom227701 |
| 499372 |    9 | 9890945229@qq.com | tom391104 |
| 499373 |    9 | 9891317893@qq.com | tom346236 |
| 499374 |    9 | 9891527080@qq.com | tom278049 |
| 499375 |    9 | 9891605028@qq.com | tom328287 |
| 499376 |    9 | 9891934805@qq.com | tom385133 |
| 499377 |    9 | 9892620696@qq.com | tom404049 |
| 499378 |    9 | 9892856839@qq.com | tom408929 |
| 499379 |    9 | 9893071892@qq.com | tom269287 |
| 499380 |    9 | 9893073854@qq.com | tom17661  |
| 499381 |    9 | 9893287354@qq.com | tom420321 |
| 499382 |    9 | 9893467804@qq.com | tom487891 |
| 499383 |    9 | 9893772085@qq.com | tom232546 |
| 499384 |    9 | 9894049230@qq.com | tom260488 |
| 499385 |    9 | 9894335639@qq.com | tom32551  |
| 499386 |    9 | 9894500147@qq.com | tom265708 |
| 499387 |    9 | 9894847158@qq.com | tom371533 |
| 499388 |    9 | 9895044498@qq.com | tom162387 |
| 499389 |    9 | 9895754647@qq.com | tom317420 |
| 499390 |    9 | 9895809916@qq.com | tom57549  |
| 499391 |    9 | 9895874209@qq.com | tom272020 |
| 499392 |    9 | 9895911698@qq.com | tom429977 |
| 499393 |    9 | 9896203127@qq.com | tom490153 |
| 499394 |    9 | 9896437932@qq.com | tom479479 |
| 499395 |    9 | 9896752506@qq.com | tom379145 |
| 499396 |    9 | 9897078570@qq.com | tom210762 |
| 499397 |    9 | 9897280991@qq.com | tom303436 |
| 499398 |    9 | 9897562410@qq.com | tom207240 |
| 499399 |    9 | 9897568115@qq.com | tom43819  |
| 499400 |    9 | 9897714831@qq.com | tom34379  |
| 499401 |    9 | 9897762277@qq.com | tom145614 |
| 499402 |    9 | 9898278788@qq.com | tom206083 |
| 499403 |    9 | 9898381220@qq.com | tom227317 |
| 499404 |    9 | 9898442853@qq.com | tom284059 |
| 499405 |    9 | 9898805495@qq.com | tom119090 |
| 499406 |    9 | 9898935480@qq.com | tom118088 |
| 499407 |    9 | 9899133330@qq.com | tom134056 |
| 499408 |    9 | 9899522573@qq.com | tom268570 |
| 499409 |    9 | 9899667443@qq.com | tom132369 |
| 499410 |    9 | 9899828763@qq.com | tom289434 |
| 499411 |    9 | 9899950068@qq.com | tom69834  |
| 499412 |    9 | 9900046083@qq.com | tom313123 |
| 499413 |    9 | 9900211100@qq.com | tom344492 |
| 499414 |    9 | 9900221459@qq.com | tom321815 |
| 499415 |    9 | 9900392509@qq.com | tom216361 |
| 499416 |    9 | 9900575857@qq.com | tom284396 |
| 499417 |    9 | 9900671609@qq.com | tom467152 |
| 499418 |    9 | 9900722060@qq.com | tom277469 |
| 499419 |    9 | 9901135402@qq.com | tom20919  |
| 499420 |    9 | 9901167633@qq.com | tom89194  |
| 499421 |    9 | 9901183594@qq.com | tom495326 |
| 499422 |    9 | 9901403819@qq.com | tom477481 |
| 499423 |    9 | 9901503059@qq.com | tom66448  |
| 499424 |    9 | 9901669097@qq.com | tom120105 |
| 499425 |    9 | 9902017858@qq.com | tom490545 |
| 499426 |    9 | 9902031446@qq.com | tom300889 |
| 499427 |    9 | 9902296451@qq.com | tom229157 |
| 499428 |    9 | 9902568444@qq.com | tom304774 |
| 499429 |    9 | 9902780206@qq.com | tom302480 |
| 499430 |    9 | 9902854779@qq.com | tom351218 |
| 499431 |    9 | 9902865105@qq.com | tom224486 |
| 499432 |    9 | 9902952323@qq.com | tom456307 |
| 499433 |    9 | 9902973465@qq.com | tom19786  |
| 499434 |    9 | 9903031867@qq.com | tom372020 |
| 499435 |    9 | 9903043022@qq.com | tom321250 |
| 499436 |    9 | 9903108046@qq.com | tom215028 |
| 499437 |    9 | 9903274859@qq.com | tom436726 |
| 499438 |    9 | 9903310336@qq.com | tom156811 |
| 499439 |    9 | 9903395312@qq.com | tom26587  |
| 499440 |    9 | 9903627691@qq.com | tom177761 |
| 499441 |    9 | 9903852183@qq.com | tom234742 |
| 499442 |    9 | 9904004452@qq.com | tom498117 |
| 499443 |    9 | 9904289200@qq.com | tom472899 |
| 499444 |    9 | 9904616819@qq.com | tom290182 |
| 499445 |    9 | 9904721331@qq.com | tom10915  |
| 499446 |    9 | 9904815533@qq.com | tom249473 |
| 499447 |    9 | 9904856291@qq.com | tom121561 |
| 499448 |    9 | 9904870641@qq.com | tom215918 |
| 499449 |    9 | 9905008700@qq.com | tom194019 |
| 499450 |    9 | 9905033320@qq.com | tom112954 |
| 499451 |    9 | 9905063987@qq.com | tom469576 |
| 499452 |    9 | 9905502627@qq.com | tom335939 |
| 499453 |    9 | 9905590199@qq.com | tom114996 |
| 499454 |    9 | 9905938646@qq.com | tom460709 |
| 499455 |    9 | 9906083574@qq.com | tom188208 |
| 499456 |    9 | 9906242956@qq.com | tom462954 |
| 499457 |    9 | 9906377194@qq.com | tom100320 |
| 499458 |    9 | 9906462914@qq.com | tom156943 |
| 499459 |    9 | 9906688064@qq.com | tom454607 |
| 499460 |    9 | 9906817598@qq.com | tom8270   |
| 499461 |    9 | 9907003571@qq.com | tom192660 |
| 499462 |    9 | 9907024845@qq.com | tom2448   |
| 499463 |    9 | 9907118084@qq.com | tom417487 |
| 499464 |    9 | 9907124503@qq.com | tom412930 |
| 499465 |    9 | 9907146391@qq.com | tom464053 |
| 499466 |    9 | 9907194488@qq.com | tom199782 |
| 499467 |    9 | 9907310880@qq.com | tom347488 |
| 499468 |    9 | 9907574870@qq.com | tom244752 |
| 499469 |    9 | 9907669641@qq.com | tom327894 |
| 499470 |    9 | 9907732018@qq.com | tom146235 |
| 499471 |    9 | 9908024359@qq.com | tom221116 |
| 499472 |    9 | 9908351344@qq.com | tom402536 |
| 499473 |    9 | 9908361686@qq.com | tom258014 |
| 499474 |    9 | 9908618319@qq.com | tom265199 |
| 499475 |    9 | 9908672628@qq.com | tom300647 |
| 499476 |    9 | 9908751833@qq.com | tom328283 |
| 499477 |    9 | 9908956547@qq.com | tom204149 |
| 499478 |    9 | 9909435219@qq.com | tom14445  |
| 499479 |    9 | 9909736339@qq.com | tom62980  |
| 499480 |    9 | 9909883090@qq.com | tom39785  |
| 499481 |    9 | 9909991019@qq.com | tom18210  |
| 499482 |    9 | 9910073088@qq.com | tom8093   |
| 499483 |    9 | 9910169819@qq.com | tom498125 |
| 499484 |    9 | 9910185299@qq.com | tom15715  |
| 499485 |    9 | 9910518891@qq.com | tom344910 |
| 499486 |    9 | 9910654261@qq.com | tom56735  |
| 499487 |    9 | 9910785359@qq.com | tom475666 |
| 499488 |    9 | 9911234868@qq.com | tom337136 |
| 499489 |    9 | 9911276072@qq.com | tom86347  |
| 499490 |    9 | 9911557428@qq.com | tom64566  |
| 499491 |    9 | 9911742838@qq.com | tom180044 |
| 499492 |    9 | 9911981355@qq.com | tom341653 |
| 499493 |    9 | 9912311618@qq.com | tom484960 |
| 499494 |    9 | 9912508687@qq.com | tom177867 |
| 499495 |    9 | 9912528704@qq.com | tom393867 |
| 499496 |    9 | 9912723539@qq.com | tom371668 |
| 499497 |    9 | 9912804338@qq.com | tom173238 |
| 499498 |    9 | 9912905190@qq.com | tom305145 |
| 499499 |    9 | 9913266119@qq.com | tom297902 |
| 499500 |    9 | 9913469213@qq.com | tom269392 |
| 499501 |    9 | 9913483201@qq.com | tom165648 |
| 499502 |    9 | 9913663287@qq.com | tom250637 |
| 499503 |    9 | 9913834092@qq.com | tom285603 |
| 499504 |    9 | 9914018833@qq.com | tom215142 |
| 499505 |    9 | 9914050722@qq.com | tom139810 |
| 499506 |    9 | 9914142155@qq.com | tom354094 |
| 499507 |    9 | 9914225207@qq.com | tom441806 |
| 499508 |    9 | 9914339774@qq.com | tom83968  |
| 499509 |    9 | 9914540347@qq.com | tom13072  |
| 499510 |    9 | 9914545569@qq.com | tom279931 |
| 499511 |    9 | 9914600397@qq.com | tom436804 |
| 499512 |    9 | 9914618477@qq.com | tom428041 |
| 499513 |    9 | 9914983319@qq.com | tom32689  |
| 499514 |    9 | 9915076702@qq.com | tom133280 |
| 499515 |    9 | 9915101260@qq.com | tom239458 |
| 499516 |    9 | 9915375829@qq.com | tom489258 |
| 499517 |    9 | 9915414419@qq.com | tom341323 |
| 499518 |    9 | 9915421359@qq.com | tom445689 |
| 499519 |    9 | 9915613731@qq.com | tom347298 |
| 499520 |    9 | 9915835992@qq.com | tom340334 |
| 499521 |    9 | 9916165321@qq.com | tom224274 |
| 499522 |    9 | 9916244366@qq.com | tom337392 |
| 499523 |    9 | 9916300414@qq.com | tom448250 |
| 499524 |    9 | 9916347807@qq.com | tom417470 |
| 499525 |    9 | 9916424291@qq.com | tom122079 |
| 499526 |    9 | 9916695415@qq.com | tom272834 |
| 499527 |    9 | 9916802565@qq.com | tom251575 |
| 499528 |    9 | 9917473970@qq.com | tom236936 |
| 499529 |    9 | 9917572812@qq.com | tom107130 |
| 499530 |    9 | 9917717124@qq.com | tom429797 |
| 499531 |    9 | 9917788969@qq.com | tom471627 |
| 499532 |    9 | 9918001164@qq.com | tom226393 |
| 499533 |    9 | 9918209211@qq.com | tom371970 |
| 499534 |    9 | 9918245276@qq.com | tom463563 |
| 499535 |    9 | 9918258612@qq.com | tom262612 |
| 499536 |    9 | 9918342795@qq.com | tom19277  |
| 499537 |    9 | 9918759041@qq.com | tom21985  |
| 499538 |    9 | 9919022599@qq.com | tom269448 |
| 499539 |    9 | 9919198742@qq.com | tom156894 |
| 499540 |    9 | 9919220388@qq.com | tom131974 |
| 499541 |    9 | 9919231979@qq.com | tom386858 |
| 499542 |    9 | 9919354046@qq.com | tom69903  |
| 499543 |    9 | 9919358098@qq.com | tom374996 |
| 499544 |    9 | 9919376412@qq.com | tom380993 |
| 499545 |    9 | 9919572059@qq.com | tom162374 |
| 499546 |    9 | 9919651606@qq.com | tom230841 |
| 499547 |    9 | 9919703448@qq.com | tom414165 |
| 499548 |    9 | 9919767190@qq.com | tom338910 |
| 499549 |    9 | 9919802938@qq.com | tom6840   |
| 499550 |    9 | 9919827427@qq.com | tom244294 |
| 499551 |    9 | 9919833058@qq.com | tom353158 |
| 499552 |    9 | 9919948077@qq.com | tom249527 |
| 499553 |    9 | 9920020102@qq.com | tom429832 |
| 499554 |    9 | 9920140859@qq.com | tom101522 |
| 499555 |    9 | 9920270870@qq.com | tom75906  |
| 499556 |    9 | 9920676101@qq.com | tom235699 |
| 499557 |    9 | 9920679463@qq.com | tom329874 |
| 499558 |    9 | 9920844814@qq.com | tom77326  |
| 499559 |    9 | 9921225275@qq.com | tom126715 |
| 499560 |    9 | 9921332872@qq.com | tom74794  |
| 499561 |    9 | 9921869707@qq.com | tom53626  |
| 499562 |    9 | 9921928808@qq.com | tom137902 |
| 499563 |    9 | 9922326276@qq.com | tom208089 |
| 499564 |    9 | 9922501184@qq.com | tom434654 |
| 499565 |    9 | 9922727713@qq.com | tom19734  |
| 499566 |    9 | 9923306061@qq.com | tom228210 |
| 499567 |    9 | 9923323916@qq.com | tom269644 |
| 499568 |    9 | 9924120402@qq.com | tom201796 |
| 499569 |    9 | 9924366017@qq.com | tom38539  |
| 499570 |    9 | 9924389905@qq.com | tom181257 |
| 499571 |    9 | 9924766668@qq.com | tom16454  |
| 499572 |    9 | 9925041638@qq.com | tom389849 |
| 499573 |    9 | 9925356227@qq.com | tom324622 |
| 499574 |    9 | 9925418778@qq.com | tom102003 |
| 499575 |    9 | 9925552570@qq.com | tom107987 |
| 499576 |    9 | 9925566391@qq.com | tom196992 |
| 499577 |    9 | 9925685603@qq.com | tom382000 |
| 499578 |    9 | 9926217086@qq.com | tom28061  |
| 499579 |    9 | 9926301786@qq.com | tom390879 |
| 499580 |    9 | 9926470270@qq.com | tom386946 |
| 499581 |    9 | 9926657864@qq.com | tom205380 |
| 499582 |    9 | 9926790170@qq.com | tom329265 |
| 499583 |    9 | 9926855790@qq.com | tom134173 |
| 499584 |    9 | 9926967564@qq.com | tom111152 |
| 499585 |    9 | 9926987452@qq.com | tom143992 |
| 499586 |    9 | 9927269856@qq.com | tom448007 |
| 499587 |    9 | 9927724788@qq.com | tom241674 |
| 499588 |    9 | 9928258311@qq.com | tom1770   |
| 499589 |    9 | 9928370744@qq.com | tom391526 |
| 499590 |    9 | 9928393183@qq.com | tom297887 |
| 499591 |    9 | 9928398429@qq.com | tom146278 |
| 499592 |    9 | 9928453295@qq.com | tom494957 |
| 499593 |    9 | 9928804417@qq.com | tom416212 |
| 499594 |    9 | 9929176218@qq.com | tom1140   |
| 499595 |    9 | 9929483450@qq.com | tom136210 |
| 499596 |    9 | 9929713229@qq.com | tom325931 |
| 499597 |    9 | 9929833251@qq.com | tom13728  |
| 499598 |    9 | 9929862255@qq.com | tom336703 |
| 499599 |    9 | 9930011260@qq.com | tom101280 |
| 499600 |    9 | 9930136966@qq.com | tom388536 |
| 499601 |    9 | 9930186245@qq.com | tom66144  |
| 499602 |    9 | 9930211252@qq.com | tom188880 |
| 499603 |    9 | 9930441394@qq.com | tom220642 |
| 499604 |    9 | 9930644492@qq.com | tom198099 |
| 499605 |    9 | 9930913258@qq.com | tom110838 |
| 499606 |    9 | 9930921888@qq.com | tom251984 |
| 499607 |    9 | 9931061162@qq.com | tom70461  |
| 499608 |    9 | 9931207691@qq.com | tom363339 |
| 499609 |    9 | 9931291952@qq.com | tom346591 |
| 499610 |    9 | 9931423484@qq.com | tom330860 |
| 499611 |    9 | 9931685335@qq.com | tom372584 |
| 499612 |    9 | 9932055120@qq.com | tom477770 |
| 499613 |    9 | 9932161025@qq.com | tom326527 |
| 499614 |    9 | 9932189643@qq.com | tom492841 |
| 499615 |    9 | 9932229122@qq.com | tom383685 |
| 499616 |    9 | 9932345920@qq.com | tom324674 |
| 499617 |    9 | 9932755878@qq.com | tom459710 |
| 499618 |    9 | 9932842397@qq.com | tom221660 |
| 499619 |    9 | 9933003655@qq.com | tom201277 |
| 499620 |    9 | 9933230647@qq.com | tom172967 |
| 499621 |    9 | 9933473629@qq.com | tom329900 |
| 499622 |    9 | 9933505754@qq.com | tom49659  |
| 499623 |    9 | 9933579477@qq.com | tom340403 |
| 499624 |    9 | 9933661670@qq.com | tom58938  |
| 499625 |    9 | 9933670111@qq.com | tom350485 |
| 499626 |    9 | 9933776320@qq.com | tom429883 |
| 499627 |    9 | 9934082574@qq.com | tom208863 |
| 499628 |    9 | 9934258590@qq.com | tom172846 |
| 499629 |    9 | 9934306419@qq.com | tom494763 |
| 499630 |    9 | 9934310450@qq.com | tom23730  |
| 499631 |    9 | 9934355829@qq.com | tom387715 |
| 499632 |    9 | 9934434255@qq.com | tom237284 |
| 499633 |    9 | 9934522010@qq.com | tom347955 |
| 499634 |    9 | 9934536460@qq.com | tom135666 |
| 499635 |    9 | 9934686670@qq.com | tom106603 |
| 499636 |    9 | 9934762776@qq.com | tom198083 |
| 499637 |    9 | 9935031347@qq.com | tom168142 |
| 499638 |    9 | 9935230048@qq.com | tom125899 |
| 499639 |    9 | 9935351132@qq.com | tom20572  |
| 499640 |    9 | 9935367627@qq.com | tom265651 |
| 499641 |    9 | 9935377278@qq.com | tom186682 |
| 499642 |    9 | 9935779850@qq.com | tom204490 |
| 499643 |    9 | 9935803084@qq.com | tom440241 |
| 499644 |    9 | 9935936409@qq.com | tom90801  |
| 499645 |    9 | 9936207988@qq.com | tom414036 |
| 499646 |    9 | 9936212546@qq.com | tom152444 |
| 499647 |    9 | 9936257978@qq.com | tom202285 |
| 499648 |    9 | 9936470963@qq.com | tom110819 |
| 499649 |    9 | 9936504009@qq.com | tom312916 |
| 499650 |    9 | 9936714115@qq.com | tom118169 |
| 499651 |    9 | 9936841444@qq.com | tom485223 |
| 499652 |    9 | 9936862630@qq.com | tom410542 |
| 499653 |    9 | 9936994576@qq.com | tom341281 |
| 499654 |    9 | 9937107879@qq.com | tom424992 |
| 499655 |    9 | 9937287108@qq.com | tom65991  |
| 499656 |    9 | 9937404637@qq.com | tom126499 |
| 499657 |    9 | 9937694740@qq.com | tom282150 |
| 499658 |    9 | 9938080397@qq.com | tom438576 |
| 499659 |    9 | 9938285757@qq.com | tom308916 |
| 499660 |    9 | 9938326016@qq.com | tom174393 |
| 499661 |    9 | 9938753672@qq.com | tom336876 |
| 499662 |    9 | 9939340741@qq.com | tom141077 |
| 499663 |    9 | 9939432410@qq.com | tom92387  |
| 499664 |    9 | 9939582939@qq.com | tom467665 |
| 499665 |    9 | 9939647839@qq.com | tom453128 |
| 499666 |    9 | 9939822276@qq.com | tom25178  |
| 499667 |    9 | 9939843060@qq.com | tom139023 |
| 499668 |    9 | 9939859571@qq.com | tom430464 |
| 499669 |    9 | 9940190023@qq.com | tom203616 |
| 499670 |    9 | 9940325504@qq.com | tom221596 |
| 499671 |    9 | 9940325809@qq.com | tom120677 |
| 499672 |    9 | 9940594058@qq.com | tom62134  |
| 499673 |    9 | 9940644137@qq.com | tom118545 |
| 499674 |    9 | 9940688163@qq.com | tom433557 |
| 499675 |    9 | 9941338574@qq.com | tom85200  |
| 499676 |    9 | 9941382578@qq.com | tom349104 |
| 499677 |    9 | 9941514407@qq.com | tom179410 |
| 499678 |    9 | 9941631601@qq.com | tom126895 |
| 499679 |    9 | 9941711061@qq.com | tom158678 |
| 499680 |    9 | 9941712284@qq.com | tom448442 |
| 499681 |    9 | 9942047209@qq.com | tom360270 |
| 499682 |    9 | 9942368403@qq.com | tom8589   |
| 499683 |    9 | 9942676045@qq.com | tom312540 |
| 499684 |    9 | 9942801969@qq.com | tom268001 |
| 499685 |    9 | 9943119441@qq.com | tom277248 |
| 499686 |    9 | 9943401694@qq.com | tom242091 |
| 499687 |    9 | 9943480722@qq.com | tom452370 |
| 499688 |    9 | 9943771347@qq.com | tom357029 |
| 499689 |    9 | 9944185782@qq.com | tom321998 |
| 499690 |    9 | 9944431219@qq.com | tom365390 |
| 499691 |    9 | 9944587908@qq.com | tom159616 |
| 499692 |    9 | 9944639146@qq.com | tom344390 |
| 499693 |    9 | 9944657428@qq.com | tom144894 |
| 499694 |    9 | 9944879117@qq.com | tom489354 |
| 499695 |    9 | 9945127637@qq.com | tom456155 |
| 499696 |    9 | 9945529996@qq.com | tom28229  |
| 499697 |    9 | 9945633017@qq.com | tom331641 |
| 499698 |    9 | 9946621042@qq.com | tom401877 |
| 499699 |    9 | 9946856777@qq.com | tom3373   |
| 499700 |    9 | 9947090796@qq.com | tom458341 |
| 499701 |    9 | 9947238124@qq.com | tom230305 |
| 499702 |    9 | 9947262069@qq.com | tom412072 |
| 499703 |    9 | 9947869107@qq.com | tom143744 |
| 499704 |    9 | 9948112091@qq.com | tom221462 |
| 499705 |    9 | 9948336065@qq.com | tom56944  |
| 499706 |    9 | 9948403091@qq.com | tom72093  |
| 499707 |    9 | 9948583971@qq.com | tom169488 |
| 499708 |    9 | 9948722006@qq.com | tom64039  |
| 499709 |    9 | 9949072197@qq.com | tom358923 |
| 499710 |    9 | 9949089648@qq.com | tom8136   |
| 499711 |    9 | 9949110013@qq.com | tom323583 |
| 499712 |    9 | 9949141256@qq.com | tom45090  |
| 499713 |    9 | 9949161334@qq.com | tom10257  |
| 499714 |    9 | 9949281965@qq.com | tom428835 |
| 499715 |    9 | 9949819537@qq.com | tom33356  |
| 499716 |    9 | 9949842523@qq.com | tom51432  |
| 499717 |    9 | 9950061086@qq.com | tom68961  |
| 499718 |    9 | 9950125539@qq.com | tom393121 |
| 499719 |    9 | 9950143687@qq.com | tom118654 |
| 499720 |    9 | 9950158071@qq.com | tom399204 |
| 499721 |    9 | 9950366526@qq.com | tom235935 |
| 499722 |    9 | 9950782150@qq.com | tom498228 |
| 499723 |    9 | 9950954215@qq.com | tom453006 |
| 499724 |    9 | 9951083283@qq.com | tom175735 |
| 499725 |    9 | 9951129423@qq.com | tom212180 |
| 499726 |    9 | 9951260318@qq.com | tom164820 |
| 499727 |    9 | 9951356434@qq.com | tom174797 |
| 499728 |    9 | 9951536118@qq.com | tom229609 |
| 499729 |    9 | 9951566194@qq.com | tom71042  |
| 499730 |    9 | 9951738698@qq.com | tom330713 |
| 499731 |    9 | 9951941545@qq.com | tom97375  |
| 499732 |    9 | 9952474727@qq.com | tom191748 |
| 499733 |    9 | 9952563543@qq.com | tom302750 |
| 499734 |    9 | 9952646358@qq.com | tom236430 |
| 499735 |    9 | 9952648380@qq.com | tom432292 |
| 499736 |    9 | 9952651697@qq.com | tom387219 |
| 499737 |    9 | 9952687271@qq.com | tom51859  |
| 499738 |    9 | 9952866942@qq.com | tom435426 |
| 499739 |    9 | 9952919648@qq.com | tom379903 |
| 499740 |    9 | 9952924224@qq.com | tom475996 |
| 499741 |    9 | 9952938791@qq.com | tom329570 |
| 499742 |    9 | 9953088491@qq.com | tom386800 |
| 499743 |    9 | 9953341984@qq.com | tom464189 |
| 499744 |    9 | 9953598306@qq.com | tom122812 |
| 499745 |    9 | 9953671040@qq.com | tom19207  |
| 499746 |    9 | 9953737762@qq.com | tom3571   |
| 499747 |    9 | 9953826881@qq.com | tom154639 |
| 499748 |    9 | 9954050750@qq.com | tom151282 |
| 499749 |    9 | 9954056255@qq.com | tom109942 |
| 499750 |    9 | 9954489530@qq.com | tom63937  |
| 499751 |    9 | 9954535161@qq.com | tom283426 |
| 499752 |    9 | 9954862697@qq.com | tom466446 |
| 499753 |    9 | 9955366879@qq.com | tom434302 |
| 499754 |    9 | 9955633063@qq.com | tom28623  |
| 499755 |    9 | 9955721509@qq.com | tom181665 |
| 499756 |    9 | 9956166182@qq.com | tom491862 |
| 499757 |    9 | 9956346687@qq.com | tom277366 |
| 499758 |    9 | 9956450149@qq.com | tom302739 |
| 499759 |    9 | 9956463104@qq.com | tom207533 |
| 499760 |    9 | 9956657162@qq.com | tom66504  |
| 499761 |    9 | 9956864556@qq.com | tom409124 |
| 499762 |    9 | 9957792942@qq.com | tom10081  |
| 499763 |    9 | 9958022861@qq.com | tom113773 |
| 499764 |    9 | 9958231819@qq.com | tom478183 |
| 499765 |    9 | 9958282901@qq.com | tom346650 |
| 499766 |    9 | 9958340610@qq.com | tom278559 |
| 499767 |    9 | 9958350860@qq.com | tom99873  |
| 499768 |    9 | 9958500342@qq.com | tom199931 |
| 499769 |    9 | 9958788020@qq.com | tom277312 |
| 499770 |    9 | 9959102454@qq.com | tom447546 |
| 499771 |    9 | 9959174536@qq.com | tom346101 |
| 499772 |    9 | 9959329186@qq.com | tom62078  |
| 499773 |    9 | 9959363903@qq.com | tom298621 |
| 499774 |    9 | 9959809870@qq.com | tom184651 |
| 499775 |    9 | 9959821696@qq.com | tom177884 |
| 499776 |    9 | 9959843678@qq.com | tom378747 |
| 499777 |    9 | 9959854864@qq.com | tom40238  |
| 499778 |    9 | 9959858625@qq.com | tom251853 |
| 499779 |    9 | 9959927606@qq.com | tom200831 |
| 499780 |    9 | 9960168452@qq.com | tom329478 |
| 499781 |    9 | 9960512983@qq.com | tom439779 |
| 499782 |    9 | 9960594148@qq.com | tom290877 |
| 499783 |    9 | 9960676651@qq.com | tom472671 |
| 499784 |    9 | 9960805209@qq.com | tom226701 |
| 499785 |    9 | 9961178151@qq.com | tom250791 |
| 499786 |    9 | 9961336697@qq.com | tom237986 |
| 499787 |    9 | 9961383476@qq.com | tom49575  |
| 499788 |    9 | 9961477491@qq.com | tom238840 |
| 499789 |    9 | 9961499100@qq.com | tom164974 |
| 499790 |    9 | 9961634529@qq.com | tom212147 |
| 499791 |    9 | 9961742691@qq.com | tom368412 |
| 499792 |    9 | 9961876268@qq.com | tom148455 |
| 499793 |    9 | 9962011478@qq.com | tom459751 |
| 499794 |    9 | 9962432512@qq.com | tom150053 |
| 499795 |    9 | 9962513024@qq.com | tom1295   |
| 499796 |    9 | 9962549328@qq.com | tom143422 |
| 499797 |    9 | 9962564441@qq.com | tom355266 |
| 499798 |    9 | 9962818590@qq.com | tom42001  |
| 499799 |    9 | 9963166566@qq.com | tom400105 |
| 499800 |    9 | 9963279540@qq.com | tom324060 |
| 499801 |    9 | 9963400010@qq.com | tom355945 |
| 499802 |    9 | 9963425484@qq.com | tom349456 |
| 499803 |    9 | 9964198965@qq.com | tom132899 |
| 499804 |    9 | 9964212200@qq.com | tom308751 |
| 499805 |    9 | 9964257587@qq.com | tom334671 |
| 499806 |    9 | 9964407765@qq.com | tom277406 |
| 499807 |    9 | 9964438421@qq.com | tom317634 |
| 499808 |    9 | 9964486608@qq.com | tom211777 |
| 499809 |    9 | 9964831826@qq.com | tom290116 |
| 499810 |    9 | 9964951930@qq.com | tom247818 |
| 499811 |    9 | 9965029899@qq.com | tom147389 |
| 499812 |    9 | 9965288693@qq.com | tom433257 |
| 499813 |    9 | 9965314198@qq.com | tom246221 |
| 499814 |    9 | 9965727994@qq.com | tom200847 |
| 499815 |    9 | 9965762555@qq.com | tom358545 |
| 499816 |    9 | 9965783841@qq.com | tom1890   |
| 499817 |    9 | 9965958127@qq.com | tom42739  |
| 499818 |    9 | 9966245650@qq.com | tom324490 |
| 499819 |    9 | 9966473352@qq.com | tom57343  |
| 499820 |    9 | 9966571155@qq.com | tom300713 |
| 499821 |    9 | 9966661081@qq.com | tom229719 |
| 499822 |    9 | 9967039506@qq.com | tom114721 |
| 499823 |    9 | 9967416074@qq.com | tom302416 |
| 499824 |    9 | 9967701849@qq.com | tom405387 |
| 499825 |    9 | 9967785463@qq.com | tom134468 |
| 499826 |    9 | 9967923414@qq.com | tom3346   |
| 499827 |    9 | 9967947080@qq.com | tom151234 |
| 499828 |    9 | 9968163374@qq.com | tom67     |
| 499829 |    9 | 9968276838@qq.com | tom214953 |
| 499830 |    9 | 9968543115@qq.com | tom43771  |
| 499831 |    9 | 9968784384@qq.com | tom384794 |
| 499832 |    9 | 9969098479@qq.com | tom16552  |
| 499833 |    9 | 9969167653@qq.com | tom138150 |
| 499834 |    9 | 9969199517@qq.com | tom127733 |
| 499835 |    9 | 9969325907@qq.com | tom20368  |
| 499836 |    9 | 9969423398@qq.com | tom227001 |
| 499837 |    9 | 9969675183@qq.com | tom125055 |
| 499838 |    9 | 9969989914@qq.com | tom402171 |
| 499839 |    9 | 9970330855@qq.com | tom279510 |
| 499840 |    9 | 9970336046@qq.com | tom216715 |
| 499841 |    9 | 9970724452@qq.com | tom424099 |
| 499842 |    9 | 9970802321@qq.com | tom82319  |
| 499843 |    9 | 9971220517@qq.com | tom80893  |
| 499844 |    9 | 9971503042@qq.com | tom441532 |
| 499845 |    9 | 9971508987@qq.com | tom494700 |
| 499846 |    9 | 9971567478@qq.com | tom260317 |
| 499847 |    9 | 9971920492@qq.com | tom260976 |
| 499848 |    9 | 9972131562@qq.com | tom100641 |
| 499849 |    9 | 9972177331@qq.com | tom455299 |
| 499850 |    9 | 9972226743@qq.com | tom449127 |
| 499851 |    9 | 9972527560@qq.com | tom297644 |
| 499852 |    9 | 9972571836@qq.com | tom322279 |
| 499853 |    9 | 9972954954@qq.com | tom465299 |
| 499854 |    9 | 9973113111@qq.com | tom170702 |
| 499855 |    9 | 9973298177@qq.com | tom192932 |
| 499856 |    9 | 9973942198@qq.com | tom197821 |
| 499857 |    9 | 9974077964@qq.com | tom95271  |
| 499858 |    9 | 9974173387@qq.com | tom375499 |
| 499859 |    9 | 9974280113@qq.com | tom96366  |
| 499860 |    9 | 9974491223@qq.com | tom367078 |
| 499861 |    9 | 9974590642@qq.com | tom219648 |
| 499862 |    9 | 9974794961@qq.com | tom119036 |
| 499863 |    9 | 9975071779@qq.com | tom172456 |
| 499864 |    9 | 9975133365@qq.com | tom333539 |
| 499865 |    9 | 9975374576@qq.com | tom178318 |
| 499866 |    9 | 9975559906@qq.com | tom265735 |
| 499867 |    9 | 9975748621@qq.com | tom113314 |
| 499868 |    9 | 9975803248@qq.com | tom427420 |
| 499869 |    9 | 9975896380@qq.com | tom424132 |
| 499870 |    9 | 9975970808@qq.com | tom21299  |
| 499871 |    9 | 9976079120@qq.com | tom492459 |
| 499872 |    9 | 9976435865@qq.com | tom176629 |
| 499873 |    9 | 9976525104@qq.com | tom122541 |
| 499874 |    9 | 9976847097@qq.com | tom335075 |
| 499875 |    9 | 9976883869@qq.com | tom193525 |
| 499876 |    9 | 9976988513@qq.com | tom183661 |
| 499877 |    9 | 9977526999@qq.com | tom83736  |
| 499878 |    9 | 9977566591@qq.com | tom69995  |
| 499879 |    9 | 9978040218@qq.com | tom398709 |
| 499880 |    9 | 9978252991@qq.com | tom418583 |
| 499881 |    9 | 9978372345@qq.com | tom199837 |
| 499882 |    9 | 9978406475@qq.com | tom128418 |
| 499883 |    9 | 9978547314@qq.com | tom185077 |
| 499884 |    9 | 9978653425@qq.com | tom129031 |
| 499885 |    9 | 9978798277@qq.com | tom95629  |
| 499886 |    9 | 9979028179@qq.com | tom1647   |
| 499887 |    9 | 9979191393@qq.com | tom85411  |
| 499888 |    9 | 9979276217@qq.com | tom403180 |
| 499889 |    9 | 9979543675@qq.com | tom46992  |
| 499890 |    9 | 9979652227@qq.com | tom313992 |
| 499891 |    9 | 9979901878@qq.com | tom230423 |
| 499892 |    9 | 9980164001@qq.com | tom252674 |
| 499893 |    9 | 9980259130@qq.com | tom367676 |
| 499894 |    9 | 9980338820@qq.com | tom58813  |
| 499895 |    9 | 9980546199@qq.com | tom251056 |
| 499896 |    9 | 9980656169@qq.com | tom139298 |
| 499897 |    9 | 9980687059@qq.com | tom443128 |
| 499898 |    9 | 9981027201@qq.com | tom297376 |
| 499899 |    9 | 9981109720@qq.com | tom22722  |
| 499900 |    9 | 9981449667@qq.com | tom110757 |
| 499901 |    9 | 9981506429@qq.com | tom301350 |
| 499902 |    9 | 9981623274@qq.com | tom356740 |
| 499903 |    9 | 9981983942@qq.com | tom414246 |
| 499904 |    9 | 9982091250@qq.com | tom225396 |
| 499905 |    9 | 9983087308@qq.com | tom171983 |
| 499906 |    9 | 9983104902@qq.com | tom425892 |
| 499907 |    9 | 9983166822@qq.com | tom77905  |
| 499908 |    9 | 9983281987@qq.com | tom409198 |
| 499909 |    9 | 9983434290@qq.com | tom441458 |
| 499910 |    9 | 9983461134@qq.com | tom151667 |
| 499911 |    9 | 9984176701@qq.com | tom154764 |
| 499912 |    9 | 9984204548@qq.com | tom134189 |
| 499913 |    9 | 9984261492@qq.com | tom382030 |
| 499914 |    9 | 9984378758@qq.com | tom234472 |
| 499915 |    9 | 9984611631@qq.com | tom395578 |
| 499916 |    9 | 9984702820@qq.com | tom295799 |
| 499917 |    9 | 9984813040@qq.com | tom250134 |
| 499918 |    9 | 9984985148@qq.com | tom349632 |
| 499919 |    9 | 9985302906@qq.com | tom399763 |
| 499920 |    9 | 9985698896@qq.com | tom339028 |
| 499921 |    9 | 9985874910@qq.com | tom295952 |
| 499922 |    9 | 9985985491@qq.com | tom90358  |
| 499923 |    9 | 9986305749@qq.com | tom189290 |
| 499924 |    9 | 9986366733@qq.com | tom120915 |
| 499925 |    9 | 9986619533@qq.com | tom289070 |
| 499926 |    9 | 9986807002@qq.com | tom127932 |
| 499927 |    9 | 9986901043@qq.com | tom379278 |
| 499928 |    9 | 9987047123@qq.com | tom7945   |
| 499929 |    9 | 9987276293@qq.com | tom394178 |
| 499930 |    9 | 9987308836@qq.com | tom332272 |
| 499931 |    9 | 9987412454@qq.com | tom54219  |
| 499932 |    9 | 9987545884@qq.com | tom414546 |
| 499933 |    9 | 9987618457@qq.com | tom368244 |
| 499934 |    9 | 9987965051@qq.com | tom329962 |
| 499935 |    9 | 9988053602@qq.com | tom114111 |
| 499936 |    9 | 9988080538@qq.com | tom347746 |
| 499937 |    9 | 9988959432@qq.com | tom389174 |
| 499938 |    9 | 9989286725@qq.com | tom334825 |
| 499939 |    9 | 9989310593@qq.com | tom302651 |
| 499940 |    9 | 9990042886@qq.com | tom477861 |
| 499941 |    9 | 9990260658@qq.com | tom181425 |
| 499942 |    9 | 9990418927@qq.com | tom469841 |
| 499943 |    9 | 9990431382@qq.com | tom215544 |
| 499944 |    9 | 9990574050@qq.com | tom150107 |
| 499945 |    9 | 9990625120@qq.com | tom463957 |
| 499946 |    9 | 9990882669@qq.com | tom186002 |
| 499947 |    9 | 9991070441@qq.com | tom202301 |
| 499948 |    9 | 9991133203@qq.com | tom317783 |
| 499949 |    9 | 9991187975@qq.com | tom497454 |
| 499950 |    9 | 9991327249@qq.com | tom264995 |
| 499951 |    9 | 9991374119@qq.com | tom366138 |
| 499952 |    9 | 9991471285@qq.com | tom376541 |
| 499953 |    9 | 9991471836@qq.com | tom120401 |
| 499954 |    9 | 9991520753@qq.com | tom277051 |
| 499955 |    9 | 9991959293@qq.com | tom34174  |
| 499956 |    9 | 9992154664@qq.com | tom215995 |
| 499957 |    9 | 9992228084@qq.com | tom350999 |
| 499958 |    9 | 9992809456@qq.com | tom93450  |
| 499959 |    9 | 9993244379@qq.com | tom60050  |
| 499960 |    9 | 9993515755@qq.com | tom31077  |
| 499961 |    9 | 9993806114@qq.com | tom370160 |
| 499962 |    9 | 9993879509@qq.com | tom202837 |
| 499963 |    9 | 9994015390@qq.com | tom415216 |
| 499964 |    9 | 9994282439@qq.com | tom341792 |
| 499965 |    9 | 9994288156@qq.com | tom107981 |
| 499966 |    9 | 9994574339@qq.com | tom18377  |
| 499967 |    9 | 9994971464@qq.com | tom189196 |
| 499968 |    9 | 9995015063@qq.com | tom320407 |
| 499969 |    9 | 9995166817@qq.com | tom310220 |
| 499970 |    9 | 9995174247@qq.com | tom360056 |
| 499971 |    9 | 9995386912@qq.com | tom67463  |
| 499972 |    9 | 9995497881@qq.com | tom194924 |
| 499973 |    9 | 9995554547@qq.com | tom126530 |
| 499974 |    9 | 9995802983@qq.com | tom465915 |
| 499975 |    9 | 9995977309@qq.com | tom397712 |
| 499976 |    9 | 9996012374@qq.com | tom462022 |
| 499977 |    9 | 9996017041@qq.com | tom322734 |
| 499978 |    9 | 9996134214@qq.com | tom119769 |
| 499979 |    9 | 9996272317@qq.com | tom186305 |
| 499980 |    9 | 9996438960@qq.com | tom273556 |
| 499981 |    9 | 9996655294@qq.com | tom106123 |
| 499982 |    9 | 9996664041@qq.com | tom189693 |
| 499983 |    9 | 9996712903@qq.com | tom130203 |
| 499984 |    9 | 9996948039@qq.com | tom374189 |
| 499985 |    9 | 9996970024@qq.com | tom220973 |
| 499986 |    9 | 9997117109@qq.com | tom417378 |
| 499987 |    9 | 9997369314@qq.com | tom369207 |
| 499988 |    9 | 9997419625@qq.com | tom109010 |
| 499989 |    9 | 9997511397@qq.com | tom375015 |
| 499990 |    9 | 9997718733@qq.com | tom498988 |
| 499991 |    9 | 9997944498@qq.com | tom261221 |
| 499992 |    9 | 9998436512@qq.com | tom76644  |
| 499993 |    9 | 9998606325@qq.com | tom71476  |
| 499994 |    9 | 9998924677@qq.com | tom463206 |
| 499995 |    9 | 9998991101@qq.com | tom15616  |
| 499996 |    9 | 9999115033@qq.com | tom477384 |
| 499997 |    9 | 9999273108@qq.com | tom288694 |
| 499998 |    9 | 9999339309@qq.com | tom55038  |
| 499999 |    9 | 9999479623@qq.com | tom245103 |
| 500000 |    9 | 9999580525@qq.com | tom408233 |
+--------+------+-------------------+-----------+
221902 rows in set (0.31 sec)

mysql> select age ,count(*) from student group by age;
+------+----------+
| age  | count(*) |
+------+----------+
|    1 |    55625 |
|    2 |    55290 |
|    3 |    55761 |
|    4 |    55672 |
|    5 |    55750 |
|    6 |    55565 |
|    7 |    55243 |
|    8 |    55682 |
|    9 |    55412 |
+------+----------+
9 rows in set (0.28 sec)

mysql> select age ,count(*),name from student group by age;
ERROR 1055 (42000): Expression #3 of SELECT list is not in GROUP BY clause and contains nonaggregated column 'sj.student.name' which is not functionally dependent on columns in GROUP BY clause; this is incompatible with sql_mode=only_full_group_by
mysql> select age ,count(*),2000 from student group by age;
+------+----------+------+
| age  | count(*) | 2000 |
+------+----------+------+
|    1 |    55625 | 2000 |
|    2 |    55290 | 2000 |
|    3 |    55761 | 2000 |
|    4 |    55672 | 2000 |
|    5 |    55750 | 2000 |
|    6 |    55565 | 2000 |
|    7 |    55243 | 2000 |
|    8 |    55682 | 2000 |
|    9 |    55412 | 2000 |
+------+----------+------+
9 rows in set (0.24 sec)

mysql> use bj1904;
Reading table information for completion of table and column names
You can turn off this feature to get a quicker startup with -A

Database changed
mysql> select * from studeng;
ERROR 1146 (42S02): Table 'bj1904.studeng' doesn't exist
mysql> select * from student;
+------+-----------+------+------------+--------+
| sno  | sname     | ssex | sbirthday  | sclass |
+------+-----------+------+------------+--------+
| 0001 | 张三      | 男   | 1999-05-21 | 1901   |
| 0002 | 李四      | 男   | 1999-05-21 | 1902   |
| 0003 | 王五      | 男   | 1999-05-21 | 1902   |
| 0004 | 赵六      | 男   | NULL       | 1903   |
| 0005 | 玲珑      | 女   | 1992-04-09 | 1904   |
| 0006 | 小坤      | 女   | 1996-09-21 | 1903   |
| 0007 | 曾华      | 男   | NULL       | NULL   |
| 0008 | 裘千尺    | 男   | NULL       | 1903   |
+------+-----------+------+------------+--------+
8 rows in set (0.00 sec)

mysql> select sbirthday,count(*) from student group by sbirthday;
+------------+----------+
| sbirthday  | count(*) |
+------------+----------+
| NULL       |        3 |
| 1992-04-09 |        1 |
| 1996-09-21 |        1 |
| 1999-05-21 |        3 |
+------------+----------+
4 rows in set (0.00 sec)

mysql> select sbirthday,count(*) from student group by sbirthday having count(*) > 1;
+------------+----------+
| sbirthday  | count(*) |
+------------+----------+
| NULL       |        3 |
| 1999-05-21 |        3 |
+------------+----------+
2 rows in set (0.01 sec)

mysql> show variables like 'character%';
+--------------------------+----------------------------+
| Variable_name            | Value                      |
+--------------------------+----------------------------+
| character_set_client     | utf8                       |
| character_set_connection | utf8                       |
| character_set_database   | utf8                       |
| character_set_filesystem | binary                     |
| character_set_results    | utf8                       |
| character_set_server     | latin1                     |
| character_set_system     | utf8                       |
| character_sets_dir       | /usr/share/mysql/charsets/ |
+--------------------------+----------------------------+
8 rows in set (0.01 sec)

mysql> show variables like 'character%';
ERROR 2006 (HY000): MySQL server has gone away
No connection. Trying to reconnect...
Connection id:    3
Current database: bj1904

+--------------------------+----------------------------+
| Variable_name            | Value                      |
+--------------------------+----------------------------+
| character_set_client     | utf8                       |
| character_set_connection | utf8                       |
| character_set_database   | utf8                       |
| character_set_filesystem | binary                     |
| character_set_results    | utf8                       |
| character_set_server     | utf8                       |
| character_set_system     | utf8                       |
| character_sets_dir       | /usr/share/mysql/charsets/ |
+--------------------------+----------------------------+
8 rows in set (0.04 sec)

mysql> quit
Bye
python1@ubuntu:~/Desktop/course/bj1904/7$ ssh sslcheese@10.0.128.185
sslcheese@10.0.128.185's password: 
Permission denied, please try again.
sslcheese@10.0.128.185's password: 
Welcome to Ubuntu 16.04.2 LTS (GNU/Linux 4.10.0-33-generic x86_64)

 * Documentation:  https://help.ubuntu.com
 * Management:     https://landscape.canonical.com
 * Support:        https://ubuntu.com/advantage

272 个可升级软件包。
2 个安全更新。

Last login: Tue May 21 10:29:07 2019 from 10.0.128.199
$ bash
sslcheese@HZX-PC:~$ mysql -uroot -p
Enter password: 
Welcome to the MySQL monitor.  Commands end with ; or \g.
Your MySQL connection id is 4
Server version: 5.7.26-0ubuntu0.16.04.1 (Ubuntu)

Copyright (c) 2000, 2019, Oracle and/or its affiliates. All rights reserved.

Oracle is a registered trademark of Oracle Corporation and/or its
affiliates. Other names may be trademarks of their respective
owners.

Type 'help;' or '\h' for help. Type '\c' to clear the current input statement.

mysql> show databaess;
ERROR 1064 (42000): You have an error in your SQL syntax; check the manual that corresponds to your MySQL server version for the right syntax to use near 'databaess' at line 1
mysql> show databaes;
ERROR 1064 (42000): You have an error in your SQL syntax; check the manual that corresponds to your MySQL server version for the right syntax to use near 'databaes' at line 1
mysql> show databases;
+--------------------+
| Database           |
+--------------------+
| information_schema |
| bj1904             |
| bj19041            |
| homework           |
| mysql              |
| performance_schema |
| sys                |
+--------------------+
7 rows in set (0.16 sec)

mysql> use homework;
Reading table information for completion of table and column names
You can turn off this feature to get a quicker startup with -A

Database changed
mysql> show tables;
+--------------------+
| Tables_in_homework |
+--------------------+
| course             |
| grade              |
| rank               |
| student            |
| teacher            |
+--------------------+
5 rows in set (0.00 sec)

mysql> select * from grade;
+-----+-------+--------+
| sno | cno   | degree |
+-----+-------+--------+
| 101 | 3-105 |     64 |
| 101 | 6-166 |     85 |
| 103 | 3-105 |     92 |
| 103 | 3-245 |     86 |
| 105 | 3-105 |     88 |
| 105 | 3-245 |     75 |
| 107 | 3-105 |     91 |
| 107 | 6-106 |     79 |
| 108 | 3-105 |     78 |
| 109 | 3-105 |     76 |
| 109 | 3-245 |     68 |
+-----+-------+--------+
11 rows in set (0.00 sec)

mysql> select * from student;
+-----+--------+------+---------------------+-------+
| sno | sname  | ssex | sbirthday           | class |
+-----+--------+------+---------------------+-------+
| 101 | 李军   | 男   | 1976-02-20 00:00:00 | 95033 |
| 103 | 陆君   | 男   | 1974-06-03 00:00:00 | 95031 |
| 105 | 匡明   | 男   | 1975-10-02 00:00:00 | 95031 |
| 107 | 王丽   | 女   | 1976-01-23 00:00:00 | 95033 |
| 108 | 曾华   | 男   | 1977-09-01 00:00:00 | 95033 |
| 109 | 王芳   | 女   | 1975-02-10 00:00:00 | 95031 |
+-----+--------+------+---------------------+-------+
6 rows in set (0.00 sec)

mysql> select sname from student where sno in (select sno from grade where degree>=90);
+--------+
| sname  |
+--------+
| 陆君   |
| 王丽   |
+--------+
2 rows in set (0.35 sec)

mysql> select sno from grade where degree>=90;
+-----+
| sno |
+-----+
| 103 |
| 107 |
+-----+
2 rows in set (0.00 sec)

mysql> select * from grade;
+-----+-------+--------+
| sno | cno   | degree |
+-----+-------+--------+
| 101 | 3-105 |     64 |
| 101 | 6-166 |     85 |
| 103 | 3-105 |     92 |
| 103 | 3-245 |     86 |
| 105 | 3-105 |     88 |
| 105 | 3-245 |     75 |
| 107 | 3-105 |     91 |
| 107 | 6-106 |     79 |
| 108 | 3-105 |     78 |
| 109 | 3-105 |     76 |
| 109 | 3-245 |     68 |
+-----+-------+--------+
11 rows in set (0.00 sec)

mysql> insert into grade values('101','3-245',92);
Query OK, 1 row affected (0.01 sec)

mysql> select max(degree) from grade;
+-------------+
| max(degree) |
+-------------+
|          92 |
+-------------+
1 row in set (0.01 sec)

mysql> select * from grade where degree = (select max(degree) from grade);
+-----+-------+--------+
| sno | cno   | degree |
+-----+-------+--------+
| 101 | 3-245 |     92 |
| 103 | 3-105 |     92 |
+-----+-------+--------+
2 rows in set (0.00 sec)

mysql> select * from student;
+-----+--------+------+---------------------+-------+
| sno | sname  | ssex | sbirthday           | class |
+-----+--------+------+---------------------+-------+
| 101 | 李军   | 男   | 1976-02-20 00:00:00 | 95033 |
| 103 | 陆君   | 男   | 1974-06-03 00:00:00 | 95031 |
| 105 | 匡明   | 男   | 1975-10-02 00:00:00 | 95031 |
| 107 | 王丽   | 女   | 1976-01-23 00:00:00 | 95033 |
| 108 | 曾华   | 男   | 1977-09-01 00:00:00 | 95033 |
| 109 | 王芳   | 女   | 1975-02-10 00:00:00 | 95031 |
+-----+--------+------+---------------------+-------+
6 rows in set (0.00 sec)

mysql> select * from (select * from student where class='95031');
ERROR 1248 (42000): Every derived table must have its own alias
mysql> select * from (select * from student where class='95031') t;
+-----+--------+------+---------------------+-------+
| sno | sname  | ssex | sbirthday           | class |
+-----+--------+------+---------------------+-------+
| 103 | 陆君   | 男   | 1974-06-03 00:00:00 | 95031 |
| 105 | 匡明   | 男   | 1975-10-02 00:00:00 | 95031 |
| 109 | 王芳   | 女   | 1975-02-10 00:00:00 | 95031 |
+-----+--------+------+---------------------+-------+
3 rows in set (0.00 sec)

mysql> select * from (select * from student where class='95031') t where ssex='男';
+-----+--------+------+---------------------+-------+
| sno | sname  | ssex | sbirthday           | class |
+-----+--------+------+---------------------+-------+
| 103 | 陆君   | 男   | 1974-06-03 00:00:00 | 95031 |
| 105 | 匡明   | 男   | 1975-10-02 00:00:00 | 95031 |
+-----+--------+------+---------------------+-------+
2 rows in set (0.00 sec)

mysql> select * from student,grade;
+-----+--------+------+---------------------+-------+-----+-------+--------+
| sno | sname  | ssex | sbirthday           | class | sno | cno   | degree |
+-----+--------+------+---------------------+-------+-----+-------+--------+
| 101 | 李军   | 男   | 1976-02-20 00:00:00 | 95033 | 101 | 3-105 |     64 |
| 103 | 陆君   | 男   | 1974-06-03 00:00:00 | 95031 | 101 | 3-105 |     64 |
| 105 | 匡明   | 男   | 1975-10-02 00:00:00 | 95031 | 101 | 3-105 |     64 |
| 107 | 王丽   | 女   | 1976-01-23 00:00:00 | 95033 | 101 | 3-105 |     64 |
| 108 | 曾华   | 男   | 1977-09-01 00:00:00 | 95033 | 101 | 3-105 |     64 |
| 109 | 王芳   | 女   | 1975-02-10 00:00:00 | 95031 | 101 | 3-105 |     64 |
| 101 | 李军   | 男   | 1976-02-20 00:00:00 | 95033 | 101 | 3-245 |     92 |
| 103 | 陆君   | 男   | 1974-06-03 00:00:00 | 95031 | 101 | 3-245 |     92 |
| 105 | 匡明   | 男   | 1975-10-02 00:00:00 | 95031 | 101 | 3-245 |     92 |
| 107 | 王丽   | 女   | 1976-01-23 00:00:00 | 95033 | 101 | 3-245 |     92 |
| 108 | 曾华   | 男   | 1977-09-01 00:00:00 | 95033 | 101 | 3-245 |     92 |
| 109 | 王芳   | 女   | 1975-02-10 00:00:00 | 95031 | 101 | 3-245 |     92 |
| 101 | 李军   | 男   | 1976-02-20 00:00:00 | 95033 | 101 | 6-166 |     85 |
| 103 | 陆君   | 男   | 1974-06-03 00:00:00 | 95031 | 101 | 6-166 |     85 |
| 105 | 匡明   | 男   | 1975-10-02 00:00:00 | 95031 | 101 | 6-166 |     85 |
| 107 | 王丽   | 女   | 1976-01-23 00:00:00 | 95033 | 101 | 6-166 |     85 |
| 108 | 曾华   | 男   | 1977-09-01 00:00:00 | 95033 | 101 | 6-166 |     85 |
| 109 | 王芳   | 女   | 1975-02-10 00:00:00 | 95031 | 101 | 6-166 |     85 |
| 101 | 李军   | 男   | 1976-02-20 00:00:00 | 95033 | 103 | 3-105 |     92 |
| 103 | 陆君   | 男   | 1974-06-03 00:00:00 | 95031 | 103 | 3-105 |     92 |
| 105 | 匡明   | 男   | 1975-10-02 00:00:00 | 95031 | 103 | 3-105 |     92 |
| 107 | 王丽   | 女   | 1976-01-23 00:00:00 | 95033 | 103 | 3-105 |     92 |
| 108 | 曾华   | 男   | 1977-09-01 00:00:00 | 95033 | 103 | 3-105 |     92 |
| 109 | 王芳   | 女   | 1975-02-10 00:00:00 | 95031 | 103 | 3-105 |     92 |
| 101 | 李军   | 男   | 1976-02-20 00:00:00 | 95033 | 103 | 3-245 |     86 |
| 103 | 陆君   | 男   | 1974-06-03 00:00:00 | 95031 | 103 | 3-245 |     86 |
| 105 | 匡明   | 男   | 1975-10-02 00:00:00 | 95031 | 103 | 3-245 |     86 |
| 107 | 王丽   | 女   | 1976-01-23 00:00:00 | 95033 | 103 | 3-245 |     86 |
| 108 | 曾华   | 男   | 1977-09-01 00:00:00 | 95033 | 103 | 3-245 |     86 |
| 109 | 王芳   | 女   | 1975-02-10 00:00:00 | 95031 | 103 | 3-245 |     86 |
| 101 | 李军   | 男   | 1976-02-20 00:00:00 | 95033 | 105 | 3-105 |     88 |
| 103 | 陆君   | 男   | 1974-06-03 00:00:00 | 95031 | 105 | 3-105 |     88 |
| 105 | 匡明   | 男   | 1975-10-02 00:00:00 | 95031 | 105 | 3-105 |     88 |
| 107 | 王丽   | 女   | 1976-01-23 00:00:00 | 95033 | 105 | 3-105 |     88 |
| 108 | 曾华   | 男   | 1977-09-01 00:00:00 | 95033 | 105 | 3-105 |     88 |
| 109 | 王芳   | 女   | 1975-02-10 00:00:00 | 95031 | 105 | 3-105 |     88 |
| 101 | 李军   | 男   | 1976-02-20 00:00:00 | 95033 | 105 | 3-245 |     75 |
| 103 | 陆君   | 男   | 1974-06-03 00:00:00 | 95031 | 105 | 3-245 |     75 |
| 105 | 匡明   | 男   | 1975-10-02 00:00:00 | 95031 | 105 | 3-245 |     75 |
| 107 | 王丽   | 女   | 1976-01-23 00:00:00 | 95033 | 105 | 3-245 |     75 |
| 108 | 曾华   | 男   | 1977-09-01 00:00:00 | 95033 | 105 | 3-245 |     75 |
| 109 | 王芳   | 女   | 1975-02-10 00:00:00 | 95031 | 105 | 3-245 |     75 |
| 101 | 李军   | 男   | 1976-02-20 00:00:00 | 95033 | 107 | 3-105 |     91 |
| 103 | 陆君   | 男   | 1974-06-03 00:00:00 | 95031 | 107 | 3-105 |     91 |
| 105 | 匡明   | 男   | 1975-10-02 00:00:00 | 95031 | 107 | 3-105 |     91 |
| 107 | 王丽   | 女   | 1976-01-23 00:00:00 | 95033 | 107 | 3-105 |     91 |
| 108 | 曾华   | 男   | 1977-09-01 00:00:00 | 95033 | 107 | 3-105 |     91 |
| 109 | 王芳   | 女   | 1975-02-10 00:00:00 | 95031 | 107 | 3-105 |     91 |
| 101 | 李军   | 男   | 1976-02-20 00:00:00 | 95033 | 107 | 6-106 |     79 |
| 103 | 陆君   | 男   | 1974-06-03 00:00:00 | 95031 | 107 | 6-106 |     79 |
| 105 | 匡明   | 男   | 1975-10-02 00:00:00 | 95031 | 107 | 6-106 |     79 |
| 107 | 王丽   | 女   | 1976-01-23 00:00:00 | 95033 | 107 | 6-106 |     79 |
| 108 | 曾华   | 男   | 1977-09-01 00:00:00 | 95033 | 107 | 6-106 |     79 |
| 109 | 王芳   | 女   | 1975-02-10 00:00:00 | 95031 | 107 | 6-106 |     79 |
| 101 | 李军   | 男   | 1976-02-20 00:00:00 | 95033 | 108 | 3-105 |     78 |
| 103 | 陆君   | 男   | 1974-06-03 00:00:00 | 95031 | 108 | 3-105 |     78 |
| 105 | 匡明   | 男   | 1975-10-02 00:00:00 | 95031 | 108 | 3-105 |     78 |
| 107 | 王丽   | 女   | 1976-01-23 00:00:00 | 95033 | 108 | 3-105 |     78 |
| 108 | 曾华   | 男   | 1977-09-01 00:00:00 | 95033 | 108 | 3-105 |     78 |
| 109 | 王芳   | 女   | 1975-02-10 00:00:00 | 95031 | 108 | 3-105 |     78 |
| 101 | 李军   | 男   | 1976-02-20 00:00:00 | 95033 | 109 | 3-105 |     76 |
| 103 | 陆君   | 男   | 1974-06-03 00:00:00 | 95031 | 109 | 3-105 |     76 |
| 105 | 匡明   | 男   | 1975-10-02 00:00:00 | 95031 | 109 | 3-105 |     76 |
| 107 | 王丽   | 女   | 1976-01-23 00:00:00 | 95033 | 109 | 3-105 |     76 |
| 108 | 曾华   | 男   | 1977-09-01 00:00:00 | 95033 | 109 | 3-105 |     76 |
| 109 | 王芳   | 女   | 1975-02-10 00:00:00 | 95031 | 109 | 3-105 |     76 |
| 101 | 李军   | 男   | 1976-02-20 00:00:00 | 95033 | 109 | 3-245 |     68 |
| 103 | 陆君   | 男   | 1974-06-03 00:00:00 | 95031 | 109 | 3-245 |     68 |
| 105 | 匡明   | 男   | 1975-10-02 00:00:00 | 95031 | 109 | 3-245 |     68 |
| 107 | 王丽   | 女   | 1976-01-23 00:00:00 | 95033 | 109 | 3-245 |     68 |
| 108 | 曾华   | 男   | 1977-09-01 00:00:00 | 95033 | 109 | 3-245 |     68 |
| 109 | 王芳   | 女   | 1975-02-10 00:00:00 | 95031 | 109 | 3-245 |     68 |
+-----+--------+------+---------------------+-------+-----+-------+--------+
72 rows in set (0.00 sec)

mysql> select * from student,grade order by name;
ERROR 1054 (42S22): Unknown column 'name' in 'order clause'
mysql> select * from student,grade order bys name;
ERROR 1064 (42000): You have an error in your SQL syntax; check the manual that corresponds to your MySQL server version for the right syntax to use near 'bys name' at line 1
mysql> select * from student,grade order by sname;
+-----+--------+------+---------------------+-------+-----+-------+--------+
| sno | sname  | ssex | sbirthday           | class | sno | cno   | degree |
+-----+--------+------+---------------------+-------+-----+-------+--------+
| 105 | 匡明   | 男   | 1975-10-02 00:00:00 | 95031 | 103 | 3-245 |     86 |
| 105 | 匡明   | 男   | 1975-10-02 00:00:00 | 95031 | 105 | 3-105 |     88 |
| 105 | 匡明   | 男   | 1975-10-02 00:00:00 | 95031 | 105 | 3-245 |     75 |
| 105 | 匡明   | 男   | 1975-10-02 00:00:00 | 95031 | 107 | 3-105 |     91 |
| 105 | 匡明   | 男   | 1975-10-02 00:00:00 | 95031 | 107 | 6-106 |     79 |
| 105 | 匡明   | 男   | 1975-10-02 00:00:00 | 95031 | 108 | 3-105 |     78 |
| 105 | 匡明   | 男   | 1975-10-02 00:00:00 | 95031 | 109 | 3-105 |     76 |
| 105 | 匡明   | 男   | 1975-10-02 00:00:00 | 95031 | 109 | 3-245 |     68 |
| 105 | 匡明   | 男   | 1975-10-02 00:00:00 | 95031 | 101 | 3-105 |     64 |
| 105 | 匡明   | 男   | 1975-10-02 00:00:00 | 95031 | 101 | 3-245 |     92 |
| 105 | 匡明   | 男   | 1975-10-02 00:00:00 | 95031 | 101 | 6-166 |     85 |
| 105 | 匡明   | 男   | 1975-10-02 00:00:00 | 95031 | 103 | 3-105 |     92 |
| 108 | 曾华   | 男   | 1977-09-01 00:00:00 | 95033 | 108 | 3-105 |     78 |
| 108 | 曾华   | 男   | 1977-09-01 00:00:00 | 95033 | 109 | 3-105 |     76 |
| 108 | 曾华   | 男   | 1977-09-01 00:00:00 | 95033 | 109 | 3-245 |     68 |
| 108 | 曾华   | 男   | 1977-09-01 00:00:00 | 95033 | 101 | 3-105 |     64 |
| 108 | 曾华   | 男   | 1977-09-01 00:00:00 | 95033 | 101 | 3-245 |     92 |
| 108 | 曾华   | 男   | 1977-09-01 00:00:00 | 95033 | 101 | 6-166 |     85 |
| 108 | 曾华   | 男   | 1977-09-01 00:00:00 | 95033 | 103 | 3-105 |     92 |
| 108 | 曾华   | 男   | 1977-09-01 00:00:00 | 95033 | 103 | 3-245 |     86 |
| 108 | 曾华   | 男   | 1977-09-01 00:00:00 | 95033 | 105 | 3-105 |     88 |
| 108 | 曾华   | 男   | 1977-09-01 00:00:00 | 95033 | 105 | 3-245 |     75 |
| 108 | 曾华   | 男   | 1977-09-01 00:00:00 | 95033 | 107 | 3-105 |     91 |
| 108 | 曾华   | 男   | 1977-09-01 00:00:00 | 95033 | 107 | 6-106 |     79 |
| 101 | 李军   | 男   | 1976-02-20 00:00:00 | 95033 | 101 | 3-105 |     64 |
| 101 | 李军   | 男   | 1976-02-20 00:00:00 | 95033 | 101 | 3-245 |     92 |
| 101 | 李军   | 男   | 1976-02-20 00:00:00 | 95033 | 101 | 6-166 |     85 |
| 101 | 李军   | 男   | 1976-02-20 00:00:00 | 95033 | 103 | 3-105 |     92 |
| 101 | 李军   | 男   | 1976-02-20 00:00:00 | 95033 | 103 | 3-245 |     86 |
| 101 | 李军   | 男   | 1976-02-20 00:00:00 | 95033 | 105 | 3-105 |     88 |
| 101 | 李军   | 男   | 1976-02-20 00:00:00 | 95033 | 105 | 3-245 |     75 |
| 101 | 李军   | 男   | 1976-02-20 00:00:00 | 95033 | 107 | 3-105 |     91 |
| 101 | 李军   | 男   | 1976-02-20 00:00:00 | 95033 | 107 | 6-106 |     79 |
| 101 | 李军   | 男   | 1976-02-20 00:00:00 | 95033 | 108 | 3-105 |     78 |
| 101 | 李军   | 男   | 1976-02-20 00:00:00 | 95033 | 109 | 3-105 |     76 |
| 101 | 李军   | 男   | 1976-02-20 00:00:00 | 95033 | 109 | 3-245 |     68 |
| 107 | 王丽   | 女   | 1976-01-23 00:00:00 | 95033 | 101 | 3-105 |     64 |
| 107 | 王丽   | 女   | 1976-01-23 00:00:00 | 95033 | 101 | 3-245 |     92 |
| 107 | 王丽   | 女   | 1976-01-23 00:00:00 | 95033 | 101 | 6-166 |     85 |
| 107 | 王丽   | 女   | 1976-01-23 00:00:00 | 95033 | 103 | 3-105 |     92 |
| 107 | 王丽   | 女   | 1976-01-23 00:00:00 | 95033 | 103 | 3-245 |     86 |
| 107 | 王丽   | 女   | 1976-01-23 00:00:00 | 95033 | 105 | 3-105 |     88 |
| 107 | 王丽   | 女   | 1976-01-23 00:00:00 | 95033 | 105 | 3-245 |     75 |
| 107 | 王丽   | 女   | 1976-01-23 00:00:00 | 95033 | 107 | 3-105 |     91 |
| 107 | 王丽   | 女   | 1976-01-23 00:00:00 | 95033 | 107 | 6-106 |     79 |
| 107 | 王丽   | 女   | 1976-01-23 00:00:00 | 95033 | 108 | 3-105 |     78 |
| 107 | 王丽   | 女   | 1976-01-23 00:00:00 | 95033 | 109 | 3-105 |     76 |
| 107 | 王丽   | 女   | 1976-01-23 00:00:00 | 95033 | 109 | 3-245 |     68 |
| 109 | 王芳   | 女   | 1975-02-10 00:00:00 | 95031 | 103 | 3-245 |     86 |
| 109 | 王芳   | 女   | 1975-02-10 00:00:00 | 95031 | 105 | 3-105 |     88 |
| 109 | 王芳   | 女   | 1975-02-10 00:00:00 | 95031 | 105 | 3-245 |     75 |
| 109 | 王芳   | 女   | 1975-02-10 00:00:00 | 95031 | 107 | 3-105 |     91 |
| 109 | 王芳   | 女   | 1975-02-10 00:00:00 | 95031 | 107 | 6-106 |     79 |
| 109 | 王芳   | 女   | 1975-02-10 00:00:00 | 95031 | 108 | 3-105 |     78 |
| 109 | 王芳   | 女   | 1975-02-10 00:00:00 | 95031 | 109 | 3-105 |     76 |
| 109 | 王芳   | 女   | 1975-02-10 00:00:00 | 95031 | 109 | 3-245 |     68 |
| 109 | 王芳   | 女   | 1975-02-10 00:00:00 | 95031 | 101 | 3-105 |     64 |
| 109 | 王芳   | 女   | 1975-02-10 00:00:00 | 95031 | 101 | 3-245 |     92 |
| 109 | 王芳   | 女   | 1975-02-10 00:00:00 | 95031 | 101 | 6-166 |     85 |
| 109 | 王芳   | 女   | 1975-02-10 00:00:00 | 95031 | 103 | 3-105 |     92 |
| 103 | 陆君   | 男   | 1974-06-03 00:00:00 | 95031 | 109 | 3-105 |     76 |
| 103 | 陆君   | 男   | 1974-06-03 00:00:00 | 95031 | 109 | 3-245 |     68 |
| 103 | 陆君   | 男   | 1974-06-03 00:00:00 | 95031 | 101 | 3-105 |     64 |
| 103 | 陆君   | 男   | 1974-06-03 00:00:00 | 95031 | 101 | 3-245 |     92 |
| 103 | 陆君   | 男   | 1974-06-03 00:00:00 | 95031 | 101 | 6-166 |     85 |
| 103 | 陆君   | 男   | 1974-06-03 00:00:00 | 95031 | 103 | 3-105 |     92 |
| 103 | 陆君   | 男   | 1974-06-03 00:00:00 | 95031 | 103 | 3-245 |     86 |
| 103 | 陆君   | 男   | 1974-06-03 00:00:00 | 95031 | 105 | 3-105 |     88 |
| 103 | 陆君   | 男   | 1974-06-03 00:00:00 | 95031 | 105 | 3-245 |     75 |
| 103 | 陆君   | 男   | 1974-06-03 00:00:00 | 95031 | 107 | 3-105 |     91 |
| 103 | 陆君   | 男   | 1974-06-03 00:00:00 | 95031 | 107 | 6-106 |     79 |
| 103 | 陆君   | 男   | 1974-06-03 00:00:00 | 95031 | 108 | 3-105 |     78 |
+-----+--------+------+---------------------+-------+-----+-------+--------+
72 rows in set (0.00 sec)

mysql> 
mysql> select count(*） from grade;
ERROR 1064 (42000): You have an error in your SQL syntax; check the manual that corresponds to your MySQL server version for the right syntax to use near '） from grade' at line 1
mysql> select count(*) rom grade;
ERROR 1064 (42000): You have an error in your SQL syntax; check the manual that corresponds to your MySQL server version for the right syntax to use near ') from grade' at line 1
mysql> select count(*) from grade;
+----------+
| count(*) |
+----------+
|       12 |
+----------+
1 row in set (0.00 sec)

mysql> select count(*) from student;
+----------+
| count(*) |
+----------+
|        6 |
+----------+
1 row in set (0.00 sec)

mysql> select * from student,grade 
    -> ;
+-----+--------+------+---------------------+-------+-----+-------+--------+
| sno | sname  | ssex | sbirthday           | class | sno | cno   | degree |
+-----+--------+------+---------------------+-------+-----+-------+--------+
| 101 | 李军   | 男   | 1976-02-20 00:00:00 | 95033 | 101 | 3-105 |     64 |
| 103 | 陆君   | 男   | 1974-06-03 00:00:00 | 95031 | 101 | 3-105 |     64 |
| 105 | 匡明   | 男   | 1975-10-02 00:00:00 | 95031 | 101 | 3-105 |     64 |
| 107 | 王丽   | 女   | 1976-01-23 00:00:00 | 95033 | 101 | 3-105 |     64 |
| 108 | 曾华   | 男   | 1977-09-01 00:00:00 | 95033 | 101 | 3-105 |     64 |
| 109 | 王芳   | 女   | 1975-02-10 00:00:00 | 95031 | 101 | 3-105 |     64 |
| 101 | 李军   | 男   | 1976-02-20 00:00:00 | 95033 | 101 | 3-245 |     92 |
| 103 | 陆君   | 男   | 1974-06-03 00:00:00 | 95031 | 101 | 3-245 |     92 |
| 105 | 匡明   | 男   | 1975-10-02 00:00:00 | 95031 | 101 | 3-245 |     92 |
| 107 | 王丽   | 女   | 1976-01-23 00:00:00 | 95033 | 101 | 3-245 |     92 |
| 108 | 曾华   | 男   | 1977-09-01 00:00:00 | 95033 | 101 | 3-245 |     92 |
| 109 | 王芳   | 女   | 1975-02-10 00:00:00 | 95031 | 101 | 3-245 |     92 |
| 101 | 李军   | 男   | 1976-02-20 00:00:00 | 95033 | 101 | 6-166 |     85 |
| 103 | 陆君   | 男   | 1974-06-03 00:00:00 | 95031 | 101 | 6-166 |     85 |
| 105 | 匡明   | 男   | 1975-10-02 00:00:00 | 95031 | 101 | 6-166 |     85 |
| 107 | 王丽   | 女   | 1976-01-23 00:00:00 | 95033 | 101 | 6-166 |     85 |
| 108 | 曾华   | 男   | 1977-09-01 00:00:00 | 95033 | 101 | 6-166 |     85 |
| 109 | 王芳   | 女   | 1975-02-10 00:00:00 | 95031 | 101 | 6-166 |     85 |
| 101 | 李军   | 男   | 1976-02-20 00:00:00 | 95033 | 103 | 3-105 |     92 |
| 103 | 陆君   | 男   | 1974-06-03 00:00:00 | 95031 | 103 | 3-105 |     92 |
| 105 | 匡明   | 男   | 1975-10-02 00:00:00 | 95031 | 103 | 3-105 |     92 |
| 107 | 王丽   | 女   | 1976-01-23 00:00:00 | 95033 | 103 | 3-105 |     92 |
| 108 | 曾华   | 男   | 1977-09-01 00:00:00 | 95033 | 103 | 3-105 |     92 |
| 109 | 王芳   | 女   | 1975-02-10 00:00:00 | 95031 | 103 | 3-105 |     92 |
| 101 | 李军   | 男   | 1976-02-20 00:00:00 | 95033 | 103 | 3-245 |     86 |
| 103 | 陆君   | 男   | 1974-06-03 00:00:00 | 95031 | 103 | 3-245 |     86 |
| 105 | 匡明   | 男   | 1975-10-02 00:00:00 | 95031 | 103 | 3-245 |     86 |
| 107 | 王丽   | 女   | 1976-01-23 00:00:00 | 95033 | 103 | 3-245 |     86 |
| 108 | 曾华   | 男   | 1977-09-01 00:00:00 | 95033 | 103 | 3-245 |     86 |
| 109 | 王芳   | 女   | 1975-02-10 00:00:00 | 95031 | 103 | 3-245 |     86 |
| 101 | 李军   | 男   | 1976-02-20 00:00:00 | 95033 | 105 | 3-105 |     88 |
| 103 | 陆君   | 男   | 1974-06-03 00:00:00 | 95031 | 105 | 3-105 |     88 |
| 105 | 匡明   | 男   | 1975-10-02 00:00:00 | 95031 | 105 | 3-105 |     88 |
| 107 | 王丽   | 女   | 1976-01-23 00:00:00 | 95033 | 105 | 3-105 |     88 |
| 108 | 曾华   | 男   | 1977-09-01 00:00:00 | 95033 | 105 | 3-105 |     88 |
| 109 | 王芳   | 女   | 1975-02-10 00:00:00 | 95031 | 105 | 3-105 |     88 |
| 101 | 李军   | 男   | 1976-02-20 00:00:00 | 95033 | 105 | 3-245 |     75 |
| 103 | 陆君   | 男   | 1974-06-03 00:00:00 | 95031 | 105 | 3-245 |     75 |
| 105 | 匡明   | 男   | 1975-10-02 00:00:00 | 95031 | 105 | 3-245 |     75 |
| 107 | 王丽   | 女   | 1976-01-23 00:00:00 | 95033 | 105 | 3-245 |     75 |
| 108 | 曾华   | 男   | 1977-09-01 00:00:00 | 95033 | 105 | 3-245 |     75 |
| 109 | 王芳   | 女   | 1975-02-10 00:00:00 | 95031 | 105 | 3-245 |     75 |
| 101 | 李军   | 男   | 1976-02-20 00:00:00 | 95033 | 107 | 3-105 |     91 |
| 103 | 陆君   | 男   | 1974-06-03 00:00:00 | 95031 | 107 | 3-105 |     91 |
| 105 | 匡明   | 男   | 1975-10-02 00:00:00 | 95031 | 107 | 3-105 |     91 |
| 107 | 王丽   | 女   | 1976-01-23 00:00:00 | 95033 | 107 | 3-105 |     91 |
| 108 | 曾华   | 男   | 1977-09-01 00:00:00 | 95033 | 107 | 3-105 |     91 |
| 109 | 王芳   | 女   | 1975-02-10 00:00:00 | 95031 | 107 | 3-105 |     91 |
| 101 | 李军   | 男   | 1976-02-20 00:00:00 | 95033 | 107 | 6-106 |     79 |
| 103 | 陆君   | 男   | 1974-06-03 00:00:00 | 95031 | 107 | 6-106 |     79 |
| 105 | 匡明   | 男   | 1975-10-02 00:00:00 | 95031 | 107 | 6-106 |     79 |
| 107 | 王丽   | 女   | 1976-01-23 00:00:00 | 95033 | 107 | 6-106 |     79 |
| 108 | 曾华   | 男   | 1977-09-01 00:00:00 | 95033 | 107 | 6-106 |     79 |
| 109 | 王芳   | 女   | 1975-02-10 00:00:00 | 95031 | 107 | 6-106 |     79 |
| 101 | 李军   | 男   | 1976-02-20 00:00:00 | 95033 | 108 | 3-105 |     78 |
| 103 | 陆君   | 男   | 1974-06-03 00:00:00 | 95031 | 108 | 3-105 |     78 |
| 105 | 匡明   | 男   | 1975-10-02 00:00:00 | 95031 | 108 | 3-105 |     78 |
| 107 | 王丽   | 女   | 1976-01-23 00:00:00 | 95033 | 108 | 3-105 |     78 |
| 108 | 曾华   | 男   | 1977-09-01 00:00:00 | 95033 | 108 | 3-105 |     78 |
| 109 | 王芳   | 女   | 1975-02-10 00:00:00 | 95031 | 108 | 3-105 |     78 |
| 101 | 李军   | 男   | 1976-02-20 00:00:00 | 95033 | 109 | 3-105 |     76 |
| 103 | 陆君   | 男   | 1974-06-03 00:00:00 | 95031 | 109 | 3-105 |     76 |
| 105 | 匡明   | 男   | 1975-10-02 00:00:00 | 95031 | 109 | 3-105 |     76 |
| 107 | 王丽   | 女   | 1976-01-23 00:00:00 | 95033 | 109 | 3-105 |     76 |
| 108 | 曾华   | 男   | 1977-09-01 00:00:00 | 95033 | 109 | 3-105 |     76 |
| 109 | 王芳   | 女   | 1975-02-10 00:00:00 | 95031 | 109 | 3-105 |     76 |
| 101 | 李军   | 男   | 1976-02-20 00:00:00 | 95033 | 109 | 3-245 |     68 |
| 103 | 陆君   | 男   | 1974-06-03 00:00:00 | 95031 | 109 | 3-245 |     68 |
| 105 | 匡明   | 男   | 1975-10-02 00:00:00 | 95031 | 109 | 3-245 |     68 |
| 107 | 王丽   | 女   | 1976-01-23 00:00:00 | 95033 | 109 | 3-245 |     68 |
| 108 | 曾华   | 男   | 1977-09-01 00:00:00 | 95033 | 109 | 3-245 |     68 |
| 109 | 王芳   | 女   | 1975-02-10 00:00:00 | 95031 | 109 | 3-245 |     68 |
+-----+--------+------+---------------------+-------+-----+-------+--------+
72 rows in set (0.00 sec)

mysql> select * from student s,grade g where s.sno =g.sno;
+-----+--------+------+---------------------+-------+-----+-------+--------+
| sno | sname  | ssex | sbirthday           | class | sno | cno   | degree |
+-----+--------+------+---------------------+-------+-----+-------+--------+
| 101 | 李军   | 男   | 1976-02-20 00:00:00 | 95033 | 101 | 3-105 |     64 |
| 101 | 李军   | 男   | 1976-02-20 00:00:00 | 95033 | 101 | 3-245 |     92 |
| 101 | 李军   | 男   | 1976-02-20 00:00:00 | 95033 | 101 | 6-166 |     85 |
| 103 | 陆君   | 男   | 1974-06-03 00:00:00 | 95031 | 103 | 3-105 |     92 |
| 103 | 陆君   | 男   | 1974-06-03 00:00:00 | 95031 | 103 | 3-245 |     86 |
| 105 | 匡明   | 男   | 1975-10-02 00:00:00 | 95031 | 105 | 3-105 |     88 |
| 105 | 匡明   | 男   | 1975-10-02 00:00:00 | 95031 | 105 | 3-245 |     75 |
| 107 | 王丽   | 女   | 1976-01-23 00:00:00 | 95033 | 107 | 3-105 |     91 |
| 107 | 王丽   | 女   | 1976-01-23 00:00:00 | 95033 | 107 | 6-106 |     79 |
| 108 | 曾华   | 男   | 1977-09-01 00:00:00 | 95033 | 108 | 3-105 |     78 |
| 109 | 王芳   | 女   | 1975-02-10 00:00:00 | 95031 | 109 | 3-105 |     76 |
| 109 | 王芳   | 女   | 1975-02-10 00:00:00 | 95031 | 109 | 3-245 |     68 |
+-----+--------+------+---------------------+-------+-----+-------+--------+
12 rows in set (0.01 sec)

mysql> select s.*,degree from student s,grade g where s.sno =g.sno;
+-----+--------+------+---------------------+-------+--------+
| sno | sname  | ssex | sbirthday           | class | degree |
+-----+--------+------+---------------------+-------+--------+
| 101 | 李军   | 男   | 1976-02-20 00:00:00 | 95033 |     64 |
| 101 | 李军   | 男   | 1976-02-20 00:00:00 | 95033 |     92 |
| 101 | 李军   | 男   | 1976-02-20 00:00:00 | 95033 |     85 |
| 103 | 陆君   | 男   | 1974-06-03 00:00:00 | 95031 |     92 |
| 103 | 陆君   | 男   | 1974-06-03 00:00:00 | 95031 |     86 |
| 105 | 匡明   | 男   | 1975-10-02 00:00:00 | 95031 |     88 |
| 105 | 匡明   | 男   | 1975-10-02 00:00:00 | 95031 |     75 |
| 107 | 王丽   | 女   | 1976-01-23 00:00:00 | 95033 |     91 |
| 107 | 王丽   | 女   | 1976-01-23 00:00:00 | 95033 |     79 |
| 108 | 曾华   | 男   | 1977-09-01 00:00:00 | 95033 |     78 |
| 109 | 王芳   | 女   | 1975-02-10 00:00:00 | 95031 |     76 |
| 109 | 王芳   | 女   | 1975-02-10 00:00:00 | 95031 |     68 |
+-----+--------+------+---------------------+-------+--------+
12 rows in set (0.01 sec)

mysql> select sno,degree from student s,grade g where s.sno =g.sno;
ERROR 1052 (23000): Column 'sno' in field list is ambiguous
mysql> select s.sno,degree from student s,grade g where s.sno =g.sno;
+-----+--------+
| sno | degree |
+-----+--------+
| 101 |     64 |
| 101 |     92 |
| 101 |     85 |
| 103 |     92 |
| 103 |     86 |
| 105 |     88 |
| 105 |     75 |
| 107 |     91 |
| 107 |     79 |
| 108 |     78 |
| 109 |     76 |
| 109 |     68 |
+-----+--------+
12 rows in set (0.00 sec)

mysql> select s.sno,sname,degree from student s,grade g where s.sno =g.sno;
+-----+--------+--------+
| sno | sname  | degree |
+-----+--------+--------+
| 101 | 李军   |     64 |
| 101 | 李军   |     92 |
| 101 | 李军   |     85 |
| 103 | 陆君   |     92 |
| 103 | 陆君   |     86 |
| 105 | 匡明   |     88 |
| 105 | 匡明   |     75 |
| 107 | 王丽   |     91 |
| 107 | 王丽   |     79 |
| 108 | 曾华   |     78 |
| 109 | 王芳   |     76 |
| 109 | 王芳   |     68 |
+-----+--------+--------+
12 rows in set (0.00 sec)

mysql> select s.sno,sname,degree from homework.student s,grade g where s.sno =g.sno;
+-----+--------+--------+
| sno | sname  | degree |
+-----+--------+--------+
| 101 | 李军   |     64 |
| 101 | 李军   |     92 |
| 101 | 李军   |     85 |
| 103 | 陆君   |     92 |
| 103 | 陆君   |     86 |
| 105 | 匡明   |     88 |
| 105 | 匡明   |     75 |
| 107 | 王丽   |     91 |
| 107 | 王丽   |     79 |
| 108 | 曾华   |     78 |
| 109 | 王芳   |     76 |
| 109 | 王芳   |     68 |
+-----+--------+--------+
12 rows in set (0.00 sec)

mysql> select s.sno,sname,degree from student s,grade g where s.sno =g.sno and degree>80;
+-----+--------+--------+
| sno | sname  | degree |
+-----+--------+--------+
| 101 | 李军   |     92 |
| 101 | 李军   |     85 |
| 103 | 陆君   |     92 |
| 103 | 陆君   |     86 |
| 105 | 匡明   |     88 |
| 107 | 王丽   |     91 |
+-----+--------+--------+
6 rows in set (0.00 sec)

mysql> select * from student s inner join grade g on s.sno=g.sno;
+-----+--------+------+---------------------+-------+-----+-------+--------+
| sno | sname  | ssex | sbirthday           | class | sno | cno   | degree |
+-----+--------+------+---------------------+-------+-----+-------+--------+
| 101 | 李军   | 男   | 1976-02-20 00:00:00 | 95033 | 101 | 3-105 |     64 |
| 101 | 李军   | 男   | 1976-02-20 00:00:00 | 95033 | 101 | 3-245 |     92 |
| 101 | 李军   | 男   | 1976-02-20 00:00:00 | 95033 | 101 | 6-166 |     85 |
| 103 | 陆君   | 男   | 1974-06-03 00:00:00 | 95031 | 103 | 3-105 |     92 |
| 103 | 陆君   | 男   | 1974-06-03 00:00:00 | 95031 | 103 | 3-245 |     86 |
| 105 | 匡明   | 男   | 1975-10-02 00:00:00 | 95031 | 105 | 3-105 |     88 |
| 105 | 匡明   | 男   | 1975-10-02 00:00:00 | 95031 | 105 | 3-245 |     75 |
| 107 | 王丽   | 女   | 1976-01-23 00:00:00 | 95033 | 107 | 3-105 |     91 |
| 107 | 王丽   | 女   | 1976-01-23 00:00:00 | 95033 | 107 | 6-106 |     79 |
| 108 | 曾华   | 男   | 1977-09-01 00:00:00 | 95033 | 108 | 3-105 |     78 |
| 109 | 王芳   | 女   | 1975-02-10 00:00:00 | 95031 | 109 | 3-105 |     76 |
| 109 | 王芳   | 女   | 1975-02-10 00:00:00 | 95031 | 109 | 3-245 |     68 |
+-----+--------+------+---------------------+-------+-----+-------+--------+
12 rows in set (0.00 sec)

mysql> select * from student s inner join grade g on s.sno=g.sno where degree > 80;
+-----+--------+------+---------------------+-------+-----+-------+--------+
| sno | sname  | ssex | sbirthday           | class | sno | cno   | degree |
+-----+--------+------+---------------------+-------+-----+-------+--------+
| 101 | 李军   | 男   | 1976-02-20 00:00:00 | 95033 | 101 | 3-245 |     92 |
| 101 | 李军   | 男   | 1976-02-20 00:00:00 | 95033 | 101 | 6-166 |     85 |
| 103 | 陆君   | 男   | 1974-06-03 00:00:00 | 95031 | 103 | 3-105 |     92 |
| 103 | 陆君   | 男   | 1974-06-03 00:00:00 | 95031 | 103 | 3-245 |     86 |
| 105 | 匡明   | 男   | 1975-10-02 00:00:00 | 95031 | 105 | 3-105 |     88 |
| 107 | 王丽   | 女   | 1976-01-23 00:00:00 | 95033 | 107 | 3-105 |     91 |
+-----+--------+------+---------------------+-------+-----+-------+--------+
6 rows in set (0.00 sec)

mysql> select * from student s join grade g on s.sno=g.sno where degree > 80;
+-----+--------+------+---------------------+-------+-----+-------+--------+
| sno | sname  | ssex | sbirthday           | class | sno | cno   | degree |
+-----+--------+------+---------------------+-------+-----+-------+--------+
| 101 | 李军   | 男   | 1976-02-20 00:00:00 | 95033 | 101 | 3-245 |     92 |
| 101 | 李军   | 男   | 1976-02-20 00:00:00 | 95033 | 101 | 6-166 |     85 |
| 103 | 陆君   | 男   | 1974-06-03 00:00:00 | 95031 | 103 | 3-105 |     92 |
| 103 | 陆君   | 男   | 1974-06-03 00:00:00 | 95031 | 103 | 3-245 |     86 |
| 105 | 匡明   | 男   | 1975-10-02 00:00:00 | 95031 | 105 | 3-105 |     88 |
| 107 | 王丽   | 女   | 1976-01-23 00:00:00 | 95033 | 107 | 3-105 |     91 |
+-----+--------+------+---------------------+-------+-----+-------+--------+
6 rows in set (0.00 sec)

mysql> select * from student s join grade g on s.sno=g.sno;
+-----+--------+------+---------------------+-------+-----+-------+--------+
| sno | sname  | ssex | sbirthday           | class | sno | cno   | degree |
+-----+--------+------+---------------------+-------+-----+-------+--------+
| 101 | 李军   | 男   | 1976-02-20 00:00:00 | 95033 | 101 | 3-105 |     64 |
| 101 | 李军   | 男   | 1976-02-20 00:00:00 | 95033 | 101 | 3-245 |     92 |
| 101 | 李军   | 男   | 1976-02-20 00:00:00 | 95033 | 101 | 6-166 |     85 |
| 103 | 陆君   | 男   | 1974-06-03 00:00:00 | 95031 | 103 | 3-105 |     92 |
| 103 | 陆君   | 男   | 1974-06-03 00:00:00 | 95031 | 103 | 3-245 |     86 |
| 105 | 匡明   | 男   | 1975-10-02 00:00:00 | 95031 | 105 | 3-105 |     88 |
| 105 | 匡明   | 男   | 1975-10-02 00:00:00 | 95031 | 105 | 3-245 |     75 |
| 107 | 王丽   | 女   | 1976-01-23 00:00:00 | 95033 | 107 | 3-105 |     91 |
| 107 | 王丽   | 女   | 1976-01-23 00:00:00 | 95033 | 107 | 6-106 |     79 |
| 108 | 曾华   | 男   | 1977-09-01 00:00:00 | 95033 | 108 | 3-105 |     78 |
| 109 | 王芳   | 女   | 1975-02-10 00:00:00 | 95031 | 109 | 3-105 |     76 |
| 109 | 王芳   | 女   | 1975-02-10 00:00:00 | 95031 | 109 | 3-245 |     68 |
+-----+--------+------+---------------------+-------+-----+-------+--------+
12 rows in set (0.01 sec)

mysql> select * from student s join grade g on s.sno=g.sno join course c on c.cno = g.cno;
+-----+--------+------+---------------------+-------+-----+-------+--------+-------+-----------------+-----+
| sno | sname  | ssex | sbirthday           | class | sno | cno   | degree | cno   | cname           | tno |
+-----+--------+------+---------------------+-------+-----+-------+--------+-------+-----------------+-----+
| 101 | 李军   | 男   | 1976-02-20 00:00:00 | 95033 | 101 | 3-105 |     64 | 3-105 | 计算机导论      | 825 |
| 101 | 李军   | 男   | 1976-02-20 00:00:00 | 95033 | 101 | 3-245 |     92 | 3-245 | 操作系统        | 804 |
| 101 | 李军   | 男   | 1976-02-20 00:00:00 | 95033 | 101 | 6-166 |     85 | 6-166 | 数据电路        | 856 |
| 103 | 陆君   | 男   | 1974-06-03 00:00:00 | 95031 | 103 | 3-105 |     92 | 3-105 | 计算机导论      | 825 |
| 103 | 陆君   | 男   | 1974-06-03 00:00:00 | 95031 | 103 | 3-245 |     86 | 3-245 | 操作系统        | 804 |
| 105 | 匡明   | 男   | 1975-10-02 00:00:00 | 95031 | 105 | 3-105 |     88 | 3-105 | 计算机导论      | 825 |
| 105 | 匡明   | 男   | 1975-10-02 00:00:00 | 95031 | 105 | 3-245 |     75 | 3-245 | 操作系统        | 804 |
| 107 | 王丽   | 女   | 1976-01-23 00:00:00 | 95033 | 107 | 3-105 |     91 | 3-105 | 计算机导论      | 825 |
| 108 | 曾华   | 男   | 1977-09-01 00:00:00 | 95033 | 108 | 3-105 |     78 | 3-105 | 计算机导论      | 825 |
| 109 | 王芳   | 女   | 1975-02-10 00:00:00 | 95031 | 109 | 3-105 |     76 | 3-105 | 计算机导论      | 825 |
| 109 | 王芳   | 女   | 1975-02-10 00:00:00 | 95031 | 109 | 3-245 |     68 | 3-245 | 操作系统        | 804 |
+-----+--------+------+---------------------+-------+-----+-------+--------+-------+-----------------+-----+
11 rows in set (0.01 sec)

mysql> select sname,cname,degree from student s join grade g on s.sno=g.sno join course c on c.cno = g.cno;
+--------+-----------------+--------+
| sname  | cname           | degree |
+--------+-----------------+--------+
| 李军   | 计算机导论      |     64 |
| 李军   | 操作系统        |     92 |
| 李军   | 数据电路        |     85 |
| 陆君   | 计算机导论      |     92 |
| 陆君   | 操作系统        |     86 |
| 匡明   | 计算机导论      |     88 |
| 匡明   | 操作系统        |     75 |
| 王丽   | 计算机导论      |     91 |
| 曾华   | 计算机导论      |     78 |
| 王芳   | 计算机导论      |     76 |
| 王芳   | 操作系统        |     68 |
+--------+-----------------+--------+
11 rows in set (0.00 sec)

mysql> select sname,cname,degree from student s join grade g on s.sno=g.sno join course c on c.cno = g.cno where degree > 80;
+--------+-----------------+--------+
| sname  | cname           | degree |
+--------+-----------------+--------+
| 李军   | 操作系统        |     92 |
| 李军   | 数据电路        |     85 |
| 陆君   | 计算机导论      |     92 |
| 陆君   | 操作系统        |     86 |
| 匡明   | 计算机导论      |     88 |
| 王丽   | 计算机导论      |     91 |
+--------+-----------------+--------+
6 rows in set (0.00 sec)

mysql> select * from student s,grade g,course c where s.sno = g.sno and g.cno = c.cno;
+-----+--------+------+---------------------+-------+-----+-------+--------+-------+-----------------+-----+
| sno | sname  | ssex | sbirthday           | class | sno | cno   | degree | cno   | cname           | tno |
+-----+--------+------+---------------------+-------+-----+-------+--------+-------+-----------------+-----+
| 101 | 李军   | 男   | 1976-02-20 00:00:00 | 95033 | 101 | 3-105 |     64 | 3-105 | 计算机导论      | 825 |
| 101 | 李军   | 男   | 1976-02-20 00:00:00 | 95033 | 101 | 3-245 |     92 | 3-245 | 操作系统        | 804 |
| 101 | 李军   | 男   | 1976-02-20 00:00:00 | 95033 | 101 | 6-166 |     85 | 6-166 | 数据电路        | 856 |
| 103 | 陆君   | 男   | 1974-06-03 00:00:00 | 95031 | 103 | 3-105 |     92 | 3-105 | 计算机导论      | 825 |
| 103 | 陆君   | 男   | 1974-06-03 00:00:00 | 95031 | 103 | 3-245 |     86 | 3-245 | 操作系统        | 804 |
| 105 | 匡明   | 男   | 1975-10-02 00:00:00 | 95031 | 105 | 3-105 |     88 | 3-105 | 计算机导论      | 825 |
| 105 | 匡明   | 男   | 1975-10-02 00:00:00 | 95031 | 105 | 3-245 |     75 | 3-245 | 操作系统        | 804 |
| 107 | 王丽   | 女   | 1976-01-23 00:00:00 | 95033 | 107 | 3-105 |     91 | 3-105 | 计算机导论      | 825 |
| 108 | 曾华   | 男   | 1977-09-01 00:00:00 | 95033 | 108 | 3-105 |     78 | 3-105 | 计算机导论      | 825 |
| 109 | 王芳   | 女   | 1975-02-10 00:00:00 | 95031 | 109 | 3-105 |     76 | 3-105 | 计算机导论      | 825 |
| 109 | 王芳   | 女   | 1975-02-10 00:00:00 | 95031 | 109 | 3-245 |     68 | 3-245 | 操作系统        | 804 |
+-----+--------+------+---------------------+-------+-----+-------+--------+-------+-----------------+-----+
11 rows in set (0.00 sec)

mysql> select sname,cname,degree from student s,grade g,course c where s.sno = g.sno and g.cno = c.cno;
+--------+-----------------+--------+
| sname  | cname           | degree |
+--------+-----------------+--------+
| 李军   | 计算机导论      |     64 |
| 李军   | 操作系统        |     92 |
| 李军   | 数据电路        |     85 |
| 陆君   | 计算机导论      |     92 |
| 陆君   | 操作系统        |     86 |
| 匡明   | 计算机导论      |     88 |
| 匡明   | 操作系统        |     75 |
| 王丽   | 计算机导论      |     91 |
| 曾华   | 计算机导论      |     78 |
| 王芳   | 计算机导论      |     76 |
| 王芳   | 操作系统        |     68 |
+--------+-----------------+--------+
11 rows in set (0.00 sec)

mysql> quit
Bye
sslcheese@HZX-PC:~$ mysqldump -uroot -p homework > ~/homework.sql
Enter password: 
sslcheese@HZX-PC:~$ scp homework.sql 
::1:                    Downloads/              ip6-allnodes:           Public/
1.txt                   examples.desktop        ip6-allrouters:         pycharm/
234.txt                 fe00::0:                ip6-localhost:          PycharmProjects/
998877.txt              ff00::0:                ip6-localnet:           share/
account.jetbrains.com:  ff02::1:                ip6-loopback:           Templates/
BOE_Topcoder/           ff02::2:                ip6-mcastprefix:        test/
b.txt                   homework.sql            localhost:              tool/
date1.txt               HZX-PC:                 Music/                  ttt/
Desktop/                id_pub                  Pictures/               Videos/
Documents/              id_rsa.pub              project/                www.bj1904.com:
sslcheese@HZX-PC:~$ scp homework.sql python1@10.0.128.217:~/Desktop/course/
The authenticity of host '10.0.128.217 (10.0.128.217)' can't be established.
ECDSA key fingerprint is SHA256:qGmc5Fsg89pJ3xKB2BbPeUyRSZRqzlsprbi+WCLCswI.
Are you sure you want to continue connecting (yes/no)? yes
Warning: Permanently added '10.0.128.217' (ECDSA) to the list of known hosts.
python1@10.0.128.217's password: 
homework.sql                                                               100% 5585     5.5KB/s   00:00    
sslcheese@HZX-PC:~$ mysql -uroot -p
Enter password: 
ERROR 1045 (28000): Access denied for user 'root'@'localhost' (using password: YES)
sslcheese@HZX-PC:~$ mysql -uroot -p
Enter password: 
Welcome to the MySQL monitor.  Commands end with ; or \g.
Your MySQL connection id is 7
Server version: 5.7.26-0ubuntu0.16.04.1 (Ubuntu)

Copyright (c) 2000, 2019, Oracle and/or its affiliates. All rights reserved.

Oracle is a registered trademark of Oracle Corporation and/or its
affiliates. Other names may be trademarks of their respective
owners.

Type 'help;' or '\h' for help. Type '\c' to clear the current input statement.

mysql> use homework;
Reading table information for completion of table and column names
You can turn off this feature to get a quicker startup with -A

Database changed
mysql> select * from student s join grade g on s.sno=g.sno;
+-----+--------+------+---------------------+-------+-----+-------+--------+
| sno | sname  | ssex | sbirthday           | class | sno | cno   | degree |
+-----+--------+------+---------------------+-------+-----+-------+--------+
| 101 | 李军   | 男   | 1976-02-20 00:00:00 | 95033 | 101 | 3-105 |     64 |
| 101 | 李军   | 男   | 1976-02-20 00:00:00 | 95033 | 101 | 3-245 |     92 |
| 101 | 李军   | 男   | 1976-02-20 00:00:00 | 95033 | 101 | 6-166 |     85 |
| 103 | 陆君   | 男   | 1974-06-03 00:00:00 | 95031 | 103 | 3-105 |     92 |
| 103 | 陆君   | 男   | 1974-06-03 00:00:00 | 95031 | 103 | 3-245 |     86 |
| 105 | 匡明   | 男   | 1975-10-02 00:00:00 | 95031 | 105 | 3-105 |     88 |
| 105 | 匡明   | 男   | 1975-10-02 00:00:00 | 95031 | 105 | 3-245 |     75 |
| 107 | 王丽   | 女   | 1976-01-23 00:00:00 | 95033 | 107 | 3-105 |     91 |
| 107 | 王丽   | 女   | 1976-01-23 00:00:00 | 95033 | 107 | 6-106 |     79 |
| 108 | 曾华   | 男   | 1977-09-01 00:00:00 | 95033 | 108 | 3-105 |     78 |
| 109 | 王芳   | 女   | 1975-02-10 00:00:00 | 95031 | 109 | 3-105 |     76 |
| 109 | 王芳   | 女   | 1975-02-10 00:00:00 | 95031 | 109 | 3-245 |     68 |
+-----+--------+------+---------------------+-------+-----+-------+--------+
12 rows in set (0.00 sec)

mysql> select * from student s join grade g on s.sno=g.sno where class='95033';
+-----+--------+------+---------------------+-------+-----+-------+--------+
| sno | sname  | ssex | sbirthday           | class | sno | cno   | degree |
+-----+--------+------+---------------------+-------+-----+-------+--------+
| 101 | 李军   | 男   | 1976-02-20 00:00:00 | 95033 | 101 | 3-105 |     64 |
| 101 | 李军   | 男   | 1976-02-20 00:00:00 | 95033 | 101 | 3-245 |     92 |
| 101 | 李军   | 男   | 1976-02-20 00:00:00 | 95033 | 101 | 6-166 |     85 |
| 107 | 王丽   | 女   | 1976-01-23 00:00:00 | 95033 | 107 | 3-105 |     91 |
| 107 | 王丽   | 女   | 1976-01-23 00:00:00 | 95033 | 107 | 6-106 |     79 |
| 108 | 曾华   | 男   | 1977-09-01 00:00:00 | 95033 | 108 | 3-105 |     78 |
+-----+--------+------+---------------------+-------+-----+-------+--------+
6 rows in set (0.00 sec)

mysql> select avg(degree)  from student s join grade g on s.sno=g.sno where class='95033';
+-------------+
| avg(degree) |
+-------------+
|     81.5000 |
+-------------+
1 row in set (0.01 sec)

mysql> select avg(degree)  from student s join grade g on s.sno=g.sno where class='95033' group by cno;
+-------------+
| avg(degree) |
+-------------+
|     77.6667 |
|     92.0000 |
|     79.0000 |
|     85.0000 |
+-------------+
4 rows in set (0.00 sec)

mysql> select cno, avg(degree)  from student s join grade g on s.sno=g.sno where class='95033' group by cno;
+-------+-------------+
| cno   | avg(degree) |
+-------+-------------+
| 3-105 |     77.6667 |
| 3-245 |     92.0000 |
| 6-106 |     79.0000 |
| 6-166 |     85.0000 |
+-------+-------------+
4 rows in set (0.00 sec)

mysql> desc student;
+-----------+------------+------+-----+---------+-------+
| Field     | Type       | Null | Key | Default | Extra |
+-----------+------------+------+-----+---------+-------+
| sno       | varchar(3) | NO   | PRI | NULL    |       |
| sname     | varchar(4) | NO   |     | NULL    |       |
| ssex      | varchar(2) | YES  |     | NULL    |       |
| sbirthday | datetime   | YES  |     | NULL    |       |
| class     | varchar(5) | NO   |     | NULL    |       |
+-----------+------------+------+-----+---------+-------+
5 rows in set (0.00 sec)

mysql> alter table student add master varchar(3);
Query OK, 0 rows affected (0.15 sec)
Records: 0  Duplicates: 0  Warnings: 0

mysql> select  * from student;
+-----+--------+------+---------------------+-------+--------+
| sno | sname  | ssex | sbirthday           | class | master |
+-----+--------+------+---------------------+-------+--------+
| 101 | 李军   | 男   | 1976-02-20 00:00:00 | 95033 | NULL   |
| 103 | 陆君   | 男   | 1974-06-03 00:00:00 | 95031 | NULL   |
| 105 | 匡明   | 男   | 1975-10-02 00:00:00 | 95031 | NULL   |
| 107 | 王丽   | 女   | 1976-01-23 00:00:00 | 95033 | NULL   |
| 108 | 曾华   | 男   | 1977-09-01 00:00:00 | 95033 | NULL   |
| 109 | 王芳   | 女   | 1975-02-10 00:00:00 | 95031 | NULL   |
+-----+--------+------+---------------------+-------+--------+
6 rows in set (0.00 sec)

mysql> update student set master='101' where class='95033';
Query OK, 3 rows affected (0.01 sec)
Rows matched: 3  Changed: 3  Warnings: 0

mysql> update student set master='103' where class='95031';
Query OK, 3 rows affected (0.01 sec)
Rows matched: 3  Changed: 3  Warnings: 0

mysql> select  * from student;
+-----+--------+------+---------------------+-------+--------+
| sno | sname  | ssex | sbirthday           | class | master |
+-----+--------+------+---------------------+-------+--------+
| 101 | 李军   | 男   | 1976-02-20 00:00:00 | 95033 | 101    |
| 103 | 陆君   | 男   | 1974-06-03 00:00:00 | 95031 | 103    |
| 105 | 匡明   | 男   | 1975-10-02 00:00:00 | 95031 | 103    |
| 107 | 王丽   | 女   | 1976-01-23 00:00:00 | 95033 | 101    |
| 108 | 曾华   | 男   | 1977-09-01 00:00:00 | 95033 | 101    |
| 109 | 王芳   | 女   | 1975-02-10 00:00:00 | 95031 | 103    |
+-----+--------+------+---------------------+-------+--------+
6 rows in set (0.00 sec)

mysql> select * from student s1 join student s2 on s2.master=s1.sno;
+-----+--------+------+---------------------+-------+--------+-----+--------+------+---------------------+-------+--------+
| sno | sname  | ssex | sbirthday           | class | master | sno | sname  | ssex | sbirthday           | class | master |
+-----+--------+------+---------------------+-------+--------+-----+--------+------+---------------------+-------+--------+
| 101 | 李军   | 男   | 1976-02-20 00:00:00 | 95033 | 101    | 101 | 李军   | 男   | 1976-02-20 00:00:00 | 95033 | 101    |
| 103 | 陆君   | 男   | 1974-06-03 00:00:00 | 95031 | 103    | 103 | 陆君   | 男   | 1974-06-03 00:00:00 | 95031 | 103    |
| 103 | 陆君   | 男   | 1974-06-03 00:00:00 | 95031 | 103    | 105 | 匡明   | 男   | 1975-10-02 00:00:00 | 95031 | 103    |
| 101 | 李军   | 男   | 1976-02-20 00:00:00 | 95033 | 101    | 107 | 王丽   | 女   | 1976-01-23 00:00:00 | 95033 | 101    |
| 101 | 李军   | 男   | 1976-02-20 00:00:00 | 95033 | 101    | 108 | 曾华   | 男   | 1977-09-01 00:00:00 | 95033 | 101    |
| 103 | 陆君   | 男   | 1974-06-03 00:00:00 | 95031 | 103    | 109 | 王芳   | 女   | 1975-02-10 00:00:00 | 95031 | 103    |
+-----+--------+------+---------------------+-------+--------+-----+--------+------+---------------------+-------+--------+
6 rows in set (0.00 sec)

mysql> select s1.sno,s1.sname,s2.sno,s2.master from student s1 join student s2 on s2.master=s1.sno;
+-----+--------+-----+--------+
| sno | sname  | sno | master |
+-----+--------+-----+--------+
| 101 | 李军   | 101 | 101    |
| 103 | 陆君   | 103 | 103    |
| 103 | 陆君   | 105 | 103    |
| 101 | 李军   | 107 | 101    |
| 101 | 李军   | 108 | 101    |
| 103 | 陆君   | 109 | 103    |
+-----+--------+-----+--------+
6 rows in set (0.00 sec)

mysql> select * from student where sno in (select master from student);
+-----+--------+------+---------------------+-------+--------+
| sno | sname  | ssex | sbirthday           | class | master |
+-----+--------+------+---------------------+-------+--------+
| 101 | 李军   | 男   | 1976-02-20 00:00:00 | 95033 | 101    |
| 103 | 陆君   | 男   | 1974-06-03 00:00:00 | 95031 | 103    |
+-----+--------+------+---------------------+-------+--------+
2 rows in set (0.00 sec)

mysql> select * from student;
+-----+--------+------+---------------------+-------+--------+
| sno | sname  | ssex | sbirthday           | class | master |
+-----+--------+------+---------------------+-------+--------+
| 101 | 李军   | 男   | 1976-02-20 00:00:00 | 95033 | 101    |
| 103 | 陆君   | 男   | 1974-06-03 00:00:00 | 95031 | 103    |
| 105 | 匡明   | 男   | 1975-10-02 00:00:00 | 95031 | 103    |
| 107 | 王丽   | 女   | 1976-01-23 00:00:00 | 95033 | 101    |
| 108 | 曾华   | 男   | 1977-09-01 00:00:00 | 95033 | 101    |
| 109 | 王芳   | 女   | 1975-02-10 00:00:00 | 95031 | 103    |
+-----+--------+------+---------------------+-------+--------+
6 rows in set (0.00 sec)

mysql> select * from grade;
+-----+-------+--------+
| sno | cno   | degree |
+-----+-------+--------+
| 101 | 3-105 |     64 |
| 101 | 3-245 |     92 |
| 101 | 6-166 |     85 |
| 103 | 3-105 |     92 |
| 103 | 3-245 |     86 |
| 105 | 3-105 |     88 |
| 105 | 3-245 |     75 |
| 107 | 3-105 |     91 |
| 107 | 6-106 |     79 |
| 108 | 3-105 |     78 |
| 109 | 3-105 |     76 |
| 109 | 3-245 |     68 |
+-----+-------+--------+
12 rows in set (0.01 sec)

mysql> insert into student(sno,sname,class) values('102','马六','95033');
Query OK, 1 row affected (0.01 sec)

mysql> select * from student s join grade g on g.sno=s.sno;
+-----+--------+------+---------------------+-------+--------+-----+-------+--------+
| sno | sname  | ssex | sbirthday           | class | master | sno | cno   | degree |
+-----+--------+------+---------------------+-------+--------+-----+-------+--------+
| 101 | 李军   | 男   | 1976-02-20 00:00:00 | 95033 | 101    | 101 | 3-105 |     64 |
| 101 | 李军   | 男   | 1976-02-20 00:00:00 | 95033 | 101    | 101 | 3-245 |     92 |
| 101 | 李军   | 男   | 1976-02-20 00:00:00 | 95033 | 101    | 101 | 6-166 |     85 |
| 103 | 陆君   | 男   | 1974-06-03 00:00:00 | 95031 | 103    | 103 | 3-105 |     92 |
| 103 | 陆君   | 男   | 1974-06-03 00:00:00 | 95031 | 103    | 103 | 3-245 |     86 |
| 105 | 匡明   | 男   | 1975-10-02 00:00:00 | 95031 | 103    | 105 | 3-105 |     88 |
| 105 | 匡明   | 男   | 1975-10-02 00:00:00 | 95031 | 103    | 105 | 3-245 |     75 |
| 107 | 王丽   | 女   | 1976-01-23 00:00:00 | 95033 | 101    | 107 | 3-105 |     91 |
| 107 | 王丽   | 女   | 1976-01-23 00:00:00 | 95033 | 101    | 107 | 6-106 |     79 |
| 108 | 曾华   | 男   | 1977-09-01 00:00:00 | 95033 | 101    | 108 | 3-105 |     78 |
| 109 | 王芳   | 女   | 1975-02-10 00:00:00 | 95031 | 103    | 109 | 3-105 |     76 |
| 109 | 王芳   | 女   | 1975-02-10 00:00:00 | 95031 | 103    | 109 | 3-245 |     68 |
+-----+--------+------+---------------------+-------+--------+-----+-------+--------+
12 rows in set (0.00 sec)

mysql> select * from student s left join grade g on g.sno=s.sno;
+-----+--------+------+---------------------+-------+--------+------+-------+--------+
| sno | sname  | ssex | sbirthday           | class | master | sno  | cno   | degree |
+-----+--------+------+---------------------+-------+--------+------+-------+--------+
| 101 | 李军   | 男   | 1976-02-20 00:00:00 | 95033 | 101    | 101  | 3-105 |     64 |
| 101 | 李军   | 男   | 1976-02-20 00:00:00 | 95033 | 101    | 101  | 3-245 |     92 |
| 101 | 李军   | 男   | 1976-02-20 00:00:00 | 95033 | 101    | 101  | 6-166 |     85 |
| 102 | 马六   | NULL | NULL                | 95033 | NULL   | NULL | NULL  |   NULL |
| 103 | 陆君   | 男   | 1974-06-03 00:00:00 | 95031 | 103    | 103  | 3-105 |     92 |
| 103 | 陆君   | 男   | 1974-06-03 00:00:00 | 95031 | 103    | 103  | 3-245 |     86 |
| 105 | 匡明   | 男   | 1975-10-02 00:00:00 | 95031 | 103    | 105  | 3-105 |     88 |
| 105 | 匡明   | 男   | 1975-10-02 00:00:00 | 95031 | 103    | 105  | 3-245 |     75 |
| 107 | 王丽   | 女   | 1976-01-23 00:00:00 | 95033 | 101    | 107  | 3-105 |     91 |
| 107 | 王丽   | 女   | 1976-01-23 00:00:00 | 95033 | 101    | 107  | 6-106 |     79 |
| 108 | 曾华   | 男   | 1977-09-01 00:00:00 | 95033 | 101    | 108  | 3-105 |     78 |
| 109 | 王芳   | 女   | 1975-02-10 00:00:00 | 95031 | 103    | 109  | 3-105 |     76 |
| 109 | 王芳   | 女   | 1975-02-10 00:00:00 | 95031 | 103    | 109  | 3-245 |     68 |
+-----+--------+------+---------------------+-------+--------+------+-------+--------+
13 rows in set (0.01 sec)

mysql> select * from  grade g right student s on g.sno=s.sno;
ERROR 1064 (42000): You have an error in your SQL syntax; check the manual that corresponds to your MySQL server version for the right syntax to use near 'student s on g.sno=s.sno' at line 1
mysql> select * from  grade g right join student s on g.sno=s.sno;
+------+-------+--------+-----+--------+------+---------------------+-------+--------+
| sno  | cno   | degree | sno | sname  | ssex | sbirthday           | class | master |
+------+-------+--------+-----+--------+------+---------------------+-------+--------+
| 101  | 3-105 |     64 | 101 | 李军   | 男   | 1976-02-20 00:00:00 | 95033 | 101    |
| 101  | 3-245 |     92 | 101 | 李军   | 男   | 1976-02-20 00:00:00 | 95033 | 101    |
| 101  | 6-166 |     85 | 101 | 李军   | 男   | 1976-02-20 00:00:00 | 95033 | 101    |
| NULL | NULL  |   NULL | 102 | 马六   | NULL | NULL                | 95033 | NULL   |
| 103  | 3-105 |     92 | 103 | 陆君   | 男   | 1974-06-03 00:00:00 | 95031 | 103    |
| 103  | 3-245 |     86 | 103 | 陆君   | 男   | 1974-06-03 00:00:00 | 95031 | 103    |
| 105  | 3-105 |     88 | 105 | 匡明   | 男   | 1975-10-02 00:00:00 | 95031 | 103    |
| 105  | 3-245 |     75 | 105 | 匡明   | 男   | 1975-10-02 00:00:00 | 95031 | 103    |
| 107  | 3-105 |     91 | 107 | 王丽   | 女   | 1976-01-23 00:00:00 | 95033 | 101    |
| 107  | 6-106 |     79 | 107 | 王丽   | 女   | 1976-01-23 00:00:00 | 95033 | 101    |
| 108  | 3-105 |     78 | 108 | 曾华   | 男   | 1977-09-01 00:00:00 | 95033 | 101    |
| 109  | 3-105 |     76 | 109 | 王芳   | 女   | 1975-02-10 00:00:00 | 95031 | 103    |
| 109  | 3-245 |     68 | 109 | 王芳   | 女   | 1975-02-10 00:00:00 | 95031 | 103    |
+------+-------+--------+-----+--------+------+---------------------+-------+--------+
13 rows in set (0.00 sec)

mysql> select * from student;
+-----+--------+------+---------------------+-------+--------+
| sno | sname  | ssex | sbirthday           | class | master |
+-----+--------+------+---------------------+-------+--------+
| 101 | 李军   | 男   | 1976-02-20 00:00:00 | 95033 | 101    |
| 102 | 马六   | NULL | NULL                | 95033 | NULL   |
| 103 | 陆君   | 男   | 1974-06-03 00:00:00 | 95031 | 103    |
| 105 | 匡明   | 男   | 1975-10-02 00:00:00 | 95031 | 103    |
| 107 | 王丽   | 女   | 1976-01-23 00:00:00 | 95033 | 101    |
| 108 | 曾华   | 男   | 1977-09-01 00:00:00 | 95033 | 101    |
| 109 | 王芳   | 女   | 1975-02-10 00:00:00 | 95031 | 103    |
+-----+--------+------+---------------------+-------+--------+
7 rows in set (0.00 sec)

mysql> select * from teacher;
+-----+--------+------+---------------------+-----------+-----------------+
| tno | tname  | tsex | tbirthday           | prof      | depart          |
+-----+--------+------+---------------------+-----------+-----------------+
| 804 | 李诚   | 男   | 1958-12-02 00:00:00 | 副教授    | 计算机系        |
| 825 | 王萍   | 女   | 1972-05-05 00:00:00 | 助教      | 计算机系        |
| 831 | 刘冰   | 女   | 1977-08-14 00:00:00 | 助教      | 电子工程系      |
| 856 | 张旭   | 男   | 1969-03-12 00:00:00 | 讲师      | 电子工程系      |
+-----+--------+------+---------------------+-----------+-----------------+
4 rows in set (0.00 sec)

mysql> select * from student where ssex='女';
+-----+--------+------+---------------------+-------+--------+
| sno | sname  | ssex | sbirthday           | class | master |
+-----+--------+------+---------------------+-------+--------+
| 107 | 王丽   | 女   | 1976-01-23 00:00:00 | 95033 | 101    |
| 109 | 王芳   | 女   | 1975-02-10 00:00:00 | 95031 | 103    |
+-----+--------+------+---------------------+-------+--------+
2 rows in set (0.00 sec)

mysql> select * from teacher where tsex='女';
+-----+--------+------+---------------------+--------+-----------------+
| tno | tname  | tsex | tbirthday           | prof   | depart          |
+-----+--------+------+---------------------+--------+-----------------+
| 825 | 王萍   | 女   | 1972-05-05 00:00:00 | 助教   | 计算机系        |
| 831 | 刘冰   | 女   | 1977-08-14 00:00:00 | 助教   | 电子工程系      |
+-----+--------+------+---------------------+--------+-----------------+
2 rows in set (0.00 sec)

mysql> select * from student where ssex='女' union
    -> select * from teacher where tsex='女';
+-----+--------+------+---------------------+--------+-----------------+
| sno | sname  | ssex | sbirthday           | class  | master          |
+-----+--------+------+---------------------+--------+-----------------+
| 107 | 王丽   | 女   | 1976-01-23 00:00:00 | 95033  | 101             |
| 109 | 王芳   | 女   | 1975-02-10 00:00:00 | 95031  | 103             |
| 825 | 王萍   | 女   | 1972-05-05 00:00:00 | 助教   | 计算机系        |
| 831 | 刘冰   | 女   | 1977-08-14 00:00:00 | 助教   | 电子工程系      |
+-----+--------+------+---------------------+--------+-----------------+
4 rows in set (0.00 sec)

mysql> select sno,sname from student where ssex='女' union  select tname from teacher where tsex='女';
ERROR 1222 (21000): The used SELECT statements have a different number of columns
mysql> select sno,sname from student where ssex='女' union  select tno, tname from teacher where tsex='女';
+-----+--------+
| sno | sname  |
+-----+--------+
| 107 | 王丽   |
| 109 | 王芳   |
| 825 | 王萍   |
| 831 | 刘冰   |
+-----+--------+
4 rows in set (0.00 sec)

mysql> select sno,sname ,ssex from student where ssex='女' union  select tno, tname,tbirthday from teacher where tsex='女';
+-----+--------+---------------------+
| sno | sname  | ssex                |
+-----+--------+---------------------+
| 107 | 王丽   | 女                  |
| 109 | 王芳   | 女                  |
| 825 | 王萍   | 1972-05-05 00:00:00 |
| 831 | 刘冰   | 1977-08-14 00:00:00 |
+-----+--------+---------------------+
4 rows in set (0.00 sec)

mysql> select sno,sname ,1 from student where ssex='女' union  select tno, tname,tbirthday from teacher where tsex='女';
+-----+--------+---------------------+
| sno | sname  | 1                   |
+-----+--------+---------------------+
| 107 | 王丽   | 1                   |
| 109 | 王芳   | 1                   |
| 825 | 王萍   | 1972-05-05 00:00:00 |
| 831 | 刘冰   | 1977-08-14 00:00:00 |
+-----+--------+---------------------+
4 rows in set (0.00 sec)

mysql> select sno,sname ,sbirthday from student where ssex='女' order by sname union  select tno, tname,tbirthday from teacher where tsex='女';
ERROR 1221 (HY000): Incorrect usage of UNION and ORDER BY
mysql> select sno,sname ,sbirthday from student where ssex='女'  union  select tno, tname,tbirthday from teacher where tsex='女' order by sname;
+-----+--------+---------------------+
| sno | sname  | sbirthday           |
+-----+--------+---------------------+
| 831 | 刘冰   | 1977-08-14 00:00:00 |
| 107 | 王丽   | 1976-01-23 00:00:00 |
| 109 | 王芳   | 1975-02-10 00:00:00 |
| 825 | 王萍   | 1972-05-05 00:00:00 |
+-----+--------+---------------------+
4 rows in set (0.00 sec)

mysql> select char_length(sname) from student;
+--------------------+
| char_length(sname) |
+--------------------+
|                  2 |
|                  2 |
|                  2 |
|                  2 |
|                  2 |
|                  2 |
|                  2 |
+--------------------+
7 rows in set (0.01 sec)

mysql> select char_length(cname) from course;
+--------------------+
| char_length(cname) |
+--------------------+
|                  5 |
|                  4 |
|                  4 |
|                  4 |
+--------------------+
4 rows in set (0.00 sec)

mysql> select lower("DDDDD");
+----------------+
| lower("DDDDD") |
+----------------+
| ddddd          |
+----------------+
1 row in set (0.01 sec)

mysql> select upper('eeee');
+---------------+
| upper('eeee') |
+---------------+
| EEEE          |
+---------------+
1 row in set (0.01 sec)

mysql> select upper('eeeeDDd');
+------------------+
| upper('eeeeDDd') |
+------------------+
| EEEEDDD          |
+------------------+
1 row in set (0.00 sec)

mysql> select left('hello',2);
+-----------------+
| left('hello',2) |
+-----------------+
| he              |
+-----------------+
1 row in set (0.00 sec)

mysql> select curdate();
+------------+
| curdate()  |
+------------+
| 2019-05-22 |
+------------+
1 row in set (0.00 sec)

mysql> select curtime();
+-----------+
| curtime() |
+-----------+
| 11:48:19  |
+-----------+
1 row in set (0.00 sec)

mysql> select now();
+---------------------+
| now()               |
+---------------------+
| 2019-05-22 11:48:26 |
+---------------------+
1 row in set (0.00 sec)

mysql> select date(now());
+-------------+
| date(now()) |
+-------------+
| 2019-05-22  |
+-------------+
1 row in set (0.00 sec)

mysql> select time(now());
+-------------+
| time(now()) |
+-------------+
| 11:48:40    |
+-------------+
1 row in set (0.00 sec)

mysql> select year(now());
+-------------+
| year(now()) |
+-------------+
|        2019 |
+-------------+
1 row in set (0.00 sec)

mysql> select date_format(now(),"%d-%m-%Y");
+-------------------------------+
| date_format(now(),"%d-%m-%Y") |
+-------------------------------+
| 22-05-2019                    |
+-------------------------------+
1 row in set (0.01 sec)

mysql> select date_format(now(),"%d月%m年%Y");
+-----------------------------------+
| date_format(now(),"%d月%m年%Y")   |
+-----------------------------------+
| 22月05年2019                      |
+-----------------------------------+
1 row in set (0.01 sec)

mysql> select rand();
+--------------------+
| rand()             |
+--------------------+
| 0.6463106140925647 |
+--------------------+
1 row in set (0.00 sec)

mysql> select rand();
+--------------------+
| rand()             |
+--------------------+
| 0.6529263413072809 |
+--------------------+
1 row in set (0.00 sec)

mysql> select rand();
+---------------------+
| rand()              |
+---------------------+
| 0.32569989499235513 |
+---------------------+
1 row in set (0.00 sec)

mysql> select if(5,10,-5);
+-------------+
| if(5,10,-5) |
+-------------+
|          10 |
+-------------+
1 row in set (0.01 sec)

mysql> select if(0,10,-5);
+-------------+
| if(0,10,-5) |
+-------------+
|          -5 |
+-------------+
1 row in set (0.00 sec)

mysql> select if(degree>80,'优秀','良好') from grade;
+---------------------------------+
| if(degree>80,'优秀','良好')     |
+---------------------------------+
| 良好                            |
| 优秀                            |
| 优秀                            |
| 优秀                            |
| 优秀                            |
| 优秀                            |
| 良好                            |
| 优秀                            |
| 良好                            |
| 良好                            |
| 良好                            |
| 良好                            |
+---------------------------------+
12 rows in set (0.00 sec)

mysql> select * from student;
+-----+--------+------+---------------------+-------+--------+
| sno | sname  | ssex | sbirthday           | class | master |
+-----+--------+------+---------------------+-------+--------+
| 101 | 李军   | 男   | 1976-02-20 00:00:00 | 95033 | 101    |
| 102 | 马六   | NULL | NULL                | 95033 | NULL   |
| 103 | 陆君   | 男   | 1974-06-03 00:00:00 | 95031 | 103    |
| 105 | 匡明   | 男   | 1975-10-02 00:00:00 | 95031 | 103    |
| 107 | 王丽   | 女   | 1976-01-23 00:00:00 | 95033 | 101    |
| 108 | 曾华   | 男   | 1977-09-01 00:00:00 | 95033 | 101    |
| 109 | 王芳   | 女   | 1975-02-10 00:00:00 | 95031 | 103    |
+-----+--------+------+---------------------+-------+--------+
7 rows in set (0.00 sec)

mysql> select if(sbirthday is null,'1990-1-1',sbirthday) from student;
+--------------------------------------------+
| if(sbirthday is null,'1990-1-1',sbirthday) |
+--------------------------------------------+
| 1976-02-20 00:00:00                        |
| 1990-1-1                                   |
| 1974-06-03 00:00:00                        |
| 1975-10-02 00:00:00                        |
| 1976-01-23 00:00:00                        |
| 1977-09-01 00:00:00                        |
| 1975-02-10 00:00:00                        |
+--------------------------------------------+
7 rows in set (0.00 sec)

mysql> select  2019- year( if(sbirthday is null,'1990-1-1',sbirthday)) from student;
+---------------------------------------------------------+
| 2019- year( if(sbirthday is null,'1990-1-1',sbirthday)) |
+---------------------------------------------------------+
|                                                      43 |
|                                                      29 |
|                                                      45 |
|                                                      44 |
|                                                      43 |
|                                                      42 |
|                                                      44 |
+---------------------------------------------------------+
7 rows in set (0.00 sec)

mysql> select md5('123');
+----------------------------------+
| md5('123')                       |
+----------------------------------+
| 202cb962ac59075b964b07152d234b70 |
+----------------------------------+
1 row in set (0.01 sec)

mysql> select sha1('123');
+------------------------------------------+
| sha1('123')                              |
+------------------------------------------+
| 40bd001563085fc35165329ea1ff5c5ecbdbbeef |
+------------------------------------------+
1 row in set (0.00 sec)

mysql> select @@autocommit;
+--------------+
| @@autocommit |
+--------------+
|            1 |
+--------------+
1 row in set (0.00 sec)

mysql> set autocommit = 1;
Query OK, 0 rows affected (0.00 sec)

mysql> select @@autocommit;
+--------------+
| @@autocommit |
+--------------+
|            1 |
+--------------+
1 row in set (0.00 sec)

mysql> set autocommit = 0;
Query OK, 0 rows affected (0.00 sec)

mysql> select @@autocommit;
+--------------+
| @@autocommit |
+--------------+
|            0 |
+--------------+
1 row in set (0.00 sec)

mysql> create table account(
    -> id int primary key auto_increment,
    -> name  varchar(20) not null,
    -> money float 
    -> );
Query OK, 0 rows affected (0.36 sec)

mysql> desc account
    -> ;
+-------+-------------+------+-----+---------+----------------+
| Field | Type        | Null | Key | Default | Extra          |
+-------+-------------+------+-----+---------+----------------+
| id    | int(11)     | NO   | PRI | NULL    | auto_increment |
| name  | varchar(20) | NO   |     | NULL    |                |
| money | float       | YES  |     | NULL    |                |
+-------+-------------+------+-----+---------+----------------+
3 rows in set (0.01 sec)

mysql> insert into account(name,money) values('tom',1000),('mary',2000);
Query OK, 2 rows affected (0.00 sec)
Records: 2  Duplicates: 0  Warnings: 0

mysql> select * from account;
+----+------+-------+
| id | name | money |
+----+------+-------+
|  1 | tom  |  1000 |
|  2 | mary |  2000 |
+----+------+-------+
2 rows in set (0.00 sec)

mysql> begin;
Query OK, 0 rows affected (0.00 sec)

mysql> update account set money=money-500 where id=1;
Query OK, 1 row affected (0.00 sec)
Rows matched: 1  Changed: 1  Warnings: 0

mysql> select * from account;
+----+------+-------+
| id | name | money |
+----+------+-------+
|  1 | tom  |   500 |
|  2 | mary |  2000 |
+----+------+-------+
2 rows in set (0.01 sec)

mysql> select database();
+------------+
| database() |
+------------+
| homework   |
+------------+
1 row in set (0.00 sec)

mysql> update account set money=money+500 where id=2;
Query OK, 1 row affected (0.00 sec)
Rows matched: 1  Changed: 1  Warnings: 0

mysql> select * from account;
+----+------+-------+
| id | name | money |
+----+------+-------+
|  1 | tom  |   500 |
|  2 | mary |  2500 |
+----+------+-------+
2 rows in set (0.00 sec)

mysql> commit;
Query OK, 0 rows affected (0.01 sec)

mysql> update account set money=money-500 where id=2;
Query OK, 1 row affected (0.00 sec)
Rows matched: 1  Changed: 1  Warnings: 0

mysql> select * from account;
+----+------+-------+
| id | name | money |
+----+------+-------+
|  1 | tom  |   500 |
|  2 | mary |  2000 |
+----+------+-------+
2 rows in set (0.00 sec)

mysql> update account set money=money+500 where id=2;
Query OK, 1 row affected (0.00 sec)
Rows matched: 1  Changed: 1  Warnings: 0

mysql> select * from account;
+----+------+-------+
| id | name | money |
+----+------+-------+
|  1 | tom  |   500 |
|  2 | mary |  2500 |
+----+------+-------+
2 rows in set (0.00 sec)

mysql> begin
    -> ;
Query OK, 0 rows affected (0.01 sec)

mysql> update account set money=money-300 where id=2;
Query OK, 1 row affected (0.01 sec)
Rows matched: 1  Changed: 1  Warnings: 0

mysql> update account set money=money+400 where id=1;
Query OK, 1 row affected (0.00 sec)
Rows matched: 1  Changed: 1  Warnings: 0

mysql> select * from account;
+----+------+-------+
| id | name | money |
+----+------+-------+
|  1 | tom  |   900 |
|  2 | mary |  2200 |
+----+------+-------+
2 rows in set (0.00 sec)

mysql> rollback;
Query OK, 0 rows affected (0.00 sec)

mysql> select * from account;
+----+------+-------+
| id | name | money |
+----+------+-------+
|  1 | tom  |   500 |
|  2 | mary |  2500 |
+----+------+-------+
2 rows in set (0.00 sec)

mysql> set autocommit = 1;
Query OK, 0 rows affected (0.00 sec)

mysql> select @@autocommit;
+--------------+
| @@autocommit |
+--------------+
|            1 |
+--------------+
1 row in set (0.00 sec)

mysql> create user 'python'@'%' identified '123';
ERROR 1064 (42000): You have an error in your SQL syntax; check the manual that corresponds to your MySQL server version for the right syntax to use near ''123'' at line 1
mysql>  create user 'python'@'%' identified '123';
ERROR 1064 (42000): You have an error in your SQL syntax; check the manual that corresponds to your MySQL server version for the right syntax to use near ''123'' at line 1
mysql> create user 'python'@'%' identified by '123'
    -> ;
Query OK, 0 rows affected (0.02 sec)

mysql> quit
Bye
sslcheese@HZX-PC:~$ mysql -upython -p
Enter password: 
Welcome to the MySQL monitor.  Commands end with ; or \g.
Your MySQL connection id is 11
Server version: 5.7.26-0ubuntu0.16.04.1 (Ubuntu)

Copyright (c) 2000, 2019, Oracle and/or its affiliates. All rights reserved.

Oracle is a registered trademark of Oracle Corporation and/or its
affiliates. Other names may be trademarks of their respective
owners.

Type 'help;' or '\h' for help. Type '\c' to clear the current input statement.

mysql> show databases;
+--------------------+
| Database           |
+--------------------+
| information_schema |
+--------------------+
1 row in set (0.00 sec)

mysql> create user 'dd'@'%' identified by '222';
ERROR 1227 (42000): Access denied; you need (at least one of) the CREATE USER privilege(s) for this operation
mysql> quit
Bye
sslcheese@HZX-PC:~$ mysql -uroot -p
Enter password: 
Welcome to the MySQL monitor.  Commands end with ; or \g.
Your MySQL connection id is 12
Server version: 5.7.26-0ubuntu0.16.04.1 (Ubuntu)

Copyright (c) 2000, 2019, Oracle and/or its affiliates. All rights reserved.

Oracle is a registered trademark of Oracle Corporation and/or its
affiliates. Other names may be trademarks of their respective
owners.

Type 'help;' or '\h' for help. Type '\c' to clear the current input statement.

mysql> show databases;
+--------------------+
| Database           |
+--------------------+
| information_schema |
| bj1904             |
| bj19041            |
| homework           |
| mysql              |
| performance_schema |
| sys                |
+--------------------+
7 rows in set (0.00 sec)

mysql> use homework;
Reading table information for completion of table and column names
You can turn off this feature to get a quicker startup with -A

Database changed
mysql> use mysql;
Reading table information for completion of table and column names
You can turn off this feature to get a quicker startup with -A

Database changed
mysql> select database();
+------------+
| database() |
+------------+
| mysql      |
+------------+
1 row in set (0.00 sec)

mysql> show tables;
+---------------------------+
| Tables_in_mysql           |
+---------------------------+
| columns_priv              |
| db                        |
| engine_cost               |
| event                     |
| func                      |
| general_log               |
| gtid_executed             |
| help_category             |
| help_keyword              |
| help_relation             |
| help_topic                |
| innodb_index_stats        |
| innodb_table_stats        |
| ndb_binlog_index          |
| plugin                    |
| proc                      |
| procs_priv                |
| proxies_priv              |
| server_cost               |
| servers                   |
| slave_master_info         |
| slave_relay_log_info      |
| slave_worker_info         |
| slow_log                  |
| tables_priv               |
| time_zone                 |
| time_zone_leap_second     |
| time_zone_name            |
| time_zone_transition      |
| time_zone_transition_type |
| user                      |
+---------------------------+
31 rows in set (0.00 sec)

mysql> select * from user;
+-----------+------------------+-------------+-------------+-------------+-------------+-------------+-----------+-------------+---------------+--------------+-----------+------------+-----------------+------------+------------+--------------+------------+-----------------------+------------------+--------------+-----------------+------------------+------------------+----------------+---------------------+--------------------+------------------+------------+--------------+------------------------+----------+------------+-------------+--------------+---------------+-------------+-----------------+----------------------+-----------------------+-------------------------------------------+------------------+-----------------------+-------------------+----------------+
| Host      | User             | Select_priv | Insert_priv | Update_priv | Delete_priv | Create_priv | Drop_priv | Reload_priv | Shutdown_priv | Process_priv | File_priv | Grant_priv | References_priv | Index_priv | Alter_priv | Show_db_priv | Super_priv | Create_tmp_table_priv | Lock_tables_priv | Execute_priv | Repl_slave_priv | Repl_client_priv | Create_view_priv | Show_view_priv | Create_routine_priv | Alter_routine_priv | Create_user_priv | Event_priv | Trigger_priv | Create_tablespace_priv | ssl_type | ssl_cipher | x509_issuer | x509_subject | max_questions | max_updates | max_connections | max_user_connections | plugin                | authentication_string                     | password_expired | password_last_changed | password_lifetime | account_locked |
+-----------+------------------+-------------+-------------+-------------+-------------+-------------+-----------+-------------+---------------+--------------+-----------+------------+-----------------+------------+------------+--------------+------------+-----------------------+------------------+--------------+-----------------+------------------+------------------+----------------+---------------------+--------------------+------------------+------------+--------------+------------------------+----------+------------+-------------+--------------+---------------+-------------+-----------------+----------------------+-----------------------+-------------------------------------------+------------------+-----------------------+-------------------+----------------+
| localhost | root             | Y           | Y           | Y           | Y           | Y           | Y         | Y           | Y             | Y            | Y         | Y          | Y               | Y          | Y          | Y            | Y          | Y                     | Y                | Y            | Y               | Y                | Y                | Y              | Y                   | Y                  | Y                | Y          | Y            | Y                      |          |            |             |              |             0 |           0 |               0 |                    0 | mysql_native_password | *42AD7BBE553335EE72E34106C9017D1A8F96D3C6 | N                | 2018-01-27 12:25:04   |              NULL | N              |
| localhost | mysql.session    | N           | N           | N           | N           | N           | N         | N           | N             | N            | N         | N          | N               | N          | N          | N            | Y          | N                     | N                | N            | N               | N                | N                | N              | N                   | N                  | N                | N          | N            | N                      |          |            |             |              |             0 |           0 |               0 |                    0 | mysql_native_password | *THISISNOTAVALIDPASSWORDTHATCANBEUSEDHERE | N                | 2017-09-16 20:22:03   |              NULL | Y              |
| localhost | mysql.sys        | N           | N           | N           | N           | N           | N         | N           | N             | N            | N         | N          | N               | N          | N          | N            | N          | N                     | N                | N            | N               | N                | N                | N              | N                   | N                  | N                | N          | N            | N                      |          |            |             |              |             0 |           0 |               0 |                    0 | mysql_native_password | *THISISNOTAVALIDPASSWORDTHATCANBEUSEDHERE | N                | 2017-09-16 20:22:03   |              NULL | Y              |
| localhost | debian-sys-maint | Y           | Y           | Y           | Y           | Y           | Y         | Y           | Y             | Y            | Y         | Y          | Y               | Y          | Y          | Y            | Y          | Y                     | Y                | Y            | Y               | Y                | Y                | Y              | Y                   | Y                  | Y                | Y          | Y            | Y                      |          |            |             |              |             0 |           0 |               0 |                    0 | mysql_native_password | *32A7870CDCF13E51FDF7575497438FC817790A2B | N                | 2017-09-16 20:22:03   |              NULL | N              |
| %         | python           | N           | N           | N           | N           | N           | N         | N           | N             | N            | N         | N          | N               | N          | N          | N            | N          | N                     | N                | N            | N               | N                | N                | N              | N                   | N                  | N                | N          | N            | N                      |          |            |             |              |             0 |           0 |               0 |                    0 | mysql_native_password | *23AE809DDACAF96AF0FD78ED04B6A265E05AA257 | N                | 2019-05-22 14:28:29   |              NULL | N              |
+-----------+------------------+-------------+-------------+-------------+-------------+-------------+-----------+-------------+---------------+--------------+-----------+------------+-----------------+------------+------------+--------------+------------+-----------------------+------------------+--------------+-----------------+------------------+------------------+----------------+---------------------+--------------------+------------------+------------+--------------+------------------------+----------+------------+-------------+--------------+---------------+-------------+-----------------+----------------------+-----------------------+-------------------------------------------+------------------+-----------------------+-------------------+----------------+
5 rows in set (0.00 sec)

mysql> 
mysql> select * from user \G;
*************************** 1. row ***************************
                  Host: localhost
                  User: root
           Select_priv: Y
           Insert_priv: Y
           Update_priv: Y
           Delete_priv: Y
           Create_priv: Y
             Drop_priv: Y
           Reload_priv: Y
         Shutdown_priv: Y
          Process_priv: Y
             File_priv: Y
            Grant_priv: Y
       References_priv: Y
            Index_priv: Y
            Alter_priv: Y
          Show_db_priv: Y
            Super_priv: Y
 Create_tmp_table_priv: Y
      Lock_tables_priv: Y
          Execute_priv: Y
       Repl_slave_priv: Y
      Repl_client_priv: Y
      Create_view_priv: Y
        Show_view_priv: Y
   Create_routine_priv: Y
    Alter_routine_priv: Y
      Create_user_priv: Y
            Event_priv: Y
          Trigger_priv: Y
Create_tablespace_priv: Y
              ssl_type: 
            ssl_cipher: 
           x509_issuer: 
          x509_subject: 
         max_questions: 0
           max_updates: 0
       max_connections: 0
  max_user_connections: 0
                plugin: mysql_native_password
 authentication_string: *42AD7BBE553335EE72E34106C9017D1A8F96D3C6
      password_expired: N
 password_last_changed: 2018-01-27 12:25:04
     password_lifetime: NULL
        account_locked: N
*************************** 2. row ***************************
                  Host: localhost
                  User: mysql.session
           Select_priv: N
           Insert_priv: N
           Update_priv: N
           Delete_priv: N
           Create_priv: N
             Drop_priv: N
           Reload_priv: N
         Shutdown_priv: N
          Process_priv: N
             File_priv: N
            Grant_priv: N
       References_priv: N
            Index_priv: N
            Alter_priv: N
          Show_db_priv: N
            Super_priv: Y
 Create_tmp_table_priv: N
      Lock_tables_priv: N
          Execute_priv: N
       Repl_slave_priv: N
      Repl_client_priv: N
      Create_view_priv: N
        Show_view_priv: N
   Create_routine_priv: N
    Alter_routine_priv: N
      Create_user_priv: N
            Event_priv: N
          Trigger_priv: N
Create_tablespace_priv: N
              ssl_type: 
            ssl_cipher: 
           x509_issuer: 
          x509_subject: 
         max_questions: 0
           max_updates: 0
       max_connections: 0
  max_user_connections: 0
                plugin: mysql_native_password
 authentication_string: *THISISNOTAVALIDPASSWORDTHATCANBEUSEDHERE
      password_expired: N
 password_last_changed: 2017-09-16 20:22:03
     password_lifetime: NULL
        account_locked: Y
*************************** 3. row ***************************
                  Host: localhost
                  User: mysql.sys
           Select_priv: N
           Insert_priv: N
           Update_priv: N
           Delete_priv: N
           Create_priv: N
             Drop_priv: N
           Reload_priv: N
         Shutdown_priv: N
          Process_priv: N
             File_priv: N
            Grant_priv: N
       References_priv: N
            Index_priv: N
            Alter_priv: N
          Show_db_priv: N
            Super_priv: N
 Create_tmp_table_priv: N
      Lock_tables_priv: N
          Execute_priv: N
       Repl_slave_priv: N
      Repl_client_priv: N
      Create_view_priv: N
        Show_view_priv: N
   Create_routine_priv: N
    Alter_routine_priv: N
      Create_user_priv: N
            Event_priv: N
          Trigger_priv: N
Create_tablespace_priv: N
              ssl_type: 
            ssl_cipher: 
           x509_issuer: 
          x509_subject: 
         max_questions: 0
           max_updates: 0
       max_connections: 0
  max_user_connections: 0
                plugin: mysql_native_password
 authentication_string: *THISISNOTAVALIDPASSWORDTHATCANBEUSEDHERE
      password_expired: N
 password_last_changed: 2017-09-16 20:22:03
     password_lifetime: NULL
        account_locked: Y
*************************** 4. row ***************************
                  Host: localhost
                  User: debian-sys-maint
           Select_priv: Y
           Insert_priv: Y
           Update_priv: Y
           Delete_priv: Y
           Create_priv: Y
             Drop_priv: Y
           Reload_priv: Y
         Shutdown_priv: Y
          Process_priv: Y
             File_priv: Y
            Grant_priv: Y
       References_priv: Y
            Index_priv: Y
            Alter_priv: Y
          Show_db_priv: Y
            Super_priv: Y
 Create_tmp_table_priv: Y
      Lock_tables_priv: Y
          Execute_priv: Y
       Repl_slave_priv: Y
      Repl_client_priv: Y
      Create_view_priv: Y
        Show_view_priv: Y
   Create_routine_priv: Y
    Alter_routine_priv: Y
      Create_user_priv: Y
            Event_priv: Y
          Trigger_priv: Y
Create_tablespace_priv: Y
              ssl_type: 
            ssl_cipher: 
           x509_issuer: 
          x509_subject: 
         max_questions: 0
           max_updates: 0
       max_connections: 0
  max_user_connections: 0
                plugin: mysql_native_password
 authentication_string: *32A7870CDCF13E51FDF7575497438FC817790A2B
      password_expired: N
 password_last_changed: 2017-09-16 20:22:03
     password_lifetime: NULL
        account_locked: N
*************************** 5. row ***************************
                  Host: %
                  User: python
           Select_priv: N
           Insert_priv: N
           Update_priv: N
           Delete_priv: N
           Create_priv: N
             Drop_priv: N
           Reload_priv: N
         Shutdown_priv: N
          Process_priv: N
             File_priv: N
            Grant_priv: N
       References_priv: N
            Index_priv: N
            Alter_priv: N
          Show_db_priv: N
            Super_priv: N
 Create_tmp_table_priv: N
      Lock_tables_priv: N
          Execute_priv: N
       Repl_slave_priv: N
      Repl_client_priv: N
      Create_view_priv: N
        Show_view_priv: N
   Create_routine_priv: N
    Alter_routine_priv: N
      Create_user_priv: N
            Event_priv: N
          Trigger_priv: N
Create_tablespace_priv: N
              ssl_type: 
            ssl_cipher: 
           x509_issuer: 
          x509_subject: 
         max_questions: 0
           max_updates: 0
       max_connections: 0
  max_user_connections: 0
                plugin: mysql_native_password
 authentication_string: *23AE809DDACAF96AF0FD78ED04B6A265E05AA257
      password_expired: N
 password_last_changed: 2019-05-22 14:28:29
     password_lifetime: NULL
        account_locked: N
5 rows in set (0.00 sec)

ERROR: 
No query specified

mysql> 
mysql> update user set authentication_string = password('123'),hos)෱������翦���������'
    -> ;
Query OK, 1 row affected, 1 warning (0.01 sec)
Rows matched: 1  Changed: 1  Warnings: 1

mysql> flush previliages;
ERROR 1064 (42000): You have an error in your SQL syntax; check the manual that corresponds to your MySQL server version for the right syntax to use near 'previliages' at line 1
mysql> flush privileges;
Query OK, 0 rows affected (0.01 sec)

mysql> 
mysql> quit
Bye
sslcheese@HZX-PC:~$ mysql -uroot -p
Enter password: 
Welcome to the MySQL monitor.  Commands end with ; or \g.
Your MySQL connection id is 13
Server version: 5.7.26-0ubuntu0.16.04.1 (Ubuntu)

Copyright (c) 2000, 2019, Oracle and/or its affiliates. All rights reserved.

Oracle is a registered trademark of Oracle Corporation and/or its
affiliates. Other names may be trademarks of their respective
owners.

Type 'help;' or '\h' for help. Type '\c' to clear the current input statement.

mysql> quit
Bye
sslcheese@HZX-PC:~$ cd /etc/mysql
sslcheese@HZX-PC:/etc/mysql$ ls
conf.d      debian-start  my.cnf           mysql.cnf     mysql-fabric-doctrine-1.4.0.zip
debian.cnf  fabric.cfg    my.cnf.fallback  mysql.conf.d
sslcheese@HZX-PC:/etc/mysql$ cd mysql.conf.d/
sslcheese@HZX-PC:/etc/mysql/mysql.conf.d$ pwd
/etc/mysql/mysql.conf.d
sslcheese@HZX-PC:/etc/mysql/mysql.conf.d$ ls
mysqld.cnf  mysqld.cnf.old  mysqld_safe_syslog.cnf
sslcheese@HZX-PC:/etc/mysql/mysql.conf.d$ sudo vim mysqld.cnf
sslcheese@HZX-PC:/etc/mysql/mysql.conf.d$ mysql -uroot -p
Enter password: 
Welcome to the MySQL monitor.  Commands end with ; or \g.
Your MySQL connection id is 14
Server version: 5.7.26-0ubuntu0.16.04.1 (Ubuntu)

Copyright (c) 2000, 2019, Oracle and/or its affiliates. All rights reserved.

Oracle is a registered trademark of Oracle Corporation and/or its
affiliates. Other names may be trademarks of their respective
owners.

Type 'help;' or '\h' for help. Type '\c' to clear the current input statement.

mysql> use mysql;
Reading table information for completion of table and column names
You can turn off this feature to get a quicker startup with -A

Database changed
mysql> select * from user where user='root';
+------+------+-------------+-------------+-------------+-------------+-------------+-----------+-------------+---------------+--------------+-----------+------------+-----------------+------------+------------+--------------+------------+-----------------------+------------------+--------------+-----------------+------------------+------------------+----------------+---------------------+--------------------+------------------+------------+--------------+------------------------+----------+------------+-------------+--------------+---------------+-------------+-----------------+----------------------+-----------------------+-------------------------------------------+------------------+-----------------------+-------------------+----------------+
| Host | User | Select_priv | Insert_priv | Update_priv | Delete_priv | Create_priv | Drop_priv | Reload_priv | Shutdown_priv | Process_priv | File_priv | Grant_priv | References_priv | Index_priv | Alter_priv | Show_db_priv | Super_priv | Create_tmp_table_priv | Lock_tables_priv | Execute_priv | Repl_slave_priv | Repl_client_priv | Create_view_priv | Show_view_priv | Create_routine_priv | Alter_routine_priv | Create_user_priv | Event_priv | Trigger_priv | Create_tablespace_priv | ssl_type | ssl_cipher | x509_issuer | x509_subject | max_questions | max_updates | max_connections | max_user_connections | plugin                | authentication_string                     | password_expired | password_last_changed | password_lifetime | account_locked |
+------+------+-------------+-------------+-------------+-------------+-------------+-----------+-------------+---------------+--------------+-----------+------------+-----------------+------------+------------+--------------+------------+-----------------------+------------------+--------------+-----------------+------------------+------------------+----------------+---------------------+--------------------+------------------+------------+--------------+------------------------+----------+------------+-------------+--------------+---------------+-------------+-----------------+----------------------+-----------------------+-------------------------------------------+------------------+-----------------------+-------------------+----------------+
| %    | root | Y           | Y           | Y           | Y           | Y           | Y         | Y           | Y             | Y            | Y         | Y          | Y               | Y          | Y          | Y            | Y          | Y                     | Y                | Y            | Y               | Y                | Y                | Y              | Y                   | Y                  | Y                | Y          | Y            | Y                      |          |            |             |              |             0 |           0 |               0 |                    0 | mysql_native_password | *23AE809DDACAF96AF0FD78ED04B6A265E05AA257 | N                | 2018-01-27 12:25:04   |              NULL | N              |
+------+------+-------------+-------------+-------------+-------------+-------------+-----------+-------------+---------------+--------------+-----------+------------+-----------------+------------+------------+--------------+------------+-----------------------+------------------+--------------+-----------------+------------------+------------------+----------------+---------------------+--------------------+------------------+------------+--------------+------------------------+----------+------------+-------------+--------------+---------------+-------------+-----------------+----------------------+-----------------------+-------------------------------------------+------------------+-----------------------+-------------------+----------------+
1 row in set (0.00 sec)

mysql> select * from user where user='root' \G;
*************************** 1. row ***************************
                  Host: %
                  User: root
           Select_priv: Y
           Insert_priv: Y
           Update_priv: Y
           Delete_priv: Y
           Create_priv: Y
             Drop_priv: Y
           Reload_priv: Y
         Shutdown_priv: Y
          Process_priv: Y
             File_priv: Y
            Grant_priv: Y
       References_priv: Y
            Index_priv: Y
            Alter_priv: Y
          Show_db_priv: Y
            Super_priv: Y
 Create_tmp_table_priv: Y
      Lock_tables_priv: Y
          Execute_priv: Y
       Repl_slave_priv: Y
      Repl_client_priv: Y
      Create_view_priv: Y
        Show_view_priv: Y
   Create_routine_priv: Y
    Alter_routine_priv: Y
      Create_user_priv: Y
            Event_priv: Y
          Trigger_priv: Y
Create_tablespace_priv: Y
              ssl_type: 
            ssl_cipher: 
           x509_issuer: 
          x509_subject: 
         max_questions: 0
           max_updates: 0
       max_connections: 0
  max_user_connections: 0
                plugin: mysql_native_password
 authentication_string: *23AE809DDACAF96AF0FD78ED04B6A265E05AA257
      password_expired: N
 password_last_changed: 2018-01-27 12:25:04
     password_lifetime: NULL
        account_locked: N
1 row in set (0.00 sec)

ERROR: 
No query specified

mysql> select sha1('123');
+------------------------------------------+
| sha1('123')                              |
+------------------------------------------+
| 40bd001563085fc35165329ea1ff5c5ecbdbbeef |
+------------------------------------------+
1 row in set (0.00 sec)

mysql> select sha('123');
+------------------------------------------+
| sha('123')                               |
+------------------------------------------+
| 40bd001563085fc35165329ea1ff5c5ecbdbbeef |
+------------------------------------------+
1 row in set (0.00 sec)

mysql> select md5('123');
+----------------------------------+
| md5('123')                       |
+----------------------------------+
| 202cb962ac59075b964b07152d234b70 |
+----------------------------------+
1 row in set (0.00 sec)

mysql> 
mysql> 
mysql> grant all privileges on *.* to 'python'@'%';
Query OK, 0 rows affected (0.00 sec)

mysql> quit
Bye
sslcheese@HZX-PC:/etc/mysql/mysql.conf.d$ mysql -upython -p
Enter password: 
Welcome to the MySQL monitor.  Commands end with ; or \g.
Your MySQL connection id is 15
Server version: 5.7.26-0ubuntu0.16.04.1 (Ubuntu)

Copyright (c) 2000, 2019, Oracle and/or its affiliates. All rights reserved.

Oracle is a registered trademark of Oracle Corporation and/or its
affiliates. Other names may be trademarks of their respective
owners.

Type 'help;' or '\h' for help. Type '\c' to clear the current input statement.

mysql> show databases;
+--------------------+
| Database           |
+--------------------+
| information_schema |
| bj1904             |
| bj19041            |
| homework           |
| mysql              |
| performance_schema |
| sys                |
+--------------------+
7 rows in set (0.00 sec)

mysql> quit
Bye
sslcheese@HZX-PC:/etc/mysql/mysql.conf.d$ mysql -uroot -p
Enter password: 
Welcome to the MySQL monitor.  Commands end with ; or \g.
Your MySQL connection id is 16
Server version: 5.7.26-0ubuntu0.16.04.1 (Ubuntu)

Copyright (c) 2000, 2019, Oracle and/or its affiliates. All rights reserved.

Oracle is a registered trademark of Oracle Corporation and/or its
affiliates. Other names may be trademarks of their respective
owners.

Type 'help;' or '\h' for help. Type '\c' to clear the current input statement.

mysql> revoke all on *.* from 'python'@'%';
Query OK, 0 rows affected (0.00 sec)

mysql> grant select   on homework.* to 'python'@'%';
Query OK, 0 rows affected (0.01 sec)

mysql> quit
Bye
sslcheese@HZX-PC:/etc/mysql/mysql.conf.d$ mysql -upython -p
Enter password: 
Welcome to the MySQL monitor.  Commands end with ; or \g.
Your MySQL connection id is 17
Server version: 5.7.26-0ubuntu0.16.04.1 (Ubuntu)

Copyright (c) 2000, 2019, Oracle and/or its affiliates. All rights reserved.

Oracle is a registered trademark of Oracle Corporation and/or its
affiliates. Other names may be trademarks of their respective
owners.

Type 'help;' or '\h' for help. Type '\c' to clear the current input statement.

mysql> show databases;
+--------------------+
| Database           |
+--------------------+
| information_schema |
| homework           |
+--------------------+
2 rows in set (0.01 sec)

mysql> use homework;
Reading table information for completion of table and column names
You can turn off this feature to get a quicker startup with -A

Database changed
mysql> show tables;
+--------------------+
| Tables_in_homework |
+--------------------+
| account            |
| course             |
| grade              |
| rank               |
| student            |
| teacher            |
+--------------------+
6 rows in set (0.00 sec)

mysql> insert into account(name,money) values('ddd',111);
ERROR 1142 (42000): INSERT command denied to user 'python'@'localhost' for table 'account'
mysql> quit
Bye
sslcheese@HZX-PC:/etc/mysql/mysql.conf.d$ mysql -uroot -p
Enter password: 
Welcome to the MySQL monitor.  Commands end with ; or \g.
Your MySQL connection id is 18
Server version: 5.7.26-0ubuntu0.16.04.1 (Ubuntu)

Copyright (c) 2000, 2019, Oracle and/or its affiliates. All rights reserved.

Oracle is a registered trademark of Oracle Corporation and/or its
affiliates. Other names may be trademarks of their respective
owners.

Type 'help;' or '\h' for help. Type '\c' to clear the current input statement.

mysql> use homework;
Reading table information for completion of table and column names
You can turn off this feature to get a quicker startup with -A

Database changed
mysql> show index from student;
+---------+------------+----------+--------------+-------------+-----------+-------------+----------+--------+------+------------+---------+---------------+
| Table   | Non_unique | Key_name | Seq_in_index | Column_name | Collation | Cardinality | Sub_part | Packed | Null | Index_type | Comment | Index_comment |
+---------+------------+----------+--------------+-------------+-----------+-------------+----------+--------+------+------------+---------+---------------+
| student |          0 | PRIMARY  |            1 | sno         | A         |           6 |     NULL | NULL   |      | BTREE      |         |               |
+---------+------------+----------+--------------+-------------+-----------+-------------+----------+--------+------+------------+---------+---------------+
1 row in set (0.00 sec)

mysql> show index from student \G;
*************************** 1. row ***************************
        Table: student
   Non_unique: 0
     Key_name: PRIMARY
 Seq_in_index: 1
  Column_name: sno
    Collation: A
  Cardinality: 6
     Sub_part: NULL
       Packed: NULL
         Null: 
   Index_type: BTREE
      Comment: 
Index_comment: 
1 row in set (0.01 sec)

ERROR: 
No query specified

mysql> desc student;
+-----------+------------+------+-----+---------+-------+
| Field     | Type       | Null | Key | Default | Extra |
+-----------+------------+------+-----+---------+-------+
| sno       | varchar(3) | NO   | PRI | NULL    |       |
| sname     | varchar(4) | NO   |     | NULL    |       |
| ssex      | varchar(2) | YES  |     | NULL    |       |
| sbirthday | datetime   | YES  |     | NULL    |       |
| class     | varchar(5) | NO   |     | NULL    |       |
| master    | varchar(3) | YES  |     | NULL    |       |
+-----------+------------+------+-----+---------+-------+
6 rows in set (0.00 sec)

mysql> create index index_class on student(class asc);
Query OK, 0 rows affected (0.06 sec)
Records: 0  Duplicates: 0  Warnings: 0

mysql> show index from student \G;
*************************** 1. row ***************************
        Table: student
   Non_unique: 0
     Key_name: PRIMARY
 Seq_in_index: 1
  Column_name: sno
    Collation: A
  Cardinality: 6
     Sub_part: NULL
       Packed: NULL
         Null: 
   Index_type: BTREE
      Comment: 
Index_comment: 
*************************** 2. row ***************************
        Table: student
   Non_unique: 1
     Key_name: index_class
 Seq_in_index: 1
  Column_name: class
    Collation: A
  Cardinality: 2
     Sub_part: NULL
       Packed: NULL
         Null: 
   Index_type: BTREE
      Comment: 
Index_comment: 
2 rows in set (0.00 sec)

ERROR: 
No query specified

mysql> select * from student where class='95031';
+-----+--------+------+---------------------+-------+--------+
| sno | sname  | ssex | sbirthday           | class | master |
+-----+--------+------+---------------------+-------+--------+
| 103 | 陆君   | 男   | 1974-06-03 00:00:00 | 95031 | 103    |
| 105 | 匡明   | 男   | 1975-10-02 00:00:00 | 95031 | 103    |
| 109 | 王芳   | 女   | 1975-02-10 00:00:00 | 95031 | 103    |
+-----+--------+------+---------------------+-------+--------+
3 rows in set (0.01 sec)

mysql> use mysql> 
mysql> show tables;
+--------------------+
| Tables_in_homework |
+--------------------+
| account            |
| course             |
| grade              |
| rank               |
| student            |
| teacher            |
+--------------------+
6 rows in set (0.00 sec)

mysql> select * from student;
+-----+--------+------+---------------------+-------+--------+
| sno | sname  | ssex | sbirthday           | class | master |
+-----+--------+------+---------------------+-------+--------+
| 101 | 李军   | 男   | 1976-02-20 00:00:00 | 95033 | 101    |
| 102 | 马六   | NULL | NULL                | 95033 | NULL   |
| 103 | 陆君   | 男   | 1974-06-03 00:00:00 | 95031 | 103    |
| 105 | 匡明   | 男   | 1975-10-02 00:00:00 | 95031 | 103    |
| 107 | 王丽   | 女   | 1976-01-23 00:00:00 | 95033 | 101    |
| 108 | 曾华   | 男   | 1977-09-01 00:00:00 | 95033 | 101    |
| 109 | 王芳   | 女   | 1975-02-10 00:00:00 | 95031 | 103    |
+-----+--------+------+---------------------+-------+--------+
7 rows in set (0.00 sec)

mysql> select * from grade;
+-----+-------+--------+
| sno | cno   | degree |
+-----+-------+--------+
| 101 | 3-105 |     64 |
| 101 | 3-245 |     92 |
| 101 | 6-166 |     85 |
| 103 | 3-105 |     92 |
| 103 | 3-245 |     86 |
| 105 | 3-105 |     88 |
| 105 | 3-245 |     75 |
| 107 | 3-105 |     91 |
| 107 | 6-106 |     79 |
| 108 | 3-105 |     78 |
| 109 | 3-105 |     76 |
| 109 | 3-245 |     68 |
+-----+-------+--------+
12 rows in set (0.00 sec)

mysql> insert into grade values('333',444',90);
    '> ;
    '> ^C

^C
mysql> insert into grade values('333','444',90);
Query OK, 1 row affected (0.01 sec)

mysql> select * from grade;
+-----+-------+--------+
| sno | cno   | degree |
+-----+-------+--------+
| 101 | 3-105 |     64 |
| 101 | 3-245 |     92 |
| 101 | 6-166 |     85 |
| 103 | 3-105 |     92 |
| 103 | 3-245 |     86 |
| 105 | 3-105 |     88 |
| 105 | 3-245 |     75 |
| 107 | 3-105 |     91 |
| 107 | 6-106 |     79 |
| 108 | 3-105 |     78 |
| 109 | 3-105 |     76 |
| 109 | 3-245 |     68 |
| 333 | 444   |     90 |
+-----+-------+--------+
13 rows in set (0.00 sec)

mysql> delete from grade where sno='333';
Query OK, 1 row affected (0.09 sec)

mysql> alter table grade add constraint fk_grade_student_sno foreign key(sno) references student(sno) on delete cascade;
Query OK, 12 rows affected (0.49 sec)
Records: 12  Duplicates: 0  Warnings: 0

mysql> insert into grade values('333','444',90);
ERROR 1452 (23000): Cannot add or update a child row: a foreign key constraint fails (`homework`.`grade`, CONSTRAINT `fk_grade_student_sno` FOREIGN KEY (`sno`) REFERENCES `student` (`sno`) ON DELETE CASCADE)
mysql> insert into grade values(null,'444',90);
ERROR 1048 (23000): Column 'sno' cannot be null
mysql> insert into grade values('102','3-245',90);
Query OK, 1 row affected (0.01 sec)

mysql> select * from student;
+-----+--------+------+---------------------+-------+--------+
| sno | sname  | ssex | sbirthday           | class | master |
+-----+--------+------+---------------------+-------+--------+
| 101 | 李军   | 男   | 1976-02-20 00:00:00 | 95033 | 101    |
| 102 | 马六   | NULL | NULL                | 95033 | NULL   |
| 103 | 陆君   | 男   | 1974-06-03 00:00:00 | 95031 | 103    |
| 105 | 匡明   | 男   | 1975-10-02 00:00:00 | 95031 | 103    |
| 107 | 王丽   | 女   | 1976-01-23 00:00:00 | 95033 | 101    |
| 108 | 曾华   | 男   | 1977-09-01 00:00:00 | 95033 | 101    |
| 109 | 王芳   | 女   | 1975-02-10 00:00:00 | 95031 | 103    |
+-----+--------+------+---------------------+-------+--------+
7 rows in set (0.00 sec)

mysql> select * from grade;
+-----+-------+--------+
| sno | cno   | degree |
+-----+-------+--------+
| 101 | 3-105 |     64 |
| 101 | 3-245 |     92 |
| 101 | 6-166 |     85 |
| 102 | 3-245 |     90 |
| 103 | 3-105 |     92 |
| 103 | 3-245 |     86 |
| 105 | 3-105 |     88 |
| 105 | 3-245 |     75 |
| 107 | 3-105 |     91 |
| 107 | 6-106 |     79 |
| 108 | 3-105 |     78 |
| 109 | 3-105 |     76 |
| 109 | 3-245 |     68 |
+-----+-------+--------+
13 rows in set (0.00 sec)

mysql> delete from student where sno='102';
Query OK, 1 row affected (0.01 sec)

mysql> select * from grade;
+-----+-------+--------+
| sno | cno   | degree |
+-----+-------+--------+
| 101 | 3-105 |     64 |
| 101 | 3-245 |     92 |
| 101 | 6-166 |     85 |
| 103 | 3-105 |     92 |
| 103 | 3-245 |     86 |
| 105 | 3-105 |     88 |
| 105 | 3-245 |     75 |
| 107 | 3-105 |     91 |
| 107 | 6-106 |     79 |
| 108 | 3-105 |     78 |
| 109 | 3-105 |     76 |
| 109 | 3-245 |     68 |
+-----+-------+--------+
12 rows in set (0.00 sec)

mysql> select *  from course c join teacher t on c.tno = t.tno;
+-------+-----------------+-----+-----+--------+------+---------------------+-----------+-----------------+
| cno   | cname           | tno | tno | tname  | tsex | tbirthday           | prof      | depart          |
+-------+-----------------+-----+-----+--------+------+---------------------+-----------+-----------------+
| 3-245 | 操作系统        | 804 | 804 | 李诚   | 男   | 1958-12-02 00:00:00 | 副教授    | 计算机系        |
| 3-105 | 计算机导论      | 825 | 825 | 王萍   | 女   | 1972-05-05 00:00:00 | 助教      | 计算机系        |
| 6-166 | 数据电路        | 856 | 856 | 张旭   | 男   | 1969-03-12 00:00:00 | 讲师      | 电子工程系      |
+-------+-----------------+-----+-----+--------+------+---------------------+-----------+-----------------+
3 rows in set (0.00 sec)

mysql> select *  from course c join teacher t on c.tno = t.tno join grade g on g.cno = c.cno;
+-------+-----------------+-----+-----+--------+------+---------------------+-----------+-----------------+-----+-------+--------+
| cno   | cname           | tno | tno | tname  | tsex | tbirthday           | prof      | depart          | sno | cno   | degree |
+-------+-----------------+-----+-----+--------+------+---------------------+-----------+-----------------+-----+-------+--------+
| 3-105 | 计算机导论      | 825 | 825 | 王萍   | 女   | 1972-05-05 00:00:00 | 助教      | 计算机系        | 101 | 3-105 |     64 |
| 3-245 | 操作系统        | 804 | 804 | 李诚   | 男   | 1958-12-02 00:00:00 | 副教授    | 计算机系        | 101 | 3-245 |     92 |
| 6-166 | 数据电路        | 856 | 856 | 张旭   | 男   | 1969-03-12 00:00:00 | 讲师      | 电子工程系      | 101 | 6-166 |     85 |
| 3-105 | 计算机导论      | 825 | 825 | 王萍   | 女   | 1972-05-05 00:00:00 | 助教      | 计算机系        | 103 | 3-105 |     92 |
| 3-245 | 操作系统        | 804 | 804 | 李诚   | 男   | 1958-12-02 00:00:00 | 副教授    | 计算机系        | 103 | 3-245 |     86 |
| 3-105 | 计算机导论      | 825 | 825 | 王萍   | 女   | 1972-05-05 00:00:00 | 助教      | 计算机系        | 105 | 3-105 |     88 |
| 3-245 | 操作系统        | 804 | 804 | 李诚   | 男   | 1958-12-02 00:00:00 | 副教授    | 计算机系        | 105 | 3-245 |     75 |
| 3-105 | 计算机导论      | 825 | 825 | 王萍   | 女   | 1972-05-05 00:00:00 | 助教      | 计算机系        | 107 | 3-105 |     91 |
| 3-105 | 计算机导论      | 825 | 825 | 王萍   | 女   | 1972-05-05 00:00:00 | 助教      | 计算机系        | 108 | 3-105 |     78 |
| 3-105 | 计算机导论      | 825 | 825 | 王萍   | 女   | 1972-05-05 00:00:00 | 助教      | 计算机系        | 109 | 3-105 |     76 |
| 3-245 | 操作系统        | 804 | 804 | 李诚   | 男   | 1958-12-02 00:00:00 | 副教授    | 计算机系        | 109 | 3-245 |     68 |
+-------+-----------------+-----+-----+--------+------+---------------------+-----------+-----------------+-----+-------+--------+
11 rows in set (0.00 sec)

mysql> create view v_ctg as select *  from course c join teacher t on c.tno = t.tno join grade g on g.cno = c.cno;
ERROR 1060 (42S21): Duplicate column name 'tno'
mysql> create view v_ctg as select c.*,t.tname,t.tsex,prof,depart,tbirthday,degree,sno  from course c join teacher t on c.tno = t.tno join grade g on g.cno = c.cno;
Query OK, 0 rows affected (0.08 sec)

mysql> show tables;
+--------------------+
| Tables_in_homework |
+--------------------+
| account            |
| course             |
| grade              |
| rank               |
| student            |
| teacher            |
| v_ctg              |
+--------------------+
7 rows in set (0.00 sec)

mysql> select * from v_ctg;
+-------+-----------------+-----+--------+------+-----------+-----------------+---------------------+--------+-----+
| cno   | cname           | tno | tname  | tsex | prof      | depart          | tbirthday           | degree | sno |
+-------+-----------------+-----+--------+------+-----------+-----------------+---------------------+--------+-----+
| 3-105 | 计算机导论      | 825 | 王萍   | 女   | 助教      | 计算机系        | 1972-05-05 00:00:00 |     64 | 101 |
| 3-245 | 操作系统        | 804 | 李诚   | 男   | 副教授    | 计算机系        | 1958-12-02 00:00:00 |     92 | 101 |
| 6-166 | 数据电路        | 856 | 张旭   | 男   | 讲师      | 电子工程系      | 1969-03-12 00:00:00 |     85 | 101 |
| 3-105 | 计算机导论      | 825 | 王萍   | 女   | 助教      | 计算机系        | 1972-05-05 00:00:00 |     92 | 103 |
| 3-245 | 操作系统        | 804 | 李诚   | 男   | 副教授    | 计算机系        | 1958-12-02 00:00:00 |     86 | 103 |
| 3-105 | 计算机导论      | 825 | 王萍   | 女   | 助教      | 计算机系        | 1972-05-05 00:00:00 |     88 | 105 |
| 3-245 | 操作系统        | 804 | 李诚   | 男   | 副教授    | 计算机系        | 1958-12-02 00:00:00 |     75 | 105 |
| 3-105 | 计算机导论      | 825 | 王萍   | 女   | 助教      | 计算机系        | 1972-05-05 00:00:00 |     91 | 107 |
| 3-105 | 计算机导论      | 825 | 王萍   | 女   | 助教      | 计算机系        | 1972-05-05 00:00:00 |     78 | 108 |
| 3-105 | 计算机导论      | 825 | 王萍   | 女   | 助教      | 计算机系        | 1972-05-05 00:00:00 |     76 | 109 |
| 3-245 | 操作系统        | 804 | 李诚   | 男   | 副教授    | 计算机系        | 1958-12-02 00:00:00 |     68 | 109 |
+-------+-----------------+-----+--------+------+-----------+-----------------+---------------------+--------+-----+
11 rows in set (0.08 sec)

mysql> select * from v_ctg where tname='张旭';
+-------+--------------+-----+--------+------+--------+-----------------+---------------------+--------+-----+
| cno   | cname        | tno | tname  | tsex | prof   | depart          | tbirthday           | degree | sno |
+-------+--------------+-----+--------+------+--------+-----------------+---------------------+--------+-----+
| 6-166 | 数据电路     | 856 | 张旭   | 男   | 讲师   | 电子工程系      | 1969-03-12 00:00:00 |     85 | 101 |
+-------+--------------+-----+--------+------+--------+-----------------+---------------------+--------+-----+
1 row in set (0.00 sec)

mysql> create view(name,sex) as select sname,ssex from student;
ERROR 1064 (42000): You have an error in your SQL syntax; check the manual that corresponds to your MySQL server version for the right syntax to use near '(name,sex) as select sname,ssex from student' at line 1
mysql> create view v_student(name,sex) as select sname,ssex from student;
Query OK, 0 rows affected (0.01 sec)

mysql> desc v_student;
+-------+------------+------+-----+---------+-------+
| Field | Type       | Null | Key | Default | Extra |
+-------+------------+------+-----+---------+-------+
| name  | varchar(4) | NO   |     | NULL    |       |
| sex   | varchar(2) | YES  |     | NULL    |       |
+-------+------------+------+-----+---------+-------+
2 rows in set (0.08 sec)

mysql> select * from v_student;
+--------+------+
| name   | sex  |
+--------+------+
| 李军   | 男   |
| 陆君   | 男   |
| 匡明   | 男   |
| 王丽   | 女   |
| 曾华   | 男   |
| 王芳   | 女   |
+--------+------+
6 rows in set (0.01 sec)

mysql> quit
Bye
sslcheese@HZX-PC:/etc/mysql/mysql.conf.d$ mysqldump -uroot -p homework > ~/1.sql
Enter password: 
sslcheese@HZX-PC:/etc/mysql/mysql.conf.d$ cd 
sslcheese@HZX-PC:~$ vim 1.sql 
sslcheese@HZX-PC:~$ exit
exit
$ 

